2016-11-06 17:40:53,684 p=13927 u=administrator |  statically included: /home/administrator/Documents/ansible/new/roles/desktop/tasks/lubuntu.yml
2016-11-06 17:40:53,700 p=13927 u=administrator |  statically included: /home/administrator/Documents/ansible/new/roles/desktop/tasks/lookandfeel.yml
2016-11-06 17:40:53,745 p=13927 u=administrator |  PLAY [vbox-srv] ****************************************************************
2016-11-06 17:40:53,850 p=13927 u=administrator |  TASK [setup] *******************************************************************
2016-11-06 17:40:55,713 p=13927 u=administrator |  ok: [vbox-srv]
2016-11-06 17:40:55,725 p=13927 u=administrator |  TASK [common : refresh the mirrors] ********************************************
2016-11-06 17:40:58,400 p=13927 u=administrator |  ok: [vbox-srv]
2016-11-06 17:40:58,407 p=13927 u=administrator |  TASK [common : install aptitude] ***********************************************
2016-11-06 17:41:00,121 p=13927 u=administrator |  ok: [vbox-srv]
2016-11-06 17:41:00,129 p=13927 u=administrator |  TASK [common : install apt-add-repository] *************************************
2016-11-06 17:41:01,840 p=13927 u=administrator |  ok: [vbox-srv]
2016-11-06 17:41:01,848 p=13927 u=administrator |  TASK [common : Set up ansible/cttb-os authorized_key] **************************
2016-11-06 17:41:03,263 p=13927 u=administrator |  ok: [vbox-srv] => (item=ssh-rsa AAAAB3NzaC1yc2EAAAADAQABAAACAQDYi3OOvRQAJnIZk+nTH15aJs0AOVSLaSN6TH+zrdyaRGk6XwrbvLoCiyGOveOt4TcwmOzgyrXg9p1Vy0gcd2pjN+fDbO07ftwPGtuSfbvShvnwYaRPzF1IcBEBMeml/e05Naw8Q0KhZbuGXnCHvEDM2QArw9qD/a77kEV9vxrhJaOUOFkdVx1gsU/dAjQikZzD+Sag7JhtSYIpZupA+YbD1K0dRYUdE9dm3yTUUFmWM3nCCpj8kpU+TWjFeG2M4ilWym7Y81tk3CgI3vzRZRkA395IZlpP1FKNjAlNsit8YuldRvgrYXjPH3TcM1XkLFL4k6EJTjwsM5oWC4o9TriFJRTN75MxGgs72tZcgwlN2W+qkGAGAAYMvSqCBPIXuVCp+3ixuECgnJ3pYq48x8J5DmTn6i93Q9eAv7Xj8B9shts8MlrwGzMBHqjEu/CFfJAHtsLmJ34vvfM0kTFp6Du/K7WnYAuBvB4agMSMBAKy3+9ij5r1+hOxEv7rPkJvlFTECYLvEmNGXOSthuKLEHarlAH21YB1+aP5GwdrypLlYifXYXbQyf/nc/sebyleA3yHs99OLxxW3SCFOqvWxRH7kV/i56Ei8JFxAASauQMy/jXT/FgnIKYae46c7ZJ9jTgfsrhZ1OSQ9oUqzyAS3ugUa5QW3uMEpfnXVxt/EnwnOw== ansible@cttb.us)
2016-11-06 17:41:03,273 p=13927 u=administrator |  TASK [common : install ntpd] ***************************************************
2016-11-06 17:41:03,316 p=13927 u=administrator |  skipping: [vbox-srv]
2016-11-06 17:41:03,326 p=13927 u=administrator |  TASK [common : enable ntp service] *********************************************
2016-11-06 17:41:03,370 p=13927 u=administrator |  skipping: [vbox-srv]
2016-11-06 17:41:03,378 p=13927 u=administrator |  TASK [common : ensure ntp is running] ******************************************
2016-11-06 17:41:03,421 p=13927 u=administrator |  skipping: [vbox-srv]
2016-11-06 17:41:03,429 p=13927 u=administrator |  TASK [common : remove net udev rule] *******************************************
2016-11-06 17:41:03,466 p=13927 u=administrator |  skipping: [vbox-srv]
2016-11-06 17:41:03,474 p=13927 u=administrator |  TASK [common : set hostname] ***************************************************
2016-11-06 17:41:04,837 p=13927 u=administrator |  ok: [vbox-srv]
2016-11-06 17:41:04,844 p=13927 u=administrator |  TASK [common : fix /etc/hosts] *************************************************
2016-11-06 17:41:06,191 p=13927 u=administrator |  ok: [vbox-srv]
2016-11-06 17:41:06,199 p=13927 u=administrator |  TASK [common : fix 127.0.1.1] **************************************************
2016-11-06 17:41:07,439 p=13927 u=administrator |  ok: [vbox-srv]
2016-11-06 17:41:07,447 p=13927 u=administrator |  TASK [common : add ansible repo key] *******************************************
2016-11-06 17:41:08,960 p=13927 u=administrator |  ok: [vbox-srv]
2016-11-06 17:41:08,968 p=13927 u=administrator |  TASK [common : add ansible repo mirror] ****************************************
2016-11-06 17:41:10,432 p=13927 u=administrator |  ok: [vbox-srv]
2016-11-06 17:41:10,440 p=13927 u=administrator |  TASK [common : install basic software] *****************************************
2016-11-06 17:41:12,219 p=13927 u=administrator |  ok: [vbox-srv] => (item=[u'ansible', u'byobu', u'collectd', u'curl', u'iperf', u'git', u'obnam', u'traceroute', u'unattended-upgrades', u'vim', u'whois'])
2016-11-06 17:41:12,230 p=13927 u=administrator |  TASK [common : vim saner defaults] *********************************************
2016-11-06 17:41:14,929 p=13927 u=administrator |  ok: [vbox-srv]
2016-11-06 17:41:14,939 p=13927 u=administrator |  TASK [common : vim saner defaults for administrator] ***************************
2016-11-06 17:41:17,399 p=13927 u=administrator |  ok: [vbox-srv]
2016-11-06 17:41:17,407 p=13927 u=administrator |  TASK [desktop : fix network interfaces] ****************************************
2016-11-06 17:41:19,883 p=13927 u=administrator |  ok: [vbox-srv]
2016-11-06 17:41:19,892 p=13927 u=administrator |  TASK [desktop : install lubuntu] ***********************************************
2016-11-06 17:41:21,681 p=13927 u=administrator |  ok: [vbox-srv] => (item=[u'lubuntu-core', u'desktop-file-utils', u'dmz-cursor-theme', u'evince', u'file-roller', u'galculator', u'indicator-application', u'indicator-application-gtk2', u'leafpad', u'light-locker', u'light-locker-settings', u'lightdm-gtk-greeter-settings', u'lubuntu-default-session', u'lxappearance', u'lxappearance-obconf', u'lxinput', u'lxlauncher', u'lxpanel-indicator-applet-plugin', u'lxrandr', u'lxsession-default-apps', u'lxsession-logout', u'lxshortcut', u'lxtask', u'lxterminal', u'obconf', u'pm-utils', u'scrot', u'simple-scan', u'xdg-user-dirs', u'xfce4-power-manager', u'xz-utils'])
2016-11-06 17:41:21,699 p=13927 u=administrator |  TASK [desktop : configure lightdm] *********************************************
2016-11-06 17:41:25,987 p=13927 u=administrator |  ok: [vbox-srv]
2016-11-06 17:41:25,996 p=13927 u=administrator |  TASK [desktop : configure pcmanfm main] ****************************************
2016-11-06 17:41:28,495 p=13927 u=administrator |  ok: [vbox-srv]
2016-11-06 17:41:28,504 p=13927 u=administrator |  TASK [desktop : setup default account files] ***********************************
2016-11-06 17:41:34,838 p=13927 u=administrator |  ok: [vbox-srv]
2016-11-06 17:41:34,846 p=13927 u=administrator |  TASK [desktop : copy lightdm avatar image] *************************************
2016-11-06 17:41:37,414 p=13927 u=administrator |  ok: [vbox-srv]
2016-11-06 17:41:37,423 p=13927 u=administrator |  TASK [desktop : deploy image background] ***************************************
2016-11-06 17:41:39,922 p=13927 u=administrator |  ok: [vbox-srv]
2016-11-06 17:41:39,931 p=13927 u=administrator |  TASK [desktop : add noobslab mirror key] ***************************************
2016-11-06 17:41:42,131 p=13927 u=administrator |  changed: [vbox-srv]
2016-11-06 17:41:42,139 p=13927 u=administrator |  TASK [desktop : Add noobslab icon repository] **********************************
2016-11-06 17:41:46,548 p=13927 u=administrator |  changed: [vbox-srv]
2016-11-06 17:41:46,556 p=13927 u=administrator |  TASK [desktop : Add noobslab theme repository] *********************************
2016-11-06 17:41:51,524 p=13927 u=administrator |  changed: [vbox-srv]
2016-11-06 17:41:51,532 p=13927 u=administrator |  TASK [desktop : install noobs icons] *******************************************
2016-11-06 17:42:18,716 p=13927 u=administrator |  changed: [vbox-srv] => (item=[u'super-flat-remix-icons', u'vertex-icons', u'arc-icons'])
2016-11-06 17:42:18,739 p=13927 u=administrator |  TASK [desktop : install windos10 icons] ****************************************
2016-11-06 17:42:20,361 p=13927 u=administrator |  fatal: [vbox-srv]: FAILED! => {"failed": true, "msg": "file or module does not exist: /home/administrator/Documents/ansible/new/plays/http:/theoverseer.cttb/ansible_assets/windos10-icons-custom.tar.gz"}
2016-11-06 17:42:20,367 p=13927 u=administrator |  NO MORE HOSTS LEFT *************************************************************
2016-11-06 17:42:20,368 p=13927 u=administrator |  PLAY RECAP *********************************************************************
2016-11-06 17:42:20,368 p=13927 u=administrator |  vbox-srv                   : ok=24   changed=4    unreachable=0    failed=1   
