2016-11-16 16:28:40,597 p=7667 u=administrator |  PLAY [vbox-pxe] ****************************************************************
2016-11-16 16:28:40,626 p=7667 u=administrator |  TASK [setup] *******************************************************************
2016-11-16 16:28:40,626 p=7667 u=administrator |  Wednesday 16 November 2016  16:28:40 -0800 (0:00:00.032)       0:00:00.032 **** 
2016-11-16 16:28:42,576 p=7667 u=administrator |  ok: [vbox-pxe]
2016-11-16 16:28:42,586 p=7667 u=administrator |  TASK [common : custom apt sources.list] ****************************************
2016-11-16 16:28:42,587 p=7667 u=administrator |  Wednesday 16 November 2016  16:28:42 -0800 (0:00:01.960)       0:00:01.993 **** 
2016-11-16 16:28:46,000 p=7667 u=administrator |  changed: [vbox-pxe]
2016-11-16 16:28:46,004 p=7667 u=administrator |  TASK [common : refresh the mirrors] ********************************************
2016-11-16 16:28:46,005 p=7667 u=administrator |  Wednesday 16 November 2016  16:28:46 -0800 (0:00:03.417)       0:00:05.411 **** 
2016-11-16 16:28:53,074 p=7667 u=administrator |  changed: [vbox-pxe]
2016-11-16 16:28:53,078 p=7667 u=administrator |  TASK [common : install aptitude] ***********************************************
2016-11-16 16:28:53,078 p=7667 u=administrator |  Wednesday 16 November 2016  16:28:53 -0800 (0:00:07.073)       0:00:12.484 **** 
2016-11-16 16:29:05,464 p=7667 u=administrator |  changed: [vbox-pxe]
2016-11-16 16:29:05,467 p=7667 u=administrator |  TASK [common : install apt-add-repository] *************************************
2016-11-16 16:29:05,467 p=7667 u=administrator |  Wednesday 16 November 2016  16:29:05 -0800 (0:00:12.388)       0:00:24.873 **** 
2016-11-16 16:29:11,799 p=7667 u=administrator |  changed: [vbox-pxe]
2016-11-16 16:29:11,803 p=7667 u=administrator |  TASK [common : Set up ansible/cttb-os authorized_key] **************************
2016-11-16 16:29:11,804 p=7667 u=administrator |  Wednesday 16 November 2016  16:29:11 -0800 (0:00:06.336)       0:00:31.210 **** 
2016-11-16 16:29:13,284 p=7667 u=administrator |  ok: [vbox-pxe] => (item=ssh-rsa AAAAB3NzaC1yc2EAAAADAQABAAACAQDYi3OOvRQAJnIZk+nTH15aJs0AOVSLaSN6TH+zrdyaRGk6XwrbvLoCiyGOveOt4TcwmOzgyrXg9p1Vy0gcd2pjN+fDbO07ftwPGtuSfbvShvnwYaRPzF1IcBEBMeml/e05Naw8Q0KhZbuGXnCHvEDM2QArw9qD/a77kEV9vxrhJaOUOFkdVx1gsU/dAjQikZzD+Sag7JhtSYIpZupA+YbD1K0dRYUdE9dm3yTUUFmWM3nCCpj8kpU+TWjFeG2M4ilWym7Y81tk3CgI3vzRZRkA395IZlpP1FKNjAlNsit8YuldRvgrYXjPH3TcM1XkLFL4k6EJTjwsM5oWC4o9TriFJRTN75MxGgs72tZcgwlN2W+qkGAGAAYMvSqCBPIXuVCp+3ixuECgnJ3pYq48x8J5DmTn6i93Q9eAv7Xj8B9shts8MlrwGzMBHqjEu/CFfJAHtsLmJ34vvfM0kTFp6Du/K7WnYAuBvB4agMSMBAKy3+9ij5r1+hOxEv7rPkJvlFTECYLvEmNGXOSthuKLEHarlAH21YB1+aP5GwdrypLlYifXYXbQyf/nc/sebyleA3yHs99OLxxW3SCFOqvWxRH7kV/i56Ei8JFxAASauQMy/jXT/FgnIKYae46c7ZJ9jTgfsrhZ1OSQ9oUqzyAS3ugUa5QW3uMEpfnXVxt/EnwnOw== ansible@cttb.us)
2016-11-16 16:29:13,289 p=7667 u=administrator |  TASK [common : install ntpd] ***************************************************
2016-11-16 16:29:13,290 p=7667 u=administrator |  Wednesday 16 November 2016  16:29:13 -0800 (0:00:01.486)       0:00:32.696 **** 
2016-11-16 16:29:13,315 p=7667 u=administrator |  skipping: [vbox-pxe]
2016-11-16 16:29:13,317 p=7667 u=administrator |  TASK [common : enable ntp service] *********************************************
2016-11-16 16:29:13,317 p=7667 u=administrator |  Wednesday 16 November 2016  16:29:13 -0800 (0:00:00.027)       0:00:32.723 **** 
2016-11-16 16:29:13,340 p=7667 u=administrator |  skipping: [vbox-pxe]
2016-11-16 16:29:13,342 p=7667 u=administrator |  TASK [common : ensure ntp is running] ******************************************
2016-11-16 16:29:13,342 p=7667 u=administrator |  Wednesday 16 November 2016  16:29:13 -0800 (0:00:00.024)       0:00:32.748 **** 
2016-11-16 16:29:13,369 p=7667 u=administrator |  skipping: [vbox-pxe]
2016-11-16 16:29:13,371 p=7667 u=administrator |  TASK [common : remove net udev rule] *******************************************
2016-11-16 16:29:13,371 p=7667 u=administrator |  Wednesday 16 November 2016  16:29:13 -0800 (0:00:00.028)       0:00:32.777 **** 
2016-11-16 16:29:13,397 p=7667 u=administrator |  skipping: [vbox-pxe]
2016-11-16 16:29:13,400 p=7667 u=administrator |  TASK [common : set hostname] ***************************************************
2016-11-16 16:29:13,401 p=7667 u=administrator |  Wednesday 16 November 2016  16:29:13 -0800 (0:00:00.029)       0:00:32.806 **** 
2016-11-16 16:29:15,189 p=7667 u=administrator |  ok: [vbox-pxe]
2016-11-16 16:29:15,193 p=7667 u=administrator |  TASK [common : fix /etc/hosts] *************************************************
2016-11-16 16:29:15,194 p=7667 u=administrator |  Wednesday 16 November 2016  16:29:15 -0800 (0:00:01.792)       0:00:34.599 **** 
2016-11-16 16:29:16,622 p=7667 u=administrator |  ok: [vbox-pxe]
2016-11-16 16:29:16,625 p=7667 u=administrator |  TASK [common : fix 127.0.1.1] **************************************************
2016-11-16 16:29:16,625 p=7667 u=administrator |  Wednesday 16 November 2016  16:29:16 -0800 (0:00:01.431)       0:00:36.031 **** 
2016-11-16 16:29:17,929 p=7667 u=administrator |  changed: [vbox-pxe]
2016-11-16 16:29:17,934 p=7667 u=administrator |  TASK [common : add ansible repo key] *******************************************
2016-11-16 16:29:17,934 p=7667 u=administrator |  Wednesday 16 November 2016  16:29:17 -0800 (0:00:01.308)       0:00:37.340 **** 
2016-11-16 16:29:20,320 p=7667 u=administrator |  changed: [vbox-pxe]
2016-11-16 16:29:20,325 p=7667 u=administrator |  TASK [common : add ansible repo mirror] ****************************************
2016-11-16 16:29:20,325 p=7667 u=administrator |  Wednesday 16 November 2016  16:29:20 -0800 (0:00:02.391)       0:00:39.731 **** 
2016-11-16 16:29:24,813 p=7667 u=administrator |  changed: [vbox-pxe]
2016-11-16 16:29:24,815 p=7667 u=administrator |  TASK [common : install basic software] *****************************************
2016-11-16 16:29:24,816 p=7667 u=administrator |  Wednesday 16 November 2016  16:29:24 -0800 (0:00:04.490)       0:00:44.222 **** 
2016-11-16 16:30:13,364 p=7667 u=administrator |  changed: [vbox-pxe] => (item=[u'ansible', u'byobu', u'collectd', u'curl', u'iperf', u'git', u'obnam', u'traceroute', u'unattended-upgrades', u'vim', u'whois'])
2016-11-16 16:30:13,368 p=7667 u=administrator |  TASK [common : enable unattended upgrades] *************************************
2016-11-16 16:30:13,368 p=7667 u=administrator |  Wednesday 16 November 2016  16:30:13 -0800 (0:00:48.552)       0:01:32.774 **** 
2016-11-16 16:30:16,562 p=7667 u=administrator |  changed: [vbox-pxe]
2016-11-16 16:30:16,567 p=7667 u=administrator |  TASK [common : vim saner defaults] *********************************************
2016-11-16 16:30:16,567 p=7667 u=administrator |  Wednesday 16 November 2016  16:30:16 -0800 (0:00:03.198)       0:01:35.973 **** 
2016-11-16 16:30:19,769 p=7667 u=administrator |  changed: [vbox-pxe]
2016-11-16 16:30:19,774 p=7667 u=administrator |  TASK [common : vim saner defaults for administrator] ***************************
2016-11-16 16:30:19,774 p=7667 u=administrator |  Wednesday 16 November 2016  16:30:19 -0800 (0:00:03.206)       0:01:39.180 **** 
2016-11-16 16:30:22,971 p=7667 u=administrator |  changed: [vbox-pxe]
2016-11-16 16:30:22,974 p=7667 u=administrator |  PLAY RECAP *********************************************************************
2016-11-16 16:30:22,975 p=7667 u=administrator |  vbox-pxe                   : ok=15   changed=11   unreachable=0    failed=0   
2016-11-16 16:30:22,975 p=7667 u=administrator |  Wednesday 16 November 2016  16:30:22 -0800 (0:00:03.201)       0:01:42.381 **** 
2016-11-16 16:30:22,975 p=7667 u=administrator |  =============================================================================== 
2016-11-16 16:30:22,976 p=7667 u=administrator |  common : install basic software ---------------------------------------- 48.55s
2016-11-16 16:30:22,976 p=7667 u=administrator |  common : install aptitude ---------------------------------------------- 12.39s
2016-11-16 16:30:22,976 p=7667 u=administrator |  common : refresh the mirrors -------------------------------------------- 7.07s
2016-11-16 16:30:22,977 p=7667 u=administrator |  common : install apt-add-repository ------------------------------------- 6.34s
2016-11-16 16:30:22,977 p=7667 u=administrator |  common : add ansible repo mirror ---------------------------------------- 4.49s
2016-11-16 16:30:22,977 p=7667 u=administrator |  common : custom apt sources.list ---------------------------------------- 3.42s
2016-11-16 16:30:22,977 p=7667 u=administrator |  common : vim saner defaults --------------------------------------------- 3.21s
2016-11-16 16:30:22,978 p=7667 u=administrator |  common : vim saner defaults for administrator --------------------------- 3.20s
2016-11-16 16:30:22,978 p=7667 u=administrator |  common : enable unattended upgrades ------------------------------------- 3.20s
2016-11-16 16:30:22,978 p=7667 u=administrator |  common : add ansible repo key ------------------------------------------- 2.39s
2016-11-16 16:30:22,978 p=7667 u=administrator |  setup ------------------------------------------------------------------- 1.96s
2016-11-16 16:30:22,978 p=7667 u=administrator |  common : set hostname --------------------------------------------------- 1.79s
2016-11-16 16:30:22,978 p=7667 u=administrator |  common : Set up ansible/cttb-os authorized_key -------------------------- 1.49s
2016-11-16 16:30:22,978 p=7667 u=administrator |  common : fix /etc/hosts ------------------------------------------------- 1.43s
2016-11-16 16:30:22,978 p=7667 u=administrator |  common : fix 127.0.1.1 -------------------------------------------------- 1.31s
2016-11-16 16:30:22,978 p=7667 u=administrator |  common : remove net udev rule ------------------------------------------- 0.03s
2016-11-16 16:30:22,979 p=7667 u=administrator |  common : ensure ntp is running ------------------------------------------ 0.03s
2016-11-16 16:30:22,979 p=7667 u=administrator |  common : install ntpd --------------------------------------------------- 0.03s
2016-11-16 16:30:22,979 p=7667 u=administrator |  common : enable ntp service --------------------------------------------- 0.02s
