2016-11-08 11:10:16,732 p=20332 u=administrator |  PLAY [vbox-srv] ****************************************************************
2016-11-08 11:10:16,778 p=20332 u=administrator |  TASK [setup] *******************************************************************
2016-11-08 11:10:16,778 p=20332 u=administrator |  Tuesday 08 November 2016  11:10:16 -0800 (0:00:00.049)       0:00:00.049 ****** 
2016-11-08 11:10:18,926 p=20332 u=administrator |  ok: [vbox-srv]
2016-11-08 11:10:19,270 p=20332 u=administrator |  TASK [common : refresh the mirrors] ********************************************
2016-11-08 11:10:19,270 p=20332 u=administrator |  Tuesday 08 November 2016  11:10:19 -0800 (0:00:02.491)       0:00:02.541 ****** 
2016-11-08 11:10:23,522 p=20332 u=administrator |  changed: [vbox-srv]
2016-11-08 11:10:23,526 p=20332 u=administrator |  TASK [common : install aptitude] ***********************************************
2016-11-08 11:10:23,527 p=20332 u=administrator |  Tuesday 08 November 2016  11:10:23 -0800 (0:00:04.256)       0:00:06.797 ****** 
2016-11-08 11:10:25,940 p=20332 u=administrator |  ok: [vbox-srv]
2016-11-08 11:10:25,945 p=20332 u=administrator |  TASK [common : install apt-add-repository] *************************************
2016-11-08 11:10:25,945 p=20332 u=administrator |  Tuesday 08 November 2016  11:10:25 -0800 (0:00:02.418)       0:00:09.216 ****** 
2016-11-08 11:10:28,423 p=20332 u=administrator |  ok: [vbox-srv]
2016-11-08 11:10:28,428 p=20332 u=administrator |  TASK [common : Set up ansible/cttb-os authorized_key] **************************
2016-11-08 11:10:28,428 p=20332 u=administrator |  Tuesday 08 November 2016  11:10:28 -0800 (0:00:02.482)       0:00:11.699 ****** 
2016-11-08 11:10:30,129 p=20332 u=administrator |  ok: [vbox-srv] => (item=ssh-rsa AAAAB3NzaC1yc2EAAAADAQABAAACAQDYi3OOvRQAJnIZk+nTH15aJs0AOVSLaSN6TH+zrdyaRGk6XwrbvLoCiyGOveOt4TcwmOzgyrXg9p1Vy0gcd2pjN+fDbO07ftwPGtuSfbvShvnwYaRPzF1IcBEBMeml/e05Naw8Q0KhZbuGXnCHvEDM2QArw9qD/a77kEV9vxrhJaOUOFkdVx1gsU/dAjQikZzD+Sag7JhtSYIpZupA+YbD1K0dRYUdE9dm3yTUUFmWM3nCCpj8kpU+TWjFeG2M4ilWym7Y81tk3CgI3vzRZRkA395IZlpP1FKNjAlNsit8YuldRvgrYXjPH3TcM1XkLFL4k6EJTjwsM5oWC4o9TriFJRTN75MxGgs72tZcgwlN2W+qkGAGAAYMvSqCBPIXuVCp+3ixuECgnJ3pYq48x8J5DmTn6i93Q9eAv7Xj8B9shts8MlrwGzMBHqjEu/CFfJAHtsLmJ34vvfM0kTFp6Du/K7WnYAuBvB4agMSMBAKy3+9ij5r1+hOxEv7rPkJvlFTECYLvEmNGXOSthuKLEHarlAH21YB1+aP5GwdrypLlYifXYXbQyf/nc/sebyleA3yHs99OLxxW3SCFOqvWxRH7kV/i56Ei8JFxAASauQMy/jXT/FgnIKYae46c7ZJ9jTgfsrhZ1OSQ9oUqzyAS3ugUa5QW3uMEpfnXVxt/EnwnOw== ansible@cttb.us)
2016-11-08 11:10:30,132 p=20332 u=administrator |  TASK [common : install ntpd] ***************************************************
2016-11-08 11:10:30,132 p=20332 u=administrator |  Tuesday 08 November 2016  11:10:30 -0800 (0:00:01.703)       0:00:13.403 ****** 
2016-11-08 11:10:30,158 p=20332 u=administrator |  skipping: [vbox-srv]
2016-11-08 11:10:30,161 p=20332 u=administrator |  TASK [common : enable ntp service] *********************************************
2016-11-08 11:10:30,162 p=20332 u=administrator |  Tuesday 08 November 2016  11:10:30 -0800 (0:00:00.029)       0:00:13.432 ****** 
2016-11-08 11:10:30,187 p=20332 u=administrator |  skipping: [vbox-srv]
2016-11-08 11:10:30,191 p=20332 u=administrator |  TASK [common : ensure ntp is running] ******************************************
2016-11-08 11:10:30,191 p=20332 u=administrator |  Tuesday 08 November 2016  11:10:30 -0800 (0:00:00.029)       0:00:13.461 ****** 
2016-11-08 11:10:30,217 p=20332 u=administrator |  skipping: [vbox-srv]
2016-11-08 11:10:30,219 p=20332 u=administrator |  TASK [common : remove net udev rule] *******************************************
2016-11-08 11:10:30,220 p=20332 u=administrator |  Tuesday 08 November 2016  11:10:30 -0800 (0:00:00.028)       0:00:13.490 ****** 
2016-11-08 11:10:30,245 p=20332 u=administrator |  skipping: [vbox-srv]
2016-11-08 11:10:30,248 p=20332 u=administrator |  TASK [common : set hostname] ***************************************************
2016-11-08 11:10:30,249 p=20332 u=administrator |  Tuesday 08 November 2016  11:10:30 -0800 (0:00:00.028)       0:00:13.519 ****** 
2016-11-08 11:10:32,374 p=20332 u=administrator |  ok: [vbox-srv]
2016-11-08 11:10:32,377 p=20332 u=administrator |  TASK [common : fix /etc/hosts] *************************************************
2016-11-08 11:10:32,377 p=20332 u=administrator |  Tuesday 08 November 2016  11:10:32 -0800 (0:00:02.128)       0:00:15.648 ****** 
2016-11-08 11:10:34,097 p=20332 u=administrator |  ok: [vbox-srv]
2016-11-08 11:10:34,100 p=20332 u=administrator |  TASK [common : fix 127.0.1.1] **************************************************
2016-11-08 11:10:34,100 p=20332 u=administrator |  Tuesday 08 November 2016  11:10:34 -0800 (0:00:01.722)       0:00:17.371 ****** 
2016-11-08 11:10:35,618 p=20332 u=administrator |  ok: [vbox-srv]
2016-11-08 11:10:35,621 p=20332 u=administrator |  TASK [common : add ansible repo key] *******************************************
2016-11-08 11:10:35,621 p=20332 u=administrator |  Tuesday 08 November 2016  11:10:35 -0800 (0:00:01.521)       0:00:18.892 ****** 
2016-11-08 11:10:37,601 p=20332 u=administrator |  ok: [vbox-srv]
2016-11-08 11:10:37,604 p=20332 u=administrator |  TASK [common : add ansible repo mirror] ****************************************
2016-11-08 11:10:37,604 p=20332 u=administrator |  Tuesday 08 November 2016  11:10:37 -0800 (0:00:01.982)       0:00:20.875 ****** 
2016-11-08 11:10:39,543 p=20332 u=administrator |  ok: [vbox-srv]
2016-11-08 11:10:39,546 p=20332 u=administrator |  TASK [common : install basic software] *****************************************
2016-11-08 11:10:39,546 p=20332 u=administrator |  Tuesday 08 November 2016  11:10:39 -0800 (0:00:01.941)       0:00:22.817 ****** 
2016-11-08 11:10:42,070 p=20332 u=administrator |  failed: [vbox-srv] (item=[u'ansible', u'byobu', u'collectd', u'curl', u'iperf', u'git', u'obnam', u'traceroute', u'unattended-upgrades', u'vim', u'whois']) => {"cache_update_time": 1478632198, "cache_updated": false, "failed": true, "item": ["ansible", "byobu", "collectd", "curl", "iperf", "git", "obnam", "traceroute", "unattended-upgrades", "vim", "whois"], "msg": "'/usr/bin/apt-get -y -o \"Dpkg::Options::=--force-confdef\" -o \"Dpkg::Options::=--force-confold\"     install 'ansible' 'byobu' 'collectd' 'curl' 'iperf' 'git' 'obnam' 'traceroute' 'vim' 'whois' -o APT::Install-Recommends=no' failed: E: Could not get lock /var/lib/dpkg/lock - open (11: Resource temporarily unavailable)\nE: Unable to lock the administration directory (/var/lib/dpkg/), is another process using it?\n", "stderr": "E: Could not get lock /var/lib/dpkg/lock - open (11: Resource temporarily unavailable)\nE: Unable to lock the administration directory (/var/lib/dpkg/), is another process using it?\n", "stdout": "", "stdout_lines": []}
2016-11-08 11:10:42,076 p=20332 u=administrator |  PLAY RECAP *********************************************************************
2016-11-08 11:10:42,076 p=20332 u=administrator |  vbox-srv                   : ok=10   changed=1    unreachable=0    failed=1   
2016-11-08 11:10:42,077 p=20332 u=administrator |  Tuesday 08 November 2016  11:10:42 -0800 (0:00:02.530)       0:00:25.347 ****** 
2016-11-08 11:10:42,077 p=20332 u=administrator |  =============================================================================== 
2016-11-08 11:10:42,077 p=20332 u=administrator |  common : refresh the mirrors -------------------------------------------- 4.26s
2016-11-08 11:10:42,078 p=20332 u=administrator |  common : install basic software ----------------------------------------- 2.53s
2016-11-08 11:10:42,078 p=20332 u=administrator |  setup ------------------------------------------------------------------- 2.49s
2016-11-08 11:10:42,078 p=20332 u=administrator |  common : install apt-add-repository ------------------------------------- 2.48s
2016-11-08 11:10:42,078 p=20332 u=administrator |  common : install aptitude ----------------------------------------------- 2.42s
2016-11-08 11:10:42,078 p=20332 u=administrator |  common : set hostname --------------------------------------------------- 2.13s
2016-11-08 11:10:42,079 p=20332 u=administrator |  common : add ansible repo key ------------------------------------------- 1.98s
2016-11-08 11:10:42,079 p=20332 u=administrator |  common : add ansible repo mirror ---------------------------------------- 1.94s
2016-11-08 11:10:42,079 p=20332 u=administrator |  common : fix /etc/hosts ------------------------------------------------- 1.72s
2016-11-08 11:10:42,079 p=20332 u=administrator |  common : Set up ansible/cttb-os authorized_key -------------------------- 1.70s
2016-11-08 11:10:42,079 p=20332 u=administrator |  common : fix 127.0.1.1 -------------------------------------------------- 1.52s
2016-11-08 11:10:42,079 p=20332 u=administrator |  common : install ntpd --------------------------------------------------- 0.03s
2016-11-08 11:10:42,079 p=20332 u=administrator |  common : enable ntp service --------------------------------------------- 0.03s
2016-11-08 11:10:42,080 p=20332 u=administrator |  common : remove net udev rule ------------------------------------------- 0.03s
2016-11-08 11:10:42,080 p=20332 u=administrator |  common : ensure ntp is running ------------------------------------------ 0.03s
