2016-11-06 17:58:02,050 p=26199 u=administrator |  PLAY [vbox-srv] ****************************************************************
2016-11-06 17:58:02,095 p=26199 u=administrator |  TASK [setup] *******************************************************************
2016-11-06 17:58:03,816 p=26199 u=administrator |  ok: [vbox-srv]
2016-11-06 17:58:03,822 p=26199 u=administrator |  TASK [desktop : setup default account files] ***********************************
2016-11-06 17:58:19,761 p=26199 u=administrator |  ok: [vbox-srv]
2016-11-06 17:58:19,766 p=26199 u=administrator |  TASK [desktop : copy lightdm avatar image] *************************************
2016-11-06 17:58:22,190 p=26199 u=administrator |  ok: [vbox-srv]
2016-11-06 17:58:22,194 p=26199 u=administrator |  TASK [desktop : deploy image background] ***************************************
2016-11-06 17:58:24,686 p=26199 u=administrator |  ok: [vbox-srv]
2016-11-06 17:58:24,690 p=26199 u=administrator |  TASK [desktop : add noobslab mirror key] ***************************************
2016-11-06 17:58:26,215 p=26199 u=administrator |  ok: [vbox-srv]
2016-11-06 17:58:26,220 p=26199 u=administrator |  TASK [desktop : Add noobslab icon repository] **********************************
2016-11-06 17:58:27,714 p=26199 u=administrator |  ok: [vbox-srv]
2016-11-06 17:58:27,717 p=26199 u=administrator |  TASK [desktop : Add noobslab theme repository] *********************************
2016-11-06 17:58:29,090 p=26199 u=administrator |  ok: [vbox-srv]
2016-11-06 17:58:29,093 p=26199 u=administrator |  TASK [desktop : install noobs icons] *******************************************
2016-11-06 17:58:30,988 p=26199 u=administrator |  ok: [vbox-srv] => (item=[u'super-flat-remix-icons', u'vertex-icons', u'arc-icons'])
2016-11-06 17:58:30,991 p=26199 u=administrator |  TASK [desktop : install windos10 icons] ****************************************
2016-11-06 17:58:37,793 p=26199 u=administrator |  changed: [vbox-srv]
2016-11-06 17:58:37,796 p=26199 u=administrator |  TASK [desktop : install noobslab windos10-theme] *******************************
2016-11-06 17:58:45,918 p=26199 u=administrator |  changed: [vbox-srv]
2016-11-06 17:58:45,923 p=26199 u=administrator |  TASK [desktop : configure openbox] *********************************************
2016-11-06 17:58:45,942 p=26199 u=administrator |  fatal: [vbox-srv]: FAILED! => {"changed": false, "failed": true, "msg": "Unable to find 'openbox-rc.j2' in expected paths."}
2016-11-06 17:58:45,944 p=26199 u=administrator |  PLAY RECAP *********************************************************************
2016-11-06 17:58:45,944 p=26199 u=administrator |  vbox-srv                   : ok=10   changed=2    unreachable=0    failed=1   
