2016-11-06 17:49:07,334 p=19543 u=administrator |  statically included: /home/administrator/Documents/ansible/new/roles/desktop/tasks/lubuntu.yml
2016-11-06 17:49:07,350 p=19543 u=administrator |  statically included: /home/administrator/Documents/ansible/new/roles/desktop/tasks/lookandfeel.yml
2016-11-06 17:49:07,404 p=19543 u=administrator |  PLAY [vbox-srv] ****************************************************************
2016-11-06 17:49:07,475 p=19543 u=administrator |  TASK [setup] *******************************************************************
2016-11-06 17:49:09,358 p=19543 u=administrator |  ok: [vbox-srv]
2016-11-06 17:49:09,372 p=19543 u=administrator |  TASK [desktop : setup default account files] ***********************************
2016-11-06 17:49:15,783 p=19543 u=administrator |  ok: [vbox-srv]
2016-11-06 17:49:15,792 p=19543 u=administrator |  TASK [desktop : copy lightdm avatar image] *************************************
2016-11-06 17:49:18,269 p=19543 u=administrator |  ok: [vbox-srv]
2016-11-06 17:49:18,278 p=19543 u=administrator |  TASK [desktop : deploy image background] ***************************************
2016-11-06 17:49:20,718 p=19543 u=administrator |  ok: [vbox-srv]
2016-11-06 17:49:20,726 p=19543 u=administrator |  TASK [desktop : add noobslab mirror key] ***************************************
2016-11-06 17:49:22,242 p=19543 u=administrator |  ok: [vbox-srv]
2016-11-06 17:49:22,251 p=19543 u=administrator |  TASK [desktop : Add noobslab icon repository] **********************************
2016-11-06 17:49:23,742 p=19543 u=administrator |  ok: [vbox-srv]
2016-11-06 17:49:23,751 p=19543 u=administrator |  TASK [desktop : Add noobslab theme repository] *********************************
2016-11-06 17:49:25,120 p=19543 u=administrator |  ok: [vbox-srv]
2016-11-06 17:49:25,129 p=19543 u=administrator |  TASK [desktop : install noobs icons] *******************************************
2016-11-06 17:49:27,036 p=19543 u=administrator |  ok: [vbox-srv] => (item=[u'super-flat-remix-icons', u'vertex-icons', u'arc-icons'])
2016-11-06 17:49:27,055 p=19543 u=administrator |  TASK [desktop : install windos10 icons] ****************************************
2016-11-06 17:49:28,623 p=19543 u=administrator |  fatal: [vbox-srv]: FAILED! => {"failed": true, "msg": "file or module does not exist: /home/administrator/Documents/ansible/new/plays/http:/theoverseer.cttb/ansible_assets/windos10-icons-custom.tar.gz"}
2016-11-06 17:49:28,629 p=19543 u=administrator |  NO MORE HOSTS LEFT *************************************************************
2016-11-06 17:49:28,629 p=19543 u=administrator |  PLAY RECAP *********************************************************************
2016-11-06 17:49:28,629 p=19543 u=administrator |  vbox-srv                   : ok=8    changed=0    unreachable=0    failed=1   
