2016-10-28 18:36:38,030 p=23823 u=administrator |  statically included: /home/administrator/Documents/ansible/new/roles/asterisk/tasks/asterisk.yml
2016-10-28 18:36:38,045 p=23823 u=administrator |  statically included: /home/administrator/Documents/ansible/new/roles/asterisk/tasks/tftp.yml
2016-10-28 18:36:38,082 p=23823 u=administrator |  PLAY [vbox-srv] ****************************************************************
2016-10-28 18:36:38,138 p=23823 u=administrator |  TASK [setup] *******************************************************************
2016-10-28 18:36:40,010 p=23823 u=administrator |  ok: [vbox-srv]
2016-10-28 18:36:40,019 p=23823 u=administrator |  TASK [asterisk : install asterisk packages] ************************************
2016-10-28 18:36:42,659 p=23823 u=administrator |  ok: [vbox-srv] => (item=[u'asterisk', u'asterisk-core-sounds-en', u'asterisk-core-sounds-en-gsm', u'asterisk-modules', u'asterisk-moh-opsound-gsm', u'asterisk-mp3', u'asterisk-voicemail'])
2016-10-28 18:36:42,677 p=23823 u=administrator |  TASK [asterisk : copy etc configs] *********************************************
2016-10-28 18:36:43,284 p=23823 u=administrator |  ok: [vbox-srv]
2016-10-28 18:36:43,293 p=23823 u=administrator |  TASK [asterisk : fix permissions /etc/asterisk] ********************************
2016-10-28 18:36:44,655 p=23823 u=administrator |  changed: [vbox-srv]
2016-10-28 18:36:44,663 p=23823 u=administrator |  TASK [asterisk : copy drbu sound prompts] **************************************
2016-10-28 18:36:49,052 p=23823 u=administrator |  ok: [vbox-srv]
2016-10-28 18:36:49,061 p=23823 u=administrator |  TASK [asterisk : install tftp packages] ****************************************
2016-10-28 18:36:51,610 p=23823 u=administrator |  ok: [vbox-srv] => (item=[u'tftpd-hpa'])
2016-10-28 18:36:51,627 p=23823 u=administrator |  TASK [asterisk : configure tftp] ***********************************************
2016-10-28 18:36:54,121 p=23823 u=administrator |  ok: [vbox-srv]
2016-10-28 18:36:54,129 p=23823 u=administrator |  TASK [asterisk : copy tftpboot files] ******************************************
2016-10-28 18:36:54,643 p=23823 u=administrator |  changed: [vbox-srv]
2016-10-28 18:36:54,651 p=23823 u=administrator |  TASK [asterisk : fix permissions on tftpboot files] ****************************
2016-10-28 18:36:55,954 p=23823 u=administrator |  changed: [vbox-srv]
2016-10-28 18:36:55,961 p=23823 u=administrator |  RUNNING HANDLER [asterisk : restart asterisk] **********************************
2016-10-28 18:36:57,519 p=23823 u=administrator |  changed: [vbox-srv]
2016-10-28 18:36:57,526 p=23823 u=administrator |  PLAY RECAP *********************************************************************
2016-10-28 18:36:57,526 p=23823 u=administrator |  vbox-srv                   : ok=10   changed=4    unreachable=0    failed=0   
