2016-11-08 10:41:33,368 p=1153 u=administrator |  PLAY [vbox-srv] ****************************************************************
2016-11-08 10:41:33,418 p=1153 u=administrator |  TASK [setup] *******************************************************************
2016-11-08 10:41:33,418 p=1153 u=administrator |  Tuesday 08 November 2016  10:41:33 -0800 (0:00:00.053)       0:00:00.053 ****** 
2016-11-08 10:41:35,200 p=1153 u=administrator |  ok: [vbox-srv]
2016-11-08 10:41:35,204 p=1153 u=administrator |  TASK [desktop : setup default account files] ***********************************
2016-11-08 10:41:35,205 p=1153 u=administrator |  Tuesday 08 November 2016  10:41:35 -0800 (0:00:01.786)       0:00:01.839 ****** 
2016-11-08 10:42:00,024 p=1153 u=administrator |  changed: [vbox-srv]
2016-11-08 10:42:00,031 p=1153 u=administrator |  TASK [desktop : configure lightdm] *********************************************
2016-11-08 10:42:00,031 p=1153 u=administrator |  Tuesday 08 November 2016  10:42:00 -0800 (0:00:24.826)       0:00:26.666 ****** 
2016-11-08 10:42:04,478 p=1153 u=administrator |  ok: [vbox-srv]
2016-11-08 10:42:04,482 p=1153 u=administrator |  TASK [desktop : copy lightdm avatar image] *************************************
2016-11-08 10:42:04,482 p=1153 u=administrator |  Tuesday 08 November 2016  10:42:04 -0800 (0:00:04.451)       0:00:31.117 ****** 
2016-11-08 10:42:07,104 p=1153 u=administrator |  ok: [vbox-srv]
2016-11-08 10:42:07,110 p=1153 u=administrator |  TASK [desktop : deploy image background] ***************************************
2016-11-08 10:42:07,110 p=1153 u=administrator |  Tuesday 08 November 2016  10:42:07 -0800 (0:00:02.627)       0:00:33.745 ****** 
2016-11-08 10:42:09,757 p=1153 u=administrator |  ok: [vbox-srv]
2016-11-08 10:42:09,762 p=1153 u=administrator |  TASK [desktop : add noobslab mirror key] ***************************************
2016-11-08 10:42:09,762 p=1153 u=administrator |  Tuesday 08 November 2016  10:42:09 -0800 (0:00:02.652)       0:00:36.397 ****** 
2016-11-08 10:42:11,409 p=1153 u=administrator |  ok: [vbox-srv]
2016-11-08 10:42:11,413 p=1153 u=administrator |  TASK [desktop : Add noobslab icon repository] **********************************
2016-11-08 10:42:11,413 p=1153 u=administrator |  Tuesday 08 November 2016  10:42:11 -0800 (0:00:01.651)       0:00:38.048 ****** 
2016-11-08 10:42:13,019 p=1153 u=administrator |  ok: [vbox-srv]
2016-11-08 10:42:13,025 p=1153 u=administrator |  TASK [desktop : Add noobslab theme repository] *********************************
2016-11-08 10:42:13,025 p=1153 u=administrator |  Tuesday 08 November 2016  10:42:13 -0800 (0:00:01.611)       0:00:39.660 ****** 
2016-11-08 10:42:14,491 p=1153 u=administrator |  ok: [vbox-srv]
2016-11-08 10:42:14,495 p=1153 u=administrator |  TASK [desktop : install noobs icons] *******************************************
2016-11-08 10:42:14,495 p=1153 u=administrator |  Tuesday 08 November 2016  10:42:14 -0800 (0:00:01.469)       0:00:41.130 ****** 
2016-11-08 10:42:16,526 p=1153 u=administrator |  ok: [vbox-srv] => (item=[u'super-flat-remix-icons', u'vertex-icons', u'arc-icons'])
2016-11-08 10:42:16,530 p=1153 u=administrator |  TASK [desktop : install windos10 icons] ****************************************
2016-11-08 10:42:16,530 p=1153 u=administrator |  Tuesday 08 November 2016  10:42:16 -0800 (0:00:02.034)       0:00:43.165 ****** 
2016-11-08 10:42:22,886 p=1153 u=administrator |  ok: [vbox-srv]
2016-11-08 10:42:22,891 p=1153 u=administrator |  TASK [desktop : install noobslab windos10-theme] *******************************
2016-11-08 10:42:22,891 p=1153 u=administrator |  Tuesday 08 November 2016  10:42:22 -0800 (0:00:06.360)       0:00:49.526 ****** 
2016-11-08 10:42:24,643 p=1153 u=administrator |  ok: [vbox-srv]
2016-11-08 10:42:24,649 p=1153 u=administrator |  TASK [desktop : configure openbox] *********************************************
2016-11-08 10:42:24,649 p=1153 u=administrator |  Tuesday 08 November 2016  10:42:24 -0800 (0:00:01.757)       0:00:51.284 ****** 
2016-11-08 10:42:27,349 p=1153 u=administrator |  ok: [vbox-srv]
2016-11-08 10:42:27,354 p=1153 u=administrator |  TASK [desktop : configure lxpanel] *********************************************
2016-11-08 10:42:27,355 p=1153 u=administrator |  Tuesday 08 November 2016  10:42:27 -0800 (0:00:02.705)       0:00:53.989 ****** 
2016-11-08 10:42:29,903 p=1153 u=administrator |  ok: [vbox-srv]
2016-11-08 10:42:29,909 p=1153 u=administrator |  TASK [desktop : configure lxsession] *******************************************
2016-11-08 10:42:29,909 p=1153 u=administrator |  Tuesday 08 November 2016  10:42:29 -0800 (0:00:02.554)       0:00:56.544 ****** 
2016-11-08 10:42:32,566 p=1153 u=administrator |  ok: [vbox-srv]
2016-11-08 10:42:32,572 p=1153 u=administrator |  TASK [desktop : configure pcmanfm] *********************************************
2016-11-08 10:42:32,572 p=1153 u=administrator |  Tuesday 08 November 2016  10:42:32 -0800 (0:00:02.663)       0:00:59.207 ****** 
2016-11-08 10:42:35,142 p=1153 u=administrator |  ok: [vbox-srv]
2016-11-08 10:42:35,146 p=1153 u=administrator |  PLAY RECAP *********************************************************************
2016-11-08 10:42:35,146 p=1153 u=administrator |  vbox-srv                   : ok=15   changed=1    unreachable=0    failed=0   
2016-11-08 10:42:35,146 p=1153 u=administrator |  Tuesday 08 November 2016  10:42:35 -0800 (0:00:02.574)       0:01:01.781 ****** 
2016-11-08 10:42:35,147 p=1153 u=administrator |  =============================================================================== 
2016-11-08 10:42:35,147 p=1153 u=administrator |  desktop : setup default account files ---------------------------------- 24.83s
2016-11-08 10:42:35,147 p=1153 u=administrator |  desktop : install windos10 icons ---------------------------------------- 6.36s
2016-11-08 10:42:35,147 p=1153 u=administrator |  desktop : configure lightdm --------------------------------------------- 4.45s
2016-11-08 10:42:35,148 p=1153 u=administrator |  desktop : configure openbox --------------------------------------------- 2.71s
2016-11-08 10:42:35,148 p=1153 u=administrator |  desktop : configure lxsession ------------------------------------------- 2.66s
2016-11-08 10:42:35,148 p=1153 u=administrator |  desktop : deploy image background --------------------------------------- 2.65s
2016-11-08 10:42:35,148 p=1153 u=administrator |  desktop : copy lightdm avatar image ------------------------------------- 2.63s
2016-11-08 10:42:35,148 p=1153 u=administrator |  desktop : configure pcmanfm --------------------------------------------- 2.57s
2016-11-08 10:42:35,148 p=1153 u=administrator |  desktop : configure lxpanel --------------------------------------------- 2.55s
2016-11-08 10:42:35,149 p=1153 u=administrator |  desktop : install noobs icons ------------------------------------------- 2.03s
2016-11-08 10:42:35,149 p=1153 u=administrator |  setup ------------------------------------------------------------------- 1.79s
2016-11-08 10:42:35,149 p=1153 u=administrator |  desktop : install noobslab windos10-theme ------------------------------- 1.76s
2016-11-08 10:42:35,149 p=1153 u=administrator |  desktop : add noobslab mirror key --------------------------------------- 1.65s
2016-11-08 10:42:35,149 p=1153 u=administrator |  desktop : Add noobslab icon repository ---------------------------------- 1.61s
2016-11-08 10:42:35,150 p=1153 u=administrator |  desktop : Add noobslab theme repository --------------------------------- 1.47s
