2016-11-08 10:54:10,476 p=9776 u=administrator |  PLAY [vbox-srv] ****************************************************************
2016-11-08 10:54:10,520 p=9776 u=administrator |  TASK [setup] *******************************************************************
2016-11-08 10:54:10,520 p=9776 u=administrator |  Tuesday 08 November 2016  10:54:10 -0800 (0:00:00.047)       0:00:00.047 ****** 
2016-11-08 10:54:12,343 p=9776 u=administrator |  ok: [vbox-srv]
2016-11-08 10:54:12,347 p=9776 u=administrator |  TASK [desktop : install language packages for en,zh,vi,zhuyin] *****************
2016-11-08 10:54:12,347 p=9776 u=administrator |  Tuesday 08 November 2016  10:54:12 -0800 (0:00:01.827)       0:00:01.874 ****** 
2016-11-08 10:54:14,341 p=9776 u=administrator |  ok: [vbox-srv] => (item=[u'gimp-help-en', u'hunspell-en-au', u'hunspell-en-ca', u'hunspell-en-gb', u'hunspell-en-za', u'hyphen-en-gb', u'hyphen-en-us', u'mythes-en-au', u'mythes-en-us', u'hunspell-vi', u'language-pack-gnome-vi', u'language-pack-vi', u'language-pack-gnome-zh-hant', u'language-pack-zh-hant'])
2016-11-08 10:54:14,344 p=9776 u=administrator |  TASK [desktop : check if open office is installed] *****************************
2016-11-08 10:54:14,345 p=9776 u=administrator |  Tuesday 08 November 2016  10:54:14 -0800 (0:00:01.997)       0:00:03.871 ****** 
2016-11-08 10:54:15,849 p=9776 u=administrator |  fatal: [vbox-srv]: FAILED! => {"changed": true, "cmd": ["dpkg", "-l", "libreoffice-common"], "delta": "0:00:00.021667", "end": "2016-11-08 10:54:15.786718", "failed": true, "rc": 1, "start": "2016-11-08 10:54:15.765051", "stderr": "dpkg-query: no packages found matching libreoffice-common", "stdout": "", "stdout_lines": [], "warnings": []}
2016-11-08 10:54:15,849 p=9776 u=administrator |  ...ignoring
2016-11-08 10:54:15,856 p=9776 u=administrator |  TASK [desktop : install libreoffice language support] **************************
2016-11-08 10:54:15,856 p=9776 u=administrator |  Tuesday 08 November 2016  10:54:15 -0800 (0:00:01.511)       0:00:05.383 ****** 
2016-11-08 10:54:15,904 p=9776 u=administrator |  skipping: [vbox-srv] => (item=[]) 
2016-11-08 10:54:15,907 p=9776 u=administrator |  TASK [desktop : install base fcitx packages] ***********************************
2016-11-08 10:54:15,908 p=9776 u=administrator |  Tuesday 08 November 2016  10:54:15 -0800 (0:00:00.051)       0:00:05.434 ****** 
2016-11-08 10:55:37,492 p=9776 u=administrator |  changed: [vbox-srv] => (item=[u'fcitx', u'fcitx-frontend-gtk2', u'fcitx-frontend-gtk3', u'fcitx-frontend-qt4', u'fcitx-frontend-qt5', u'fcitx-libs', u'fcitx-libs-qt', u'fcitx-module-kimpanel', u'fcitx-pinyin', u'fcitx-table-cangjie', u'fcitx-ui-classic', u'fcitx-ui-qimpanel', u'fcitx-unikey', u'fonts-arphic-ukai', u'fonts-arphic-uming', u'fonts-noto-cjk', u'libfcitx-qt0', u'libopencc1', u'libqt4-dbus', u'libqt4-declarative', u'libqt4-network', u'libqt4-script', u'libqt4-sql', u'libqt4-sql-mysql', u'libqt4-xml', u'libqt4-xmlpatterns', u'libqtcore4', u'libqtdbus4', u'libqtgui4', u'qdbus', u'qt-at-spi', u'qtchooser', u'qtcore4-l10n'])
2016-11-08 10:55:37,496 p=9776 u=administrator |  TASK [desktop : set fcitx as default input method] *****************************
2016-11-08 10:55:37,496 p=9776 u=administrator |  Tuesday 08 November 2016  10:55:37 -0800 (0:01:21.588)       0:01:27.023 ****** 
2016-11-08 10:55:39,434 p=9776 u=administrator |  changed: [vbox-srv]
2016-11-08 10:55:39,438 p=9776 u=administrator |  TASK [desktop : install fcitx taiwanese/chewing support] ***********************
2016-11-08 10:55:39,439 p=9776 u=administrator |  Tuesday 08 November 2016  10:55:39 -0800 (0:00:01.942)       0:01:28.965 ****** 
2016-11-08 10:55:42,052 p=9776 u=administrator |  ok: [vbox-srv]
2016-11-08 10:55:42,055 p=9776 u=administrator |  PLAY RECAP *********************************************************************
2016-11-08 10:55:42,055 p=9776 u=administrator |  vbox-srv                   : ok=6    changed=2    unreachable=0    failed=0   
2016-11-08 10:55:42,055 p=9776 u=administrator |  Tuesday 08 November 2016  10:55:42 -0800 (0:00:02.616)       0:01:31.582 ****** 
2016-11-08 10:55:42,056 p=9776 u=administrator |  =============================================================================== 
2016-11-08 10:55:42,056 p=9776 u=administrator |  desktop : install base fcitx packages ---------------------------------- 81.59s
2016-11-08 10:55:42,056 p=9776 u=administrator |  desktop : install fcitx taiwanese/chewing support ----------------------- 2.62s
2016-11-08 10:55:42,056 p=9776 u=administrator |  desktop : install language packages for en,zh,vi,zhuyin ----------------- 2.00s
2016-11-08 10:55:42,056 p=9776 u=administrator |  desktop : set fcitx as default input method ----------------------------- 1.94s
2016-11-08 10:55:42,056 p=9776 u=administrator |  setup ------------------------------------------------------------------- 1.83s
2016-11-08 10:55:42,057 p=9776 u=administrator |  desktop : check if open office is installed ----------------------------- 1.51s
2016-11-08 10:55:42,057 p=9776 u=administrator |  desktop : install libreoffice language support -------------------------- 0.05s
