2016-11-06 17:30:58,686 p=7630 u=administrator |  statically included: /home/administrator/Documents/ansible/new/roles/desktop/tasks/lubuntu.yml
2016-11-06 17:30:58,702 p=7630 u=administrator |  statically included: /home/administrator/Documents/ansible/new/roles/desktop/tasks/lookandfeel.yml
2016-11-06 17:30:58,733 p=7630 u=administrator |  playbook: /home/administrator/Documents/ansible/new/plays/base.yml
2016-11-06 17:30:58,733 p=7630 u=administrator |    play #1 (vbox-srv): vbox-srv	TAGS: []
2016-11-06 17:30:58,801 p=7630 u=administrator |      tasks:
      common : refresh the mirrors	TAGS: []
      common : install aptitude	TAGS: []
      common : install apt-add-repository	TAGS: []
      common : Set up ansible/cttb-os authorized_key	TAGS: []
      common : install ntpd	TAGS: []
      common : enable ntp service	TAGS: []
      common : ensure ntp is running	TAGS: []
      common : remove net udev rule	TAGS: []
      common : set hostname	TAGS: []
      common : fix /etc/hosts	TAGS: []
      common : fix 127.0.1.1	TAGS: []
      common : add ansible repo key	TAGS: []
      common : add ansible repo mirror	TAGS: []
      common : install basic software	TAGS: []
      common : vim saner defaults	TAGS: []
      common : vim saner defaults for administrator	TAGS: []
      desktop : fix network interfaces	TAGS: []
      desktop : install lubuntu	TAGS: []
      desktop : configure lightdm	TAGS: []
      desktop : configure pcmanfm main	TAGS: []
      desktop : setup default account files	TAGS: []
      desktop : copy lightdm avatar image	TAGS: []
      desktop : deploy image background	TAGS: []
      desktop : add noobslab mirror key	TAGS: []
      desktop : Add noobslab icon repository	TAGS: []
      desktop : Add noobslab theme repository	TAGS: []
      desktop : install noobs icons	TAGS: []
      desktop : install windos10 icons	TAGS: []
      desktop : install noobslab windos10-theme	TAGS: []
      desktop : configure openbox	TAGS: []
      desktop : configure lxpanel	TAGS: []
      desktop : configure lxsession	TAGS: []
      desktop : update system	TAGS: [os_upgrade]
      desktop : autoremove unused packages	TAGS: []
      desktop : apt clean cache	TAGS: []

