2016-11-08 10:35:53,536 p=29561 u=administrator |  PLAY [vbox-srv] ****************************************************************
2016-11-08 10:35:53,582 p=29561 u=administrator |  TASK [setup] *******************************************************************
2016-11-08 10:35:53,582 p=29561 u=administrator |  Tuesday 08 November 2016  10:35:53 -0800 (0:00:00.049)       0:00:00.049 ****** 
2016-11-08 10:35:55,373 p=29561 u=administrator |  ok: [vbox-srv]
2016-11-08 10:35:55,377 p=29561 u=administrator |  TASK [desktop : setup default account files] ***********************************
2016-11-08 10:35:55,377 p=29561 u=administrator |  Tuesday 08 November 2016  10:35:55 -0800 (0:00:01.795)       0:00:01.844 ****** 
2016-11-08 10:36:12,083 p=29561 u=administrator |  ok: [vbox-srv]
2016-11-08 10:36:12,088 p=29561 u=administrator |  TASK [desktop : configure lightdm] *********************************************
2016-11-08 10:36:12,088 p=29561 u=administrator |  Tuesday 08 November 2016  10:36:12 -0800 (0:00:16.710)       0:00:18.555 ****** 
2016-11-08 10:36:16,515 p=29561 u=administrator |  ok: [vbox-srv]
2016-11-08 10:36:16,518 p=29561 u=administrator |  TASK [desktop : copy lightdm avatar image] *************************************
2016-11-08 10:36:16,519 p=29561 u=administrator |  Tuesday 08 November 2016  10:36:16 -0800 (0:00:04.430)       0:00:22.985 ****** 
2016-11-08 10:36:19,154 p=29561 u=administrator |  ok: [vbox-srv]
2016-11-08 10:36:19,158 p=29561 u=administrator |  TASK [desktop : deploy image background] ***************************************
2016-11-08 10:36:19,159 p=29561 u=administrator |  Tuesday 08 November 2016  10:36:19 -0800 (0:00:02.640)       0:00:25.625 ****** 
2016-11-08 10:36:21,713 p=29561 u=administrator |  ok: [vbox-srv]
2016-11-08 10:36:21,718 p=29561 u=administrator |  TASK [desktop : add noobslab mirror key] ***************************************
2016-11-08 10:36:21,718 p=29561 u=administrator |  Tuesday 08 November 2016  10:36:21 -0800 (0:00:02.559)       0:00:28.185 ****** 
2016-11-08 10:36:23,335 p=29561 u=administrator |  ok: [vbox-srv]
2016-11-08 10:36:23,340 p=29561 u=administrator |  TASK [desktop : Add noobslab icon repository] **********************************
2016-11-08 10:36:23,340 p=29561 u=administrator |  Tuesday 08 November 2016  10:36:23 -0800 (0:00:01.621)       0:00:29.807 ****** 
2016-11-08 10:36:24,969 p=29561 u=administrator |  ok: [vbox-srv]
2016-11-08 10:36:24,973 p=29561 u=administrator |  TASK [desktop : Add noobslab theme repository] *********************************
2016-11-08 10:36:24,974 p=29561 u=administrator |  Tuesday 08 November 2016  10:36:24 -0800 (0:00:01.633)       0:00:31.441 ****** 
2016-11-08 10:36:26,382 p=29561 u=administrator |  ok: [vbox-srv]
2016-11-08 10:36:26,386 p=29561 u=administrator |  TASK [desktop : install noobs icons] *******************************************
2016-11-08 10:36:26,387 p=29561 u=administrator |  Tuesday 08 November 2016  10:36:26 -0800 (0:00:01.412)       0:00:32.853 ****** 
2016-11-08 10:36:28,355 p=29561 u=administrator |  ok: [vbox-srv] => (item=[u'super-flat-remix-icons', u'vertex-icons', u'arc-icons'])
2016-11-08 10:36:28,361 p=29561 u=administrator |  TASK [desktop : install windos10 icons] ****************************************
2016-11-08 10:36:28,361 p=29561 u=administrator |  Tuesday 08 November 2016  10:36:28 -0800 (0:00:01.974)       0:00:34.828 ****** 
2016-11-08 10:36:34,766 p=29561 u=administrator |  ok: [vbox-srv]
2016-11-08 10:36:34,771 p=29561 u=administrator |  TASK [desktop : install noobslab windos10-theme] *******************************
2016-11-08 10:36:34,771 p=29561 u=administrator |  Tuesday 08 November 2016  10:36:34 -0800 (0:00:06.409)       0:00:41.238 ****** 
2016-11-08 10:36:36,598 p=29561 u=administrator |  ok: [vbox-srv]
2016-11-08 10:36:36,604 p=29561 u=administrator |  TASK [desktop : configure openbox] *********************************************
2016-11-08 10:36:36,604 p=29561 u=administrator |  Tuesday 08 November 2016  10:36:36 -0800 (0:00:01.833)       0:00:43.071 ****** 
2016-11-08 10:36:39,246 p=29561 u=administrator |  ok: [vbox-srv]
2016-11-08 10:36:39,249 p=29561 u=administrator |  TASK [desktop : configure lxpanel] *********************************************
2016-11-08 10:36:39,249 p=29561 u=administrator |  Tuesday 08 November 2016  10:36:39 -0800 (0:00:02.644)       0:00:45.716 ****** 
2016-11-08 10:36:41,849 p=29561 u=administrator |  ok: [vbox-srv]
2016-11-08 10:36:41,852 p=29561 u=administrator |  TASK [desktop : configure lxsession] *******************************************
2016-11-08 10:36:41,852 p=29561 u=administrator |  Tuesday 08 November 2016  10:36:41 -0800 (0:00:02.603)       0:00:48.319 ****** 
2016-11-08 10:36:44,422 p=29561 u=administrator |  ok: [vbox-srv]
2016-11-08 10:36:44,425 p=29561 u=administrator |  TASK [desktop : configure pcmanfm] *********************************************
2016-11-08 10:36:44,425 p=29561 u=administrator |  Tuesday 08 November 2016  10:36:44 -0800 (0:00:02.572)       0:00:50.892 ****** 
2016-11-08 10:36:47,758 p=29561 u=administrator |  changed: [vbox-srv]
2016-11-08 10:36:47,762 p=29561 u=administrator |  PLAY RECAP *********************************************************************
2016-11-08 10:36:47,762 p=29561 u=administrator |  vbox-srv                   : ok=15   changed=1    unreachable=0    failed=0   
2016-11-08 10:36:47,763 p=29561 u=administrator |  Tuesday 08 November 2016  10:36:47 -0800 (0:00:03.337)       0:00:54.230 ****** 
2016-11-08 10:36:47,763 p=29561 u=administrator |  =============================================================================== 
2016-11-08 10:36:47,764 p=29561 u=administrator |  desktop : setup default account files ---------------------------------- 16.71s
2016-11-08 10:36:47,764 p=29561 u=administrator |  desktop : install windos10 icons ---------------------------------------- 6.41s
2016-11-08 10:36:47,764 p=29561 u=administrator |  desktop : configure lightdm --------------------------------------------- 4.43s
2016-11-08 10:36:47,765 p=29561 u=administrator |  desktop : configure pcmanfm --------------------------------------------- 3.34s
2016-11-08 10:36:47,765 p=29561 u=administrator |  desktop : configure openbox --------------------------------------------- 2.64s
2016-11-08 10:36:47,765 p=29561 u=administrator |  desktop : copy lightdm avatar image ------------------------------------- 2.64s
2016-11-08 10:36:47,766 p=29561 u=administrator |  desktop : configure lxpanel --------------------------------------------- 2.60s
2016-11-08 10:36:47,766 p=29561 u=administrator |  desktop : configure lxsession ------------------------------------------- 2.57s
2016-11-08 10:36:47,766 p=29561 u=administrator |  desktop : deploy image background --------------------------------------- 2.56s
2016-11-08 10:36:47,766 p=29561 u=administrator |  desktop : install noobs icons ------------------------------------------- 1.97s
2016-11-08 10:36:47,766 p=29561 u=administrator |  desktop : install noobslab windos10-theme ------------------------------- 1.83s
2016-11-08 10:36:47,766 p=29561 u=administrator |  setup ------------------------------------------------------------------- 1.80s
2016-11-08 10:36:47,766 p=29561 u=administrator |  desktop : Add noobslab icon repository ---------------------------------- 1.63s
2016-11-08 10:36:47,767 p=29561 u=administrator |  desktop : add noobslab mirror key --------------------------------------- 1.62s
2016-11-08 10:36:47,767 p=29561 u=administrator |  desktop : Add noobslab theme repository --------------------------------- 1.41s
