2016-11-06 17:55:53,838 p=24332 u=administrator |  statically included: /home/administrator/Documents/ansible/new/roles/desktop/tasks/lubuntu.yml
2016-11-06 17:55:53,859 p=24332 u=administrator |  statically included: /home/administrator/Documents/ansible/new/roles/desktop/tasks/lookandfeel.yml
2016-11-06 17:55:53,906 p=24332 u=administrator |  PLAY [vbox-srv] ****************************************************************
2016-11-06 17:55:53,979 p=24332 u=administrator |  TASK [setup] *******************************************************************
2016-11-06 17:55:55,935 p=24332 u=administrator |  ok: [vbox-srv]
2016-11-06 17:55:55,944 p=24332 u=administrator |  TASK [desktop : setup default account files] ***********************************
2016-11-06 17:56:02,390 p=24332 u=administrator |  ok: [vbox-srv]
2016-11-06 17:56:02,399 p=24332 u=administrator |  TASK [desktop : copy lightdm avatar image] *************************************
2016-11-06 17:56:04,869 p=24332 u=administrator |  ok: [vbox-srv]
2016-11-06 17:56:04,877 p=24332 u=administrator |  TASK [desktop : deploy image background] ***************************************
2016-11-06 17:56:07,341 p=24332 u=administrator |  ok: [vbox-srv]
2016-11-06 17:56:07,350 p=24332 u=administrator |  TASK [desktop : add noobslab mirror key] ***************************************
2016-11-06 17:56:08,891 p=24332 u=administrator |  ok: [vbox-srv]
2016-11-06 17:56:08,899 p=24332 u=administrator |  TASK [desktop : Add noobslab icon repository] **********************************
2016-11-06 17:56:10,413 p=24332 u=administrator |  ok: [vbox-srv]
2016-11-06 17:56:10,421 p=24332 u=administrator |  TASK [desktop : Add noobslab theme repository] *********************************
2016-11-06 17:56:11,764 p=24332 u=administrator |  ok: [vbox-srv]
2016-11-06 17:56:11,773 p=24332 u=administrator |  TASK [desktop : install noobs icons] *******************************************
2016-11-06 17:56:13,729 p=24332 u=administrator |  ok: [vbox-srv] => (item=[u'super-flat-remix-icons', u'vertex-icons', u'arc-icons'])
2016-11-06 17:56:13,748 p=24332 u=administrator |  TASK [desktop : install windos10 icons] ****************************************
2016-11-06 17:56:15,300 p=24332 u=administrator |  fatal: [vbox-srv]: FAILED! => {"failed": true, "msg": "file or module does not exist: /home/administrator/Documents/ansible/new/plays/http:/theoverseer.cttb/ansible_assets/windos10-icons-custom.tar.gz"}
2016-11-06 17:56:15,306 p=24332 u=administrator |  NO MORE HOSTS LEFT *************************************************************
2016-11-06 17:56:15,307 p=24332 u=administrator |  PLAY RECAP *********************************************************************
2016-11-06 17:56:15,307 p=24332 u=administrator |  vbox-srv                   : ok=8    changed=0    unreachable=0    failed=1   
