2016-11-03 11:31:16,017 p=28632 u=administrator |  PLAY [vbox-srv] ****************************************************************
2016-11-03 11:31:16,061 p=28632 u=administrator |  TASK [setup] *******************************************************************
2016-11-03 11:31:17,965 p=28632 u=administrator |  ok: [vbox-srv]
2016-11-03 11:31:17,973 p=28632 u=administrator |  TASK [common : refresh the mirrors] ********************************************
2016-11-03 11:31:20,597 p=28632 u=administrator |  ok: [vbox-srv]
2016-11-03 11:31:20,605 p=28632 u=administrator |  TASK [common : install aptitude] ***********************************************
2016-11-03 11:31:22,310 p=28632 u=administrator |  ok: [vbox-srv]
2016-11-03 11:31:22,318 p=28632 u=administrator |  TASK [common : install apt-add-repository] *************************************
2016-11-03 11:31:23,980 p=28632 u=administrator |  ok: [vbox-srv]
2016-11-03 11:31:23,989 p=28632 u=administrator |  TASK [common : Set up ansible/cttb-os authorized_key] **************************
2016-11-03 11:31:25,423 p=28632 u=administrator |  ok: [vbox-srv] => (item=ssh-rsa AAAAB3NzaC1yc2EAAAADAQABAAACAQDYi3OOvRQAJnIZk+nTH15aJs0AOVSLaSN6TH+zrdyaRGk6XwrbvLoCiyGOveOt4TcwmOzgyrXg9p1Vy0gcd2pjN+fDbO07ftwPGtuSfbvShvnwYaRPzF1IcBEBMeml/e05Naw8Q0KhZbuGXnCHvEDM2QArw9qD/a77kEV9vxrhJaOUOFkdVx1gsU/dAjQikZzD+Sag7JhtSYIpZupA+YbD1K0dRYUdE9dm3yTUUFmWM3nCCpj8kpU+TWjFeG2M4ilWym7Y81tk3CgI3vzRZRkA395IZlpP1FKNjAlNsit8YuldRvgrYXjPH3TcM1XkLFL4k6EJTjwsM5oWC4o9TriFJRTN75MxGgs72tZcgwlN2W+qkGAGAAYMvSqCBPIXuVCp+3ixuECgnJ3pYq48x8J5DmTn6i93Q9eAv7Xj8B9shts8MlrwGzMBHqjEu/CFfJAHtsLmJ34vvfM0kTFp6Du/K7WnYAuBvB4agMSMBAKy3+9ij5r1+hOxEv7rPkJvlFTECYLvEmNGXOSthuKLEHarlAH21YB1+aP5GwdrypLlYifXYXbQyf/nc/sebyleA3yHs99OLxxW3SCFOqvWxRH7kV/i56Ei8JFxAASauQMy/jXT/FgnIKYae46c7ZJ9jTgfsrhZ1OSQ9oUqzyAS3ugUa5QW3uMEpfnXVxt/EnwnOw== ansible@cttb.us)
2016-11-03 11:31:25,434 p=28632 u=administrator |  TASK [common : install ntpd] ***************************************************
2016-11-03 11:31:25,472 p=28632 u=administrator |  skipping: [vbox-srv]
2016-11-03 11:31:25,482 p=28632 u=administrator |  TASK [common : enable ntp service] *********************************************
2016-11-03 11:31:25,525 p=28632 u=administrator |  skipping: [vbox-srv]
2016-11-03 11:31:25,534 p=28632 u=administrator |  TASK [common : ensure ntp is running] ******************************************
2016-11-03 11:31:25,571 p=28632 u=administrator |  skipping: [vbox-srv]
2016-11-03 11:31:25,581 p=28632 u=administrator |  TASK [common : remove net udev rule] *******************************************
2016-11-03 11:31:25,625 p=28632 u=administrator |  skipping: [vbox-srv]
2016-11-03 11:31:25,632 p=28632 u=administrator |  TASK [common : set hostname] ***************************************************
2016-11-03 11:31:27,033 p=28632 u=administrator |  ok: [vbox-srv]
2016-11-03 11:31:27,041 p=28632 u=administrator |  TASK [common : fix /etc/hosts] *************************************************
2016-11-03 11:31:28,395 p=28632 u=administrator |  ok: [vbox-srv]
2016-11-03 11:31:28,403 p=28632 u=administrator |  TASK [common : fix 127.0.1.1] **************************************************
2016-11-03 11:31:29,653 p=28632 u=administrator |  ok: [vbox-srv]
2016-11-03 11:31:29,661 p=28632 u=administrator |  TASK [common : add ansible repo key] *******************************************
2016-11-03 11:31:31,090 p=28632 u=administrator |  ok: [vbox-srv]
2016-11-03 11:31:31,099 p=28632 u=administrator |  TASK [common : add ansible repo mirror] ****************************************
2016-11-03 11:31:32,590 p=28632 u=administrator |  ok: [vbox-srv]
2016-11-03 11:31:32,598 p=28632 u=administrator |  TASK [common : install basic software] *****************************************
2016-11-03 11:31:34,231 p=28632 u=administrator |  ok: [vbox-srv] => (item=[u'unattended-upgrades', u'curl', u'ansible', u'collectd', u'vim'])
2016-11-03 11:31:34,241 p=28632 u=administrator |  TASK [common : vim saner defaults] *********************************************
2016-11-03 11:31:37,430 p=28632 u=administrator |  changed: [vbox-srv]
2016-11-03 11:31:37,438 p=28632 u=administrator |  TASK [common : vim saner defaults for administrator] ***************************
2016-11-03 11:31:40,382 p=28632 u=administrator |  changed: [vbox-srv]
2016-11-03 11:31:40,391 p=28632 u=administrator |  PLAY RECAP *********************************************************************
2016-11-03 11:31:40,391 p=28632 u=administrator |  vbox-srv                   : ok=13   changed=2    unreachable=0    failed=0   
