2016-11-07 10:47:56,646 p=3198 u=administrator |  PLAY [vbox-srv] ****************************************************************
2016-11-07 10:47:56,698 p=3198 u=administrator |  TASK [setup] *******************************************************************
2016-11-07 10:47:58,640 p=3198 u=administrator |  ok: [vbox-srv]
2016-11-07 10:47:58,645 p=3198 u=administrator |  TASK [common : refresh the mirrors] ********************************************
2016-11-07 10:48:05,087 p=3198 u=administrator |  changed: [vbox-srv]
2016-11-07 10:48:05,090 p=3198 u=administrator |  TASK [common : install aptitude] ***********************************************
2016-11-07 10:48:18,937 p=3198 u=administrator |  changed: [vbox-srv]
2016-11-07 10:48:18,941 p=3198 u=administrator |  TASK [common : install apt-add-repository] *************************************
2016-11-07 10:48:23,652 p=3198 u=administrator |  changed: [vbox-srv]
2016-11-07 10:48:23,656 p=3198 u=administrator |  TASK [common : Set up ansible/cttb-os authorized_key] **************************
2016-11-07 10:48:25,086 p=3198 u=administrator |  ok: [vbox-srv] => (item=ssh-rsa AAAAB3NzaC1yc2EAAAADAQABAAACAQDYi3OOvRQAJnIZk+nTH15aJs0AOVSLaSN6TH+zrdyaRGk6XwrbvLoCiyGOveOt4TcwmOzgyrXg9p1Vy0gcd2pjN+fDbO07ftwPGtuSfbvShvnwYaRPzF1IcBEBMeml/e05Naw8Q0KhZbuGXnCHvEDM2QArw9qD/a77kEV9vxrhJaOUOFkdVx1gsU/dAjQikZzD+Sag7JhtSYIpZupA+YbD1K0dRYUdE9dm3yTUUFmWM3nCCpj8kpU+TWjFeG2M4ilWym7Y81tk3CgI3vzRZRkA395IZlpP1FKNjAlNsit8YuldRvgrYXjPH3TcM1XkLFL4k6EJTjwsM5oWC4o9TriFJRTN75MxGgs72tZcgwlN2W+qkGAGAAYMvSqCBPIXuVCp+3ixuECgnJ3pYq48x8J5DmTn6i93Q9eAv7Xj8B9shts8MlrwGzMBHqjEu/CFfJAHtsLmJ34vvfM0kTFp6Du/K7WnYAuBvB4agMSMBAKy3+9ij5r1+hOxEv7rPkJvlFTECYLvEmNGXOSthuKLEHarlAH21YB1+aP5GwdrypLlYifXYXbQyf/nc/sebyleA3yHs99OLxxW3SCFOqvWxRH7kV/i56Ei8JFxAASauQMy/jXT/FgnIKYae46c7ZJ9jTgfsrhZ1OSQ9oUqzyAS3ugUa5QW3uMEpfnXVxt/EnwnOw== ansible@cttb.us)
2016-11-07 10:48:25,089 p=3198 u=administrator |  TASK [common : install ntpd] ***************************************************
2016-11-07 10:48:25,115 p=3198 u=administrator |  skipping: [vbox-srv]
2016-11-07 10:48:25,118 p=3198 u=administrator |  TASK [common : enable ntp service] *********************************************
2016-11-07 10:48:25,147 p=3198 u=administrator |  skipping: [vbox-srv]
2016-11-07 10:48:25,151 p=3198 u=administrator |  TASK [common : ensure ntp is running] ******************************************
2016-11-07 10:48:25,179 p=3198 u=administrator |  skipping: [vbox-srv]
2016-11-07 10:48:25,181 p=3198 u=administrator |  TASK [common : remove net udev rule] *******************************************
2016-11-07 10:48:25,205 p=3198 u=administrator |  skipping: [vbox-srv]
2016-11-07 10:48:25,210 p=3198 u=administrator |  TASK [common : set hostname] ***************************************************
2016-11-07 10:48:26,937 p=3198 u=administrator |  ok: [vbox-srv]
2016-11-07 10:48:26,941 p=3198 u=administrator |  TASK [common : fix /etc/hosts] *************************************************
2016-11-07 10:48:28,288 p=3198 u=administrator |  ok: [vbox-srv]
2016-11-07 10:48:28,291 p=3198 u=administrator |  TASK [common : fix 127.0.1.1] **************************************************
2016-11-07 10:48:29,518 p=3198 u=administrator |  changed: [vbox-srv]
2016-11-07 10:48:29,522 p=3198 u=administrator |  TASK [common : add ansible repo key] *******************************************
2016-11-07 10:48:31,962 p=3198 u=administrator |  changed: [vbox-srv]
2016-11-07 10:48:31,967 p=3198 u=administrator |  TASK [common : add ansible repo mirror] ****************************************
2016-11-07 10:48:36,804 p=3198 u=administrator |  changed: [vbox-srv]
2016-11-07 10:48:36,807 p=3198 u=administrator |  TASK [common : install basic software] *****************************************
2016-11-07 10:49:23,783 p=3198 u=administrator |  changed: [vbox-srv] => (item=[u'ansible', u'byobu', u'collectd', u'curl', u'iperf', u'git', u'obnam', u'traceroute', u'unattended-upgrades', u'vim', u'whois'])
2016-11-07 10:49:23,787 p=3198 u=administrator |  TASK [common : vim saner defaults] *********************************************
2016-11-07 10:49:27,110 p=3198 u=administrator |  changed: [vbox-srv]
2016-11-07 10:49:27,113 p=3198 u=administrator |  TASK [common : vim saner defaults for administrator] ***************************
2016-11-07 10:49:30,133 p=3198 u=administrator |  changed: [vbox-srv]
2016-11-07 10:49:30,137 p=3198 u=administrator |  TASK [desktop : fix network interfaces] ****************************************
2016-11-07 10:49:33,258 p=3198 u=administrator |  changed: [vbox-srv]
2016-11-07 10:49:33,261 p=3198 u=administrator |  TASK [desktop : install lubuntu] ***********************************************
2016-11-07 10:53:11,581 p=3198 u=administrator |  changed: [vbox-srv] => (item=[u'lubuntu-core', u'desktop-file-utils', u'dmz-cursor-theme', u'evince', u'file-roller', u'galculator', u'indicator-application', u'indicator-application-gtk2', u'leafpad', u'light-locker', u'light-locker-settings', u'lightdm-gtk-greeter-settings', u'lubuntu-default-session', u'lxappearance', u'lxappearance-obconf', u'lxinput', u'lxlauncher', u'lxpanel-indicator-applet-plugin', u'lxrandr', u'lxsession-default-apps', u'lxsession-logout', u'lxshortcut', u'lxtask', u'lxterminal', u'obconf', u'pm-utils', u'scrot', u'simple-scan', u'xdg-user-dirs', u'xfce4-power-manager', u'xz-utils', u'policykit-1', u'policykit-1-gnome', u'libpolkit-agent-1-0', u'libpolkit-gobject-1-0', u'libpolkit-backend-1-0', u'libpolkit-qt-1-1', u'libpolkit-qt5-1-1', u'network-manager', u'network-manager-gnome', u'system-tools-backends', u'gnome-system-tools'])
2016-11-07 10:53:11,584 p=3198 u=administrator |  TASK [desktop : setup default account files] ***********************************
2016-11-07 10:53:30,027 p=3198 u=administrator |  changed: [vbox-srv]
2016-11-07 10:53:30,031 p=3198 u=administrator |  TASK [desktop : configure lightdm] *********************************************
2016-11-07 10:53:35,510 p=3198 u=administrator |  changed: [vbox-srv]
2016-11-07 10:53:35,515 p=3198 u=administrator |  TASK [desktop : copy lightdm avatar image] *************************************
2016-11-07 10:53:38,584 p=3198 u=administrator |  changed: [vbox-srv]
2016-11-07 10:53:38,589 p=3198 u=administrator |  TASK [desktop : deploy image background] ***************************************
2016-11-07 10:53:41,653 p=3198 u=administrator |  changed: [vbox-srv]
2016-11-07 10:53:41,658 p=3198 u=administrator |  TASK [desktop : add noobslab mirror key] ***************************************
2016-11-07 10:53:43,774 p=3198 u=administrator |  changed: [vbox-srv]
2016-11-07 10:53:43,779 p=3198 u=administrator |  TASK [desktop : Add noobslab icon repository] **********************************
2016-11-07 10:53:48,921 p=3198 u=administrator |  changed: [vbox-srv]
2016-11-07 10:53:48,926 p=3198 u=administrator |  TASK [desktop : Add noobslab theme repository] *********************************
2016-11-07 10:53:53,604 p=3198 u=administrator |  changed: [vbox-srv]
2016-11-07 10:53:53,607 p=3198 u=administrator |  TASK [desktop : install noobs icons] *******************************************
2016-11-07 10:54:20,492 p=3198 u=administrator |  changed: [vbox-srv] => (item=[u'super-flat-remix-icons', u'vertex-icons', u'arc-icons'])
2016-11-07 10:54:20,496 p=3198 u=administrator |  TASK [desktop : install windos10 icons] ****************************************
2016-11-07 10:54:27,211 p=3198 u=administrator |  changed: [vbox-srv]
2016-11-07 10:54:27,216 p=3198 u=administrator |  TASK [desktop : install noobslab windos10-theme] *******************************
2016-11-07 10:54:35,267 p=3198 u=administrator |  changed: [vbox-srv]
2016-11-07 10:54:35,270 p=3198 u=administrator |  TASK [desktop : configure openbox] *********************************************
2016-11-07 10:54:38,250 p=3198 u=administrator |  changed: [vbox-srv]
2016-11-07 10:54:38,256 p=3198 u=administrator |  TASK [desktop : configure lxpanel] *********************************************
2016-11-07 10:54:41,279 p=3198 u=administrator |  changed: [vbox-srv]
2016-11-07 10:54:41,284 p=3198 u=administrator |  TASK [desktop : configure lxsession] *******************************************
2016-11-07 10:54:44,241 p=3198 u=administrator |  changed: [vbox-srv]
2016-11-07 10:54:44,246 p=3198 u=administrator |  TASK [desktop : configure pcmanfm] *********************************************
2016-11-07 10:54:47,278 p=3198 u=administrator |  changed: [vbox-srv]
2016-11-07 10:54:47,283 p=3198 u=administrator |  TASK [desktop : install language packages for en,zh,vi,zhuyin] *****************
2016-11-07 10:55:28,247 p=3198 u=administrator |  changed: [vbox-srv] => (item=[u'gimp-help-en', u'hunspell-en-au', u'hunspell-en-ca', u'hunspell-en-gb', u'hunspell-en-za', u'hyphen-en-gb', u'hyphen-en-us', u'mythes-en-au', u'mythes-en-us', u'hunspell-vi', u'language-pack-gnome-vi', u'language-pack-vi', u'language-pack-gnome-zh-hant', u'language-pack-zh-hant'])
2016-11-07 10:55:28,256 p=3198 u=administrator |  TASK [desktop : check if open office is installed] *****************************
2016-11-07 10:55:29,639 p=3198 u=administrator |  fatal: [vbox-srv]: FAILED! => {"changed": true, "cmd": ["dpkg", "-l", "libreoffice-common"], "delta": "0:00:00.021179", "end": "2016-11-07 10:55:29.629607", "failed": true, "rc": 1, "start": "2016-11-07 10:55:29.608428", "stderr": "dpkg-query: no packages found matching libreoffice-common", "stdout": "", "stdout_lines": [], "warnings": []}
2016-11-07 10:55:29,639 p=3198 u=administrator |  ...ignoring
2016-11-07 10:55:29,644 p=3198 u=administrator |  TASK [desktop : install libreoffice language support] **************************
2016-11-07 10:55:29,692 p=3198 u=administrator |  skipping: [vbox-srv] => (item=[]) 
2016-11-07 10:55:29,695 p=3198 u=administrator |  TASK [desktop : install base fcitx packages] ***********************************
2016-11-07 10:55:38,010 p=3198 u=administrator |  changed: [vbox-srv] => (item=[u'fcitx-frontend-gtk3', u'fcitx-frontend-qt4', u'fcitx-libs', u'fcitx-libs-qt', u'fcitx-module-kimpanel', u'libfcitx-qt0', u'libopencc1', u'libqt4-dbus', u'libqt4-declarative', u'libqt4-network', u'libqt4-script', u'libqt4-sql', u'libqt4-sql-mysql', u'libqt4-xml', u'libqt4-xmlpatterns', u'libqtcore4', u'libqtdbus4', u'libqtgui4', u'qdbus', u'qt-at-spi', u'qtchooser', u'qtcore4-l10n'])
2016-11-07 10:55:38,013 p=3198 u=administrator |  TASK [desktop : set fcitx as default input method] *****************************
2016-11-07 10:55:39,274 p=3198 u=administrator |  fatal: [vbox-srv]: FAILED! => {"changed": false, "cmd": "im-config -n fcitx", "failed": true, "msg": "[Errno 2] No such file or directory", "rc": 2}
2016-11-07 10:55:39,274 p=3198 u=administrator |  ...ignoring
2016-11-07 10:55:39,277 p=3198 u=administrator |  TASK [desktop : install fcitx taiwanese/chewing support] ***********************
2016-11-07 10:55:56,504 p=3198 u=administrator |  changed: [vbox-srv]
2016-11-07 10:55:56,509 p=3198 u=administrator |  TASK [desktop : update system] *************************************************
2016-11-07 10:56:59,142 p=3198 u=administrator |  changed: [vbox-srv]
2016-11-07 10:56:59,144 p=3198 u=administrator |  TASK [desktop : autoremove unused packages] ************************************
2016-11-07 10:57:00,921 p=3198 u=administrator |  fatal: [vbox-srv]: FAILED! => {"changed": false, "failed": true, "module_stderr": "Connection to vbox-srv closed.\r\n", "module_stdout": "\r\n\r\nTraceback (most recent call last):\r\n  File \"/tmp/ansible_4s9E90/ansible_module_apt.py\", line 909, in <module>\r\n    main()\r\n  File \"/tmp/ansible_4s9E90/ansible_module_apt.py\", line 855, in main\r\n    for package in packages:\r\nTypeError: 'NoneType' object is not iterable\r\n", "msg": "MODULE FAILURE"}
2016-11-07 10:57:00,926 p=3198 u=administrator |  PLAY RECAP *********************************************************************
2016-11-07 10:57:00,926 p=3198 u=administrator |  vbox-srv                   : ok=35   changed=29   unreachable=0    failed=1   
