2016-11-03 11:15:33,109 p=18156 u=administrator |  PLAY [vbox-srv] ****************************************************************
2016-11-03 11:15:33,154 p=18156 u=administrator |  TASK [setup] *******************************************************************
2016-11-03 11:15:35,045 p=18156 u=administrator |  ok: [vbox-srv]
2016-11-03 11:15:35,055 p=18156 u=administrator |  TASK [common : refresh the mirrors] ********************************************
2016-11-03 11:15:37,573 p=18156 u=administrator |  ok: [vbox-srv]
2016-11-03 11:15:37,582 p=18156 u=administrator |  TASK [common : install aptitude] ***********************************************
2016-11-03 11:15:39,277 p=18156 u=administrator |  ok: [vbox-srv]
2016-11-03 11:15:39,287 p=18156 u=administrator |  TASK [common : install apt-add-repository] *************************************
2016-11-03 11:15:40,994 p=18156 u=administrator |  ok: [vbox-srv]
2016-11-03 11:15:41,002 p=18156 u=administrator |  TASK [common : Set up ansible/cttb-os authorized_key] **************************
2016-11-03 11:15:42,408 p=18156 u=administrator |  ok: [vbox-srv] => (item=ssh-rsa AAAAB3NzaC1yc2EAAAADAQABAAACAQDYi3OOvRQAJnIZk+nTH15aJs0AOVSLaSN6TH+zrdyaRGk6XwrbvLoCiyGOveOt4TcwmOzgyrXg9p1Vy0gcd2pjN+fDbO07ftwPGtuSfbvShvnwYaRPzF1IcBEBMeml/e05Naw8Q0KhZbuGXnCHvEDM2QArw9qD/a77kEV9vxrhJaOUOFkdVx1gsU/dAjQikZzD+Sag7JhtSYIpZupA+YbD1K0dRYUdE9dm3yTUUFmWM3nCCpj8kpU+TWjFeG2M4ilWym7Y81tk3CgI3vzRZRkA395IZlpP1FKNjAlNsit8YuldRvgrYXjPH3TcM1XkLFL4k6EJTjwsM5oWC4o9TriFJRTN75MxGgs72tZcgwlN2W+qkGAGAAYMvSqCBPIXuVCp+3ixuECgnJ3pYq48x8J5DmTn6i93Q9eAv7Xj8B9shts8MlrwGzMBHqjEu/CFfJAHtsLmJ34vvfM0kTFp6Du/K7WnYAuBvB4agMSMBAKy3+9ij5r1+hOxEv7rPkJvlFTECYLvEmNGXOSthuKLEHarlAH21YB1+aP5GwdrypLlYifXYXbQyf/nc/sebyleA3yHs99OLxxW3SCFOqvWxRH7kV/i56Ei8JFxAASauQMy/jXT/FgnIKYae46c7ZJ9jTgfsrhZ1OSQ9oUqzyAS3ugUa5QW3uMEpfnXVxt/EnwnOw== ansible@cttb.us)
2016-11-03 11:15:42,419 p=18156 u=administrator |  TASK [common : install ntpd] ***************************************************
2016-11-03 11:15:42,466 p=18156 u=administrator |  skipping: [vbox-srv]
2016-11-03 11:15:42,475 p=18156 u=administrator |  TASK [common : enable ntp service] *********************************************
2016-11-03 11:15:42,514 p=18156 u=administrator |  skipping: [vbox-srv]
2016-11-03 11:15:42,522 p=18156 u=administrator |  TASK [common : ensure ntp is running] ******************************************
2016-11-03 11:15:42,565 p=18156 u=administrator |  skipping: [vbox-srv]
2016-11-03 11:15:42,574 p=18156 u=administrator |  TASK [common : remove net udev rule] *******************************************
2016-11-03 11:15:42,624 p=18156 u=administrator |  skipping: [vbox-srv]
2016-11-03 11:15:42,633 p=18156 u=administrator |  TASK [common : set hostname] ***************************************************
2016-11-03 11:15:43,985 p=18156 u=administrator |  ok: [vbox-srv]
2016-11-03 11:15:43,994 p=18156 u=administrator |  TASK [common : fix /etc/hosts] *************************************************
2016-11-03 11:15:45,321 p=18156 u=administrator |  ok: [vbox-srv]
2016-11-03 11:15:45,328 p=18156 u=administrator |  TASK [common : fix 127.0.1.1] **************************************************
2016-11-03 11:15:46,605 p=18156 u=administrator |  ok: [vbox-srv]
2016-11-03 11:15:46,612 p=18156 u=administrator |  TASK [common : add ansible repo key] *******************************************
2016-11-03 11:15:48,946 p=18156 u=administrator |  changed: [vbox-srv]
2016-11-03 11:15:48,954 p=18156 u=administrator |  TASK [common : add ansible repo mirror] ****************************************
2016-11-03 11:15:53,177 p=18156 u=administrator |  fatal: [vbox-srv]: FAILED! => {"changed": false, "failed": true, "module_stderr": "", "module_stdout": "\r\n\r\nTraceback (most recent call last):\r\n  File \"/tmp/ansible_NBwlyZ/ansible_module_apt_repository.py\", line 525, in <module>\r\n    main()\r\n  File \"/tmp/ansible_NBwlyZ/ansible_module_apt_repository.py\", line 515, in main\r\n    cache.update()\r\n  File \"/usr/lib/python2.7/dist-packages/apt/cache.py\", line 454, in update\r\n    raise FetchFailedException(e)\r\napt.cache.FetchFailedException: E:Failed to fetch http://theoverseer.cttb/ansible/dists/xenial/main/binary-i386/Packages  404  Not Found, E:Some index files failed to download. They have been ignored, or old ones used instead.\r\n", "msg": "MODULE FAILURE"}
2016-11-03 11:15:53,183 p=18156 u=administrator |  NO MORE HOSTS LEFT *************************************************************
2016-11-03 11:15:53,184 p=18156 u=administrator |  PLAY RECAP *********************************************************************
2016-11-03 11:15:53,184 p=18156 u=administrator |  vbox-srv                   : ok=9    changed=1    unreachable=0    failed=1   
