2016-11-06 17:22:31,766 p=1637 u=administrator |  statically included: /home/administrator/Documents/ansible/new/roles/desktop/tasks/lubuntu.yml
2016-11-06 17:22:31,783 p=1637 u=administrator |  statically included: /home/administrator/Documents/ansible/new/roles/desktop/tasks/lookandfeel.yml
2016-11-06 17:22:31,829 p=1637 u=administrator |  PLAY [vbox-srv] ****************************************************************
2016-11-06 17:22:31,914 p=1637 u=administrator |  TASK [setup] *******************************************************************
2016-11-06 17:22:33,815 p=1637 u=administrator |  ok: [vbox-srv]
2016-11-06 17:22:33,825 p=1637 u=administrator |  TASK [common : refresh the mirrors] ********************************************
2016-11-06 17:22:36,476 p=1637 u=administrator |  ok: [vbox-srv]
2016-11-06 17:22:36,485 p=1637 u=administrator |  TASK [common : install aptitude] ***********************************************
2016-11-06 17:22:38,196 p=1637 u=administrator |  ok: [vbox-srv]
2016-11-06 17:22:38,204 p=1637 u=administrator |  TASK [common : install apt-add-repository] *************************************
2016-11-06 17:22:39,912 p=1637 u=administrator |  ok: [vbox-srv]
2016-11-06 17:22:39,920 p=1637 u=administrator |  TASK [common : Set up ansible/cttb-os authorized_key] **************************
2016-11-06 17:22:41,338 p=1637 u=administrator |  ok: [vbox-srv] => (item=ssh-rsa AAAAB3NzaC1yc2EAAAADAQABAAACAQDYi3OOvRQAJnIZk+nTH15aJs0AOVSLaSN6TH+zrdyaRGk6XwrbvLoCiyGOveOt4TcwmOzgyrXg9p1Vy0gcd2pjN+fDbO07ftwPGtuSfbvShvnwYaRPzF1IcBEBMeml/e05Naw8Q0KhZbuGXnCHvEDM2QArw9qD/a77kEV9vxrhJaOUOFkdVx1gsU/dAjQikZzD+Sag7JhtSYIpZupA+YbD1K0dRYUdE9dm3yTUUFmWM3nCCpj8kpU+TWjFeG2M4ilWym7Y81tk3CgI3vzRZRkA395IZlpP1FKNjAlNsit8YuldRvgrYXjPH3TcM1XkLFL4k6EJTjwsM5oWC4o9TriFJRTN75MxGgs72tZcgwlN2W+qkGAGAAYMvSqCBPIXuVCp+3ixuECgnJ3pYq48x8J5DmTn6i93Q9eAv7Xj8B9shts8MlrwGzMBHqjEu/CFfJAHtsLmJ34vvfM0kTFp6Du/K7WnYAuBvB4agMSMBAKy3+9ij5r1+hOxEv7rPkJvlFTECYLvEmNGXOSthuKLEHarlAH21YB1+aP5GwdrypLlYifXYXbQyf/nc/sebyleA3yHs99OLxxW3SCFOqvWxRH7kV/i56Ei8JFxAASauQMy/jXT/FgnIKYae46c7ZJ9jTgfsrhZ1OSQ9oUqzyAS3ugUa5QW3uMEpfnXVxt/EnwnOw== ansible@cttb.us)
2016-11-06 17:22:41,348 p=1637 u=administrator |  TASK [common : install ntpd] ***************************************************
2016-11-06 17:22:41,385 p=1637 u=administrator |  skipping: [vbox-srv]
2016-11-06 17:22:41,394 p=1637 u=administrator |  TASK [common : enable ntp service] *********************************************
2016-11-06 17:22:41,432 p=1637 u=administrator |  skipping: [vbox-srv]
2016-11-06 17:22:41,440 p=1637 u=administrator |  TASK [common : ensure ntp is running] ******************************************
2016-11-06 17:22:41,483 p=1637 u=administrator |  skipping: [vbox-srv]
2016-11-06 17:22:41,493 p=1637 u=administrator |  TASK [common : remove net udev rule] *******************************************
2016-11-06 17:22:41,531 p=1637 u=administrator |  skipping: [vbox-srv]
2016-11-06 17:22:41,541 p=1637 u=administrator |  TASK [common : set hostname] ***************************************************
2016-11-06 17:22:42,920 p=1637 u=administrator |  ok: [vbox-srv]
2016-11-06 17:22:42,928 p=1637 u=administrator |  TASK [common : fix /etc/hosts] *************************************************
2016-11-06 17:22:44,267 p=1637 u=administrator |  ok: [vbox-srv]
2016-11-06 17:22:44,275 p=1637 u=administrator |  TASK [common : fix 127.0.1.1] **************************************************
2016-11-06 17:22:45,537 p=1637 u=administrator |  ok: [vbox-srv]
2016-11-06 17:22:45,545 p=1637 u=administrator |  TASK [common : add ansible repo key] *******************************************
2016-11-06 17:22:46,977 p=1637 u=administrator |  ok: [vbox-srv]
2016-11-06 17:22:46,985 p=1637 u=administrator |  TASK [common : add ansible repo mirror] ****************************************
2016-11-06 17:22:48,455 p=1637 u=administrator |  ok: [vbox-srv]
2016-11-06 17:22:48,465 p=1637 u=administrator |  TASK [common : install basic software] *****************************************
2016-11-06 17:22:50,182 p=1637 u=administrator |  ok: [vbox-srv] => (item=[u'ansible', u'byobu', u'collectd', u'curl', u'iperf', u'git', u'obnam', u'traceroute', u'unattended-upgrades', u'vim', u'whois'])
2016-11-06 17:22:50,192 p=1637 u=administrator |  TASK [common : vim saner defaults] *********************************************
2016-11-06 17:22:52,895 p=1637 u=administrator |  ok: [vbox-srv]
2016-11-06 17:22:52,905 p=1637 u=administrator |  TASK [common : vim saner defaults for administrator] ***************************
2016-11-06 17:22:55,353 p=1637 u=administrator |  ok: [vbox-srv]
2016-11-06 17:22:55,361 p=1637 u=administrator |  TASK [desktop : fix network interfaces] ****************************************
2016-11-06 17:22:57,824 p=1637 u=administrator |  ok: [vbox-srv]
2016-11-06 17:22:57,833 p=1637 u=administrator |  TASK [desktop : install lubuntu] ***********************************************
2016-11-06 17:22:59,589 p=1637 u=administrator |  ok: [vbox-srv] => (item=[u'lubuntu-core', u'desktop-file-utils', u'dmz-cursor-theme', u'evince', u'file-roller', u'galculator', u'indicator-application', u'indicator-application-gtk2', u'leafpad', u'light-locker', u'light-locker-settings', u'lightdm-gtk-greeter-settings', u'lubuntu-default-session', u'lxappearance', u'lxappearance-obconf', u'lxinput', u'lxlauncher', u'lxpanel-indicator-applet-plugin', u'lxrandr', u'lxsession-default-apps', u'lxsession-logout', u'lxshortcut', u'lxtask', u'lxterminal', u'obconf', u'pm-utils', u'scrot', u'simple-scan', u'xdg-user-dirs', u'xfce4-power-manager', u'xz-utils'])
2016-11-06 17:22:59,606 p=1637 u=administrator |  TASK [desktop : configure lightdm] *********************************************
2016-11-06 17:23:03,933 p=1637 u=administrator |  ok: [vbox-srv]
2016-11-06 17:23:03,941 p=1637 u=administrator |  TASK [desktop : configure pcmanfm main] ****************************************
2016-11-06 17:23:06,433 p=1637 u=administrator |  ok: [vbox-srv]
2016-11-06 17:23:06,442 p=1637 u=administrator |  TASK [desktop : setup default account files] ***********************************
2016-11-06 17:23:14,443 p=1637 u=administrator |  changed: [vbox-srv]
2016-11-06 17:23:14,451 p=1637 u=administrator |  TASK [desktop : copy lightdm avatar image] *************************************
2016-11-06 17:23:14,511 p=1637 u=administrator |  fatal: [vbox-srv]: FAILED! => {"failed": true, "msg": "the field 'args' has an invalid value, which appears to include a variable that is undefined. The error was: 'pic_avatar' is undefined\n\nThe error appears to have been in '/home/administrator/Documents/ansible/new/roles/desktop/tasks/lookandfeel.yml': line 12, column 5, but may\nbe elsewhere in the file depending on the exact syntax problem.\n\nThe offending line appears to be:\n\n\n  - name: copy lightdm avatar image\n    ^ here\n"}
2016-11-06 17:23:14,518 p=1637 u=administrator |  NO MORE HOSTS LEFT *************************************************************
2016-11-06 17:23:14,518 p=1637 u=administrator |  PLAY RECAP *********************************************************************
2016-11-06 17:23:14,518 p=1637 u=administrator |  vbox-srv                   : ok=18   changed=1    unreachable=0    failed=1   
