2016-11-06 17:54:12,685 p=23173 u=administrator |  Using /home/administrator/Documents/ansible/new/ansible.cfg as config file
2016-11-06 17:54:14,377 p=23173 u=administrator |  statically included: /home/administrator/Documents/ansible/new/roles/desktop/tasks/lubuntu.yml
2016-11-06 17:54:14,393 p=23173 u=administrator |  statically included: /home/administrator/Documents/ansible/new/roles/desktop/tasks/lookandfeel.yml
2016-11-06 17:54:14,423 p=23173 u=administrator |  Loaded callback default of type stdout, v2.0
2016-11-06 17:54:14,431 p=23173 u=administrator |  PLAYBOOK: base.yml *************************************************************
2016-11-06 17:54:14,431 p=23173 u=administrator |  1 plays in /home/administrator/Documents/ansible/new/plays/base.yml
2016-11-06 17:54:14,439 p=23173 u=administrator |  PLAY [vbox-srv] ****************************************************************
2016-11-06 17:54:14,510 p=23173 u=administrator |  TASK [setup] *******************************************************************
2016-11-06 17:54:16,488 p=23173 u=administrator |  ok: [vbox-srv]
2016-11-06 17:54:16,497 p=23173 u=administrator |  TASK [desktop : setup default account files] ***********************************
2016-11-06 17:54:16,497 p=23173 u=administrator |  task path: /home/administrator/Documents/ansible/new/roles/desktop/tasks/lookandfeel.yml:7
2016-11-06 17:54:23,053 p=23173 u=administrator |  ok: [vbox-srv] => {"changed": false, "dest": "/etc/skel/", "invocation": {"module_args": {"dest": "/etc/skel/", "src": "config/etc-skel/"}, "module_name": "copy"}, "src": "/home/administrator/Documents/ansible/new/roles/desktop/files/config/etc-skel/"}
2016-11-06 17:54:23,061 p=23173 u=administrator |  TASK [desktop : copy lightdm avatar image] *************************************
2016-11-06 17:54:23,062 p=23173 u=administrator |  task path: /home/administrator/Documents/ansible/new/roles/desktop/tasks/lookandfeel.yml:12
2016-11-06 17:54:25,573 p=23173 u=administrator |  ok: [vbox-srv] => {"changed": false, "checksum": "3b46047be8989a9f33a0ab7ae1a0a71ac3e1750f", "dest": "/usr/share/lubuntu/images/avatar.png", "diff": {"after": {"path": "/usr/share/lubuntu/images/avatar.png"}, "before": {"path": "/usr/share/lubuntu/images/avatar.png"}}, "gid": 0, "group": "root", "invocation": {"module_args": {"backup": null, "content": null, "delimiter": null, "dest": "/usr/share/lubuntu/images/avatar.png", "diff_peek": null, "directory_mode": null, "follow": false, "force": false, "group": "root", "mode": 644, "original_basename": "avatar-cttb.png", "owner": "root", "path": "/usr/share/lubuntu/images/avatar.png", "recurse": false, "regexp": null, "remote_src": null, "selevel": null, "serole": null, "setype": null, "seuser": null, "src": "avatar-cttb.png", "state": null, "validate": null}}, "mode": "01204", "owner": "root", "path": "/usr/share/lubuntu/images/avatar.png", "size": 11255, "state": "file", "uid": 0}
2016-11-06 17:54:25,582 p=23173 u=administrator |  TASK [desktop : deploy image background] ***************************************
2016-11-06 17:54:25,582 p=23173 u=administrator |  task path: /home/administrator/Documents/ansible/new/roles/desktop/tasks/lookandfeel.yml:20
2016-11-06 17:54:28,140 p=23173 u=administrator |  ok: [vbox-srv] => {"changed": false, "checksum": "11dcd0f4375e1573e794d4a82f9c0881fda3c67c", "dest": "/usr/share/lubuntu/wallpapers/background.jpg", "diff": {"after": {"path": "/usr/share/lubuntu/wallpapers/background.jpg"}, "before": {"path": "/usr/share/lubuntu/wallpapers/background.jpg"}}, "gid": 0, "group": "root", "invocation": {"module_args": {"backup": null, "content": null, "delimiter": null, "dest": "/usr/share/lubuntu/wallpapers/background.jpg", "diff_peek": null, "directory_mode": null, "follow": false, "force": false, "group": "root", "mode": 644, "original_basename": "bg-windos10.jpg", "owner": "root", "path": "/usr/share/lubuntu/wallpapers/background.jpg", "recurse": false, "regexp": null, "remote_src": null, "selevel": null, "serole": null, "setype": null, "seuser": null, "src": "bg-windos10.jpg", "state": null, "validate": null}}, "mode": "01204", "owner": "root", "path": "/usr/share/lubuntu/wallpapers/background.jpg", "size": 266259, "state": "file", "uid": 0}
2016-11-06 17:54:28,149 p=23173 u=administrator |  TASK [desktop : add noobslab mirror key] ***************************************
2016-11-06 17:54:28,149 p=23173 u=administrator |  task path: /home/administrator/Documents/ansible/new/roles/desktop/tasks/lookandfeel.yml:28
2016-11-06 17:54:29,693 p=23173 u=administrator |  ok: [vbox-srv] => {"changed": false, "invocation": {"module_args": {"data": null, "file": null, "id": "0xF59EAE4D", "key": null, "keyring": null, "keyserver": "keyserver.ubuntu.com", "state": "present", "url": null, "validate_certs": true}, "module_name": "apt_key"}}
2016-11-06 17:54:29,702 p=23173 u=administrator |  TASK [desktop : Add noobslab icon repository] **********************************
2016-11-06 17:54:29,702 p=23173 u=administrator |  task path: /home/administrator/Documents/ansible/new/roles/desktop/tasks/lookandfeel.yml:33
2016-11-06 17:54:31,208 p=23173 u=administrator |  ok: [vbox-srv] => {"changed": false, "diff": {}, "invocation": {"module_args": {"filename": null, "install_python_apt": true, "mode": null, "repo": "deb http://theoverseer.cttb/noobslab-icons xenial main", "state": "present", "update_cache": true, "validate_certs": true}, "module_name": "apt_repository"}, "repo": "deb http://theoverseer.cttb/noobslab-icons xenial main", "state": "present"}
2016-11-06 17:54:31,217 p=23173 u=administrator |  TASK [desktop : Add noobslab theme repository] *********************************
2016-11-06 17:54:31,217 p=23173 u=administrator |  task path: /home/administrator/Documents/ansible/new/roles/desktop/tasks/lookandfeel.yml:38
2016-11-06 17:54:32,650 p=23173 u=administrator |  ok: [vbox-srv] => {"changed": false, "diff": {}, "invocation": {"module_args": {"filename": null, "install_python_apt": true, "mode": null, "repo": "deb http://theoverseer.cttb/noobslab-themes xenial main", "state": "present", "update_cache": true, "validate_certs": true}, "module_name": "apt_repository"}, "repo": "deb http://theoverseer.cttb/noobslab-themes xenial main", "state": "present"}
2016-11-06 17:54:32,659 p=23173 u=administrator |  TASK [desktop : install noobs icons] *******************************************
2016-11-06 17:54:32,659 p=23173 u=administrator |  task path: /home/administrator/Documents/ansible/new/roles/desktop/tasks/lookandfeel.yml:43
2016-11-06 17:54:34,596 p=23173 u=administrator |  ok: [vbox-srv] => (item=[u'super-flat-remix-icons', u'vertex-icons', u'arc-icons']) => {"cache_update_time": 0, "cache_updated": false, "changed": false, "invocation": {"module_args": {"allow_unauthenticated": false, "autoremove": false, "cache_valid_time": null, "deb": null, "default_release": null, "dpkg_options": "force-confdef,force-confold", "force": false, "install_recommends": false, "name": ["super-flat-remix-icons", "vertex-icons", "arc-icons"], "only_upgrade": false, "package": ["super-flat-remix-icons", "vertex-icons", "arc-icons"], "purge": false, "state": "present", "update_cache": false, "upgrade": null}, "module_name": "apt"}, "item": ["super-flat-remix-icons", "vertex-icons", "arc-icons"]}
2016-11-06 17:54:34,609 p=23173 u=administrator |  TASK [desktop : install windos10 icons] ****************************************
2016-11-06 17:54:34,609 p=23173 u=administrator |  task path: /home/administrator/Documents/ansible/new/roles/desktop/tasks/lookandfeel.yml:53
2016-11-06 17:54:36,189 p=23173 u=administrator |  fatal: [vbox-srv]: FAILED! => {"failed": true, "msg": "file or module does not exist: /home/administrator/Documents/ansible/new/plays/http:/theoverseer.cttb/ansible_assets/windos10-icons-custom.tar.gz"}
2016-11-06 17:54:36,195 p=23173 u=administrator |  NO MORE HOSTS LEFT *************************************************************
2016-11-06 17:54:36,196 p=23173 u=administrator |  PLAY RECAP *********************************************************************
2016-11-06 17:54:36,196 p=23173 u=administrator |  vbox-srv                   : ok=8    changed=0    unreachable=0    failed=1   
