2016-11-03 11:25:28,866 p=24708 u=administrator |  PLAY [vbox-srv] ****************************************************************
2016-11-03 11:25:28,911 p=24708 u=administrator |  TASK [setup] *******************************************************************
2016-11-03 11:25:30,785 p=24708 u=administrator |  ok: [vbox-srv]
2016-11-03 11:25:30,809 p=24708 u=administrator |  TASK [common : refresh the mirrors] ********************************************
2016-11-03 11:25:33,383 p=24708 u=administrator |  ok: [vbox-srv]
2016-11-03 11:25:33,393 p=24708 u=administrator |  TASK [common : install aptitude] ***********************************************
2016-11-03 11:25:35,079 p=24708 u=administrator |  ok: [vbox-srv]
2016-11-03 11:25:35,088 p=24708 u=administrator |  TASK [common : install apt-add-repository] *************************************
2016-11-03 11:25:36,755 p=24708 u=administrator |  ok: [vbox-srv]
2016-11-03 11:25:36,764 p=24708 u=administrator |  TASK [common : Set up ansible/cttb-os authorized_key] **************************
2016-11-03 11:25:38,208 p=24708 u=administrator |  ok: [vbox-srv] => (item=ssh-rsa AAAAB3NzaC1yc2EAAAADAQABAAACAQDYi3OOvRQAJnIZk+nTH15aJs0AOVSLaSN6TH+zrdyaRGk6XwrbvLoCiyGOveOt4TcwmOzgyrXg9p1Vy0gcd2pjN+fDbO07ftwPGtuSfbvShvnwYaRPzF1IcBEBMeml/e05Naw8Q0KhZbuGXnCHvEDM2QArw9qD/a77kEV9vxrhJaOUOFkdVx1gsU/dAjQikZzD+Sag7JhtSYIpZupA+YbD1K0dRYUdE9dm3yTUUFmWM3nCCpj8kpU+TWjFeG2M4ilWym7Y81tk3CgI3vzRZRkA395IZlpP1FKNjAlNsit8YuldRvgrYXjPH3TcM1XkLFL4k6EJTjwsM5oWC4o9TriFJRTN75MxGgs72tZcgwlN2W+qkGAGAAYMvSqCBPIXuVCp+3ixuECgnJ3pYq48x8J5DmTn6i93Q9eAv7Xj8B9shts8MlrwGzMBHqjEu/CFfJAHtsLmJ34vvfM0kTFp6Du/K7WnYAuBvB4agMSMBAKy3+9ij5r1+hOxEv7rPkJvlFTECYLvEmNGXOSthuKLEHarlAH21YB1+aP5GwdrypLlYifXYXbQyf/nc/sebyleA3yHs99OLxxW3SCFOqvWxRH7kV/i56Ei8JFxAASauQMy/jXT/FgnIKYae46c7ZJ9jTgfsrhZ1OSQ9oUqzyAS3ugUa5QW3uMEpfnXVxt/EnwnOw== ansible@cttb.us)
2016-11-03 11:25:38,217 p=24708 u=administrator |  TASK [common : install ntpd] ***************************************************
2016-11-03 11:25:38,253 p=24708 u=administrator |  skipping: [vbox-srv]
2016-11-03 11:25:38,262 p=24708 u=administrator |  TASK [common : enable ntp service] *********************************************
2016-11-03 11:25:38,300 p=24708 u=administrator |  skipping: [vbox-srv]
2016-11-03 11:25:38,308 p=24708 u=administrator |  TASK [common : ensure ntp is running] ******************************************
2016-11-03 11:25:38,346 p=24708 u=administrator |  skipping: [vbox-srv]
2016-11-03 11:25:38,355 p=24708 u=administrator |  TASK [common : remove net udev rule] *******************************************
2016-11-03 11:25:38,398 p=24708 u=administrator |  skipping: [vbox-srv]
2016-11-03 11:25:38,407 p=24708 u=administrator |  TASK [common : set hostname] ***************************************************
2016-11-03 11:25:39,807 p=24708 u=administrator |  ok: [vbox-srv]
2016-11-03 11:25:39,816 p=24708 u=administrator |  TASK [common : fix /etc/hosts] *************************************************
2016-11-03 11:25:41,200 p=24708 u=administrator |  ok: [vbox-srv]
2016-11-03 11:25:41,208 p=24708 u=administrator |  TASK [common : fix 127.0.1.1] **************************************************
2016-11-03 11:25:42,476 p=24708 u=administrator |  ok: [vbox-srv]
2016-11-03 11:25:42,485 p=24708 u=administrator |  TASK [common : add ansible repo key] *******************************************
2016-11-03 11:25:44,024 p=24708 u=administrator |  ok: [vbox-srv]
2016-11-03 11:25:44,032 p=24708 u=administrator |  TASK [common : add ansible repo mirror] ****************************************
2016-11-03 11:25:45,533 p=24708 u=administrator |  ok: [vbox-srv]
2016-11-03 11:25:45,541 p=24708 u=administrator |  TASK [common : install basic software] *****************************************
2016-11-03 11:25:47,314 p=24708 u=administrator |  ok: [vbox-srv] => (item=[u'unattended-upgrades', u'curl', u'ansible', u'collectd', u'vim'])
2016-11-03 11:25:47,330 p=24708 u=administrator |  TASK [common : vim saner defaults] *********************************************
2016-11-03 11:25:50,070 p=24708 u=administrator |  changed: [vbox-srv]
2016-11-03 11:25:50,079 p=24708 u=administrator |  TASK [common : vim saner defaults for administrator] ***************************
2016-11-03 11:25:52,605 p=24708 u=administrator |  changed: [vbox-srv]
2016-11-03 11:25:52,612 p=24708 u=administrator |  PLAY RECAP *********************************************************************
2016-11-03 11:25:52,613 p=24708 u=administrator |  vbox-srv                   : ok=13   changed=2    unreachable=0    failed=0   
