2016-11-03 10:43:36,548 p=29670 u=administrator |  PLAY [vbox-srv] ****************************************************************
2016-11-03 10:43:36,593 p=29670 u=administrator |  TASK [setup] *******************************************************************
2016-11-03 10:43:38,490 p=29670 u=administrator |  ok: [vbox-srv]
2016-11-03 10:43:38,499 p=29670 u=administrator |  TASK [common : refresh the mirrors] ********************************************
2016-11-03 10:43:41,016 p=29670 u=administrator |  ok: [vbox-srv]
2016-11-03 10:43:41,023 p=29670 u=administrator |  TASK [common : install aptitude] ***********************************************
2016-11-03 10:43:42,669 p=29670 u=administrator |  ok: [vbox-srv]
2016-11-03 10:43:42,677 p=29670 u=administrator |  TASK [common : install apt-add-repository] *************************************
2016-11-03 10:43:44,376 p=29670 u=administrator |  ok: [vbox-srv]
2016-11-03 10:43:44,385 p=29670 u=administrator |  TASK [common : Set up cttbos authorized_key] ***********************************
2016-11-03 10:43:45,770 p=29670 u=administrator |  ok: [vbox-srv] => (item=ssh-rsa AAAAB3NzaC1yc2EAAAADAQABAAACAQDYi3OOvRQAJnIZk+nTH15aJs0AOVSLaSN6TH+zrdyaRGk6XwrbvLoCiyGOveOt4TcwmOzgyrXg9p1Vy0gcd2pjN+fDbO07ftwPGtuSfbvShvnwYaRPzF1IcBEBMeml/e05Naw8Q0KhZbuGXnCHvEDM2QArw9qD/a77kEV9vxrhJaOUOFkdVx1gsU/dAjQikZzD+Sag7JhtSYIpZupA+YbD1K0dRYUdE9dm3yTUUFmWM3nCCpj8kpU+TWjFeG2M4ilWym7Y81tk3CgI3vzRZRkA395IZlpP1FKNjAlNsit8YuldRvgrYXjPH3TcM1XkLFL4k6EJTjwsM5oWC4o9TriFJRTN75MxGgs72tZcgwlN2W+qkGAGAAYMvSqCBPIXuVCp+3ixuECgnJ3pYq48x8J5DmTn6i93Q9eAv7Xj8B9shts8MlrwGzMBHqjEu/CFfJAHtsLmJ34vvfM0kTFp6Du/K7WnYAuBvB4agMSMBAKy3+9ij5r1+hOxEv7rPkJvlFTECYLvEmNGXOSthuKLEHarlAH21YB1+aP5GwdrypLlYifXYXbQyf/nc/sebyleA3yHs99OLxxW3SCFOqvWxRH7kV/i56Ei8JFxAASauQMy/jXT/FgnIKYae46c7ZJ9jTgfsrhZ1OSQ9oUqzyAS3ugUa5QW3uMEpfnXVxt/EnwnOw== ansible@cttb.us)
2016-11-03 10:43:45,780 p=29670 u=administrator |  TASK [common : install ntpd] ***************************************************
2016-11-03 10:43:45,822 p=29670 u=administrator |  skipping: [vbox-srv]
2016-11-03 10:43:45,832 p=29670 u=administrator |  TASK [common : enable ntp service] *********************************************
2016-11-03 10:43:45,869 p=29670 u=administrator |  skipping: [vbox-srv]
2016-11-03 10:43:45,877 p=29670 u=administrator |  TASK [common : ensure ntp is running] ******************************************
2016-11-03 10:43:45,920 p=29670 u=administrator |  skipping: [vbox-srv]
2016-11-03 10:43:45,928 p=29670 u=administrator |  TASK [common : remove net udev rule] *******************************************
2016-11-03 10:43:45,971 p=29670 u=administrator |  skipping: [vbox-srv]
2016-11-03 10:43:45,981 p=29670 u=administrator |  TASK [common : set hostname] ***************************************************
2016-11-03 10:43:47,330 p=29670 u=administrator |  ok: [vbox-srv]
2016-11-03 10:43:47,338 p=29670 u=administrator |  TASK [common : fix /etc/hosts] *************************************************
2016-11-03 10:43:48,659 p=29670 u=administrator |  ok: [vbox-srv]
2016-11-03 10:43:48,667 p=29670 u=administrator |  TASK [common : fix 127.0.1.1] **************************************************
2016-11-03 10:43:49,918 p=29670 u=administrator |  ok: [vbox-srv]
2016-11-03 10:43:49,927 p=29670 u=administrator |  TASK [common : vim saner defaults] *********************************************
2016-11-03 10:43:53,109 p=29670 u=administrator |  changed: [vbox-srv]
2016-11-03 10:43:53,117 p=29670 u=administrator |  TASK [common : vim saner defaults for administrator] ***************************
2016-11-03 10:43:56,120 p=29670 u=administrator |  changed: [vbox-srv]
2016-11-03 10:43:56,128 p=29670 u=administrator |  PLAY RECAP *********************************************************************
2016-11-03 10:43:56,128 p=29670 u=administrator |  vbox-srv                   : ok=10   changed=2    unreachable=0    failed=0   
