2016-11-07 11:08:03,904 p=17127 u=administrator |  PLAY [vbox-srv] ****************************************************************
2016-11-07 11:08:03,955 p=17127 u=administrator |  TASK [setup] *******************************************************************
2016-11-07 11:08:05,641 p=17127 u=administrator |  ok: [vbox-srv]
2016-11-07 11:08:05,647 p=17127 u=administrator |  TASK [common : refresh the mirrors] ********************************************
2016-11-07 11:08:08,435 p=17127 u=administrator |  changed: [vbox-srv]
2016-11-07 11:08:08,440 p=17127 u=administrator |  TASK [common : install aptitude] ***********************************************
2016-11-07 11:08:10,116 p=17127 u=administrator |  ok: [vbox-srv]
2016-11-07 11:08:10,119 p=17127 u=administrator |  TASK [common : install apt-add-repository] *************************************
2016-11-07 11:08:11,785 p=17127 u=administrator |  ok: [vbox-srv]
2016-11-07 11:08:11,790 p=17127 u=administrator |  TASK [common : Set up ansible/cttb-os authorized_key] **************************
2016-11-07 11:08:13,289 p=17127 u=administrator |  ok: [vbox-srv] => (item=ssh-rsa AAAAB3NzaC1yc2EAAAADAQABAAACAQDYi3OOvRQAJnIZk+nTH15aJs0AOVSLaSN6TH+zrdyaRGk6XwrbvLoCiyGOveOt4TcwmOzgyrXg9p1Vy0gcd2pjN+fDbO07ftwPGtuSfbvShvnwYaRPzF1IcBEBMeml/e05Naw8Q0KhZbuGXnCHvEDM2QArw9qD/a77kEV9vxrhJaOUOFkdVx1gsU/dAjQikZzD+Sag7JhtSYIpZupA+YbD1K0dRYUdE9dm3yTUUFmWM3nCCpj8kpU+TWjFeG2M4ilWym7Y81tk3CgI3vzRZRkA395IZlpP1FKNjAlNsit8YuldRvgrYXjPH3TcM1XkLFL4k6EJTjwsM5oWC4o9TriFJRTN75MxGgs72tZcgwlN2W+qkGAGAAYMvSqCBPIXuVCp+3ixuECgnJ3pYq48x8J5DmTn6i93Q9eAv7Xj8B9shts8MlrwGzMBHqjEu/CFfJAHtsLmJ34vvfM0kTFp6Du/K7WnYAuBvB4agMSMBAKy3+9ij5r1+hOxEv7rPkJvlFTECYLvEmNGXOSthuKLEHarlAH21YB1+aP5GwdrypLlYifXYXbQyf/nc/sebyleA3yHs99OLxxW3SCFOqvWxRH7kV/i56Ei8JFxAASauQMy/jXT/FgnIKYae46c7ZJ9jTgfsrhZ1OSQ9oUqzyAS3ugUa5QW3uMEpfnXVxt/EnwnOw== ansible@cttb.us)
2016-11-07 11:08:13,293 p=17127 u=administrator |  TASK [common : install ntpd] ***************************************************
2016-11-07 11:08:13,322 p=17127 u=administrator |  skipping: [vbox-srv]
2016-11-07 11:08:13,327 p=17127 u=administrator |  TASK [common : enable ntp service] *********************************************
2016-11-07 11:08:13,354 p=17127 u=administrator |  skipping: [vbox-srv]
2016-11-07 11:08:13,360 p=17127 u=administrator |  TASK [common : ensure ntp is running] ******************************************
2016-11-07 11:08:13,386 p=17127 u=administrator |  skipping: [vbox-srv]
2016-11-07 11:08:13,388 p=17127 u=administrator |  TASK [common : remove net udev rule] *******************************************
2016-11-07 11:08:13,414 p=17127 u=administrator |  skipping: [vbox-srv]
2016-11-07 11:08:13,417 p=17127 u=administrator |  TASK [common : set hostname] ***************************************************
2016-11-07 11:08:15,114 p=17127 u=administrator |  ok: [vbox-srv]
2016-11-07 11:08:15,119 p=17127 u=administrator |  TASK [common : fix /etc/hosts] *************************************************
2016-11-07 11:08:16,477 p=17127 u=administrator |  ok: [vbox-srv]
2016-11-07 11:08:16,481 p=17127 u=administrator |  TASK [common : fix 127.0.1.1] **************************************************
2016-11-07 11:08:17,705 p=17127 u=administrator |  ok: [vbox-srv]
2016-11-07 11:08:17,708 p=17127 u=administrator |  TASK [common : add ansible repo key] *******************************************
2016-11-07 11:08:19,204 p=17127 u=administrator |  ok: [vbox-srv]
2016-11-07 11:08:19,208 p=17127 u=administrator |  TASK [common : add ansible repo mirror] ****************************************
2016-11-07 11:08:20,724 p=17127 u=administrator |  ok: [vbox-srv]
2016-11-07 11:08:20,727 p=17127 u=administrator |  TASK [common : install basic software] *****************************************
2016-11-07 11:09:09,880 p=17127 u=administrator |  changed: [vbox-srv] => (item=[u'ansible', u'byobu', u'collectd', u'curl', u'iperf', u'git', u'obnam', u'traceroute', u'unattended-upgrades', u'vim', u'whois'])
2016-11-07 11:09:09,884 p=17127 u=administrator |  TASK [common : vim saner defaults] *********************************************
2016-11-07 11:09:13,163 p=17127 u=administrator |  changed: [vbox-srv]
2016-11-07 11:09:13,168 p=17127 u=administrator |  TASK [common : vim saner defaults for administrator] ***************************
2016-11-07 11:09:16,138 p=17127 u=administrator |  changed: [vbox-srv]
2016-11-07 11:09:16,143 p=17127 u=administrator |  TASK [desktop : fix network interfaces] ****************************************
2016-11-07 11:09:19,147 p=17127 u=administrator |  changed: [vbox-srv]
2016-11-07 11:09:19,150 p=17127 u=administrator |  TASK [desktop : install lubuntu] ***********************************************
2016-11-07 11:13:12,420 p=17127 u=administrator |  changed: [vbox-srv] => (item=[u'lubuntu-core', u'desktop-file-utils', u'dmz-cursor-theme', u'evince', u'file-roller', u'galculator', u'indicator-application', u'indicator-application-gtk2', u'leafpad', u'light-locker', u'light-locker-settings', u'lightdm-gtk-greeter-settings', u'lubuntu-default-session', u'lxappearance', u'lxappearance-obconf', u'lxinput', u'lxlauncher', u'lxpanel-indicator-applet-plugin', u'lxrandr', u'lxsession-default-apps', u'lxsession-logout', u'lxshortcut', u'lxtask', u'lxterminal', u'obconf', u'pm-utils', u'scrot', u'simple-scan', u'xdg-user-dirs', u'xfce4-power-manager', u'xz-utils', u'policykit-1', u'policykit-1-gnome', u'libpolkit-agent-1-0', u'libpolkit-gobject-1-0', u'libpolkit-backend-1-0', u'libpolkit-qt-1-1', u'libpolkit-qt5-1-1', u'network-manager', u'network-manager-gnome', u'system-tools-backends', u'gnome-system-tools'])
2016-11-07 11:13:12,429 p=17127 u=administrator |  TASK [desktop : setup default account files] ***********************************
2016-11-07 11:13:29,912 p=17127 u=administrator |  changed: [vbox-srv]
2016-11-07 11:13:29,918 p=17127 u=administrator |  TASK [desktop : configure lightdm] *********************************************
2016-11-07 11:13:35,394 p=17127 u=administrator |  changed: [vbox-srv]
2016-11-07 11:13:35,397 p=17127 u=administrator |  TASK [desktop : copy lightdm avatar image] *************************************
2016-11-07 11:13:38,466 p=17127 u=administrator |  changed: [vbox-srv]
2016-11-07 11:13:38,469 p=17127 u=administrator |  TASK [desktop : deploy image background] ***************************************
2016-11-07 11:13:41,504 p=17127 u=administrator |  changed: [vbox-srv]
2016-11-07 11:13:41,508 p=17127 u=administrator |  TASK [desktop : add noobslab mirror key] ***************************************
2016-11-07 11:13:43,709 p=17127 u=administrator |  changed: [vbox-srv]
2016-11-07 11:13:43,713 p=17127 u=administrator |  TASK [desktop : Add noobslab icon repository] **********************************
2016-11-07 11:13:48,687 p=17127 u=administrator |  changed: [vbox-srv]
2016-11-07 11:13:48,690 p=17127 u=administrator |  TASK [desktop : Add noobslab theme repository] *********************************
2016-11-07 11:14:06,394 p=17127 u=administrator |  changed: [vbox-srv]
2016-11-07 11:14:06,397 p=17127 u=administrator |  TASK [desktop : install noobs icons] *******************************************
2016-11-07 11:14:47,222 p=17127 u=administrator |  changed: [vbox-srv] => (item=[u'super-flat-remix-icons', u'vertex-icons', u'arc-icons'])
2016-11-07 11:14:47,228 p=17127 u=administrator |  TASK [desktop : install windos10 icons] ****************************************
2016-11-07 11:14:53,894 p=17127 u=administrator |  changed: [vbox-srv]
2016-11-07 11:14:53,898 p=17127 u=administrator |  TASK [desktop : install noobslab windos10-theme] *******************************
2016-11-07 11:15:01,877 p=17127 u=administrator |  changed: [vbox-srv]
2016-11-07 11:15:01,880 p=17127 u=administrator |  TASK [desktop : configure openbox] *********************************************
2016-11-07 11:15:05,005 p=17127 u=administrator |  changed: [vbox-srv]
2016-11-07 11:15:05,010 p=17127 u=administrator |  TASK [desktop : configure lxpanel] *********************************************
2016-11-07 11:15:08,119 p=17127 u=administrator |  changed: [vbox-srv]
2016-11-07 11:15:08,124 p=17127 u=administrator |  TASK [desktop : configure lxsession] *******************************************
2016-11-07 11:15:11,141 p=17127 u=administrator |  changed: [vbox-srv]
2016-11-07 11:15:11,146 p=17127 u=administrator |  TASK [desktop : configure pcmanfm] *********************************************
2016-11-07 11:15:14,202 p=17127 u=administrator |  changed: [vbox-srv]
2016-11-07 11:15:14,205 p=17127 u=administrator |  TASK [desktop : install language packages for en,zh,vi,zhuyin] *****************
2016-11-07 11:15:53,939 p=17127 u=administrator |  changed: [vbox-srv] => (item=[u'gimp-help-en', u'hunspell-en-au', u'hunspell-en-ca', u'hunspell-en-gb', u'hunspell-en-za', u'hyphen-en-gb', u'hyphen-en-us', u'mythes-en-au', u'mythes-en-us', u'hunspell-vi', u'language-pack-gnome-vi', u'language-pack-vi', u'language-pack-gnome-zh-hant', u'language-pack-zh-hant'])
2016-11-07 11:15:53,944 p=17127 u=administrator |  TASK [desktop : check if open office is installed] *****************************
2016-11-07 11:15:55,352 p=17127 u=administrator |  fatal: [vbox-srv]: FAILED! => {"changed": true, "cmd": ["dpkg", "-l", "libreoffice-common"], "delta": "0:00:00.021035", "end": "2016-11-07 11:15:55.333974", "failed": true, "rc": 1, "start": "2016-11-07 11:15:55.312939", "stderr": "dpkg-query: no packages found matching libreoffice-common", "stdout": "", "stdout_lines": [], "warnings": []}
2016-11-07 11:15:55,353 p=17127 u=administrator |  ...ignoring
2016-11-07 11:15:55,357 p=17127 u=administrator |  TASK [desktop : install libreoffice language support] **************************
2016-11-07 11:15:55,411 p=17127 u=administrator |  skipping: [vbox-srv] => (item=[]) 
2016-11-07 11:15:55,416 p=17127 u=administrator |  TASK [desktop : install base fcitx packages] ***********************************
2016-11-07 11:16:03,818 p=17127 u=administrator |  changed: [vbox-srv] => (item=[u'fcitx-frontend-gtk3', u'fcitx-frontend-qt4', u'fcitx-libs', u'fcitx-libs-qt', u'fcitx-module-kimpanel', u'libfcitx-qt0', u'libopencc1', u'libqt4-dbus', u'libqt4-declarative', u'libqt4-network', u'libqt4-script', u'libqt4-sql', u'libqt4-sql-mysql', u'libqt4-xml', u'libqt4-xmlpatterns', u'libqtcore4', u'libqtdbus4', u'libqtgui4', u'qdbus', u'qt-at-spi', u'qtchooser', u'qtcore4-l10n'])
2016-11-07 11:16:03,820 p=17127 u=administrator |  TASK [desktop : set fcitx as default input method] *****************************
2016-11-07 11:16:05,006 p=17127 u=administrator |  fatal: [vbox-srv]: FAILED! => {"changed": false, "cmd": "im-config -n fcitx", "failed": true, "msg": "[Errno 2] No such file or directory", "rc": 2}
2016-11-07 11:16:05,007 p=17127 u=administrator |  ...ignoring
2016-11-07 11:16:05,010 p=17127 u=administrator |  TASK [desktop : install fcitx taiwanese/chewing support] ***********************
2016-11-07 11:16:14,551 p=17127 u=administrator |  changed: [vbox-srv]
2016-11-07 11:16:14,555 p=17127 u=administrator |  TASK [desktop : update system] *************************************************
2016-11-07 11:17:27,507 p=17127 u=administrator |  changed: [vbox-srv]
2016-11-07 11:17:27,509 p=17127 u=administrator |  PLAY RECAP *********************************************************************
2016-11-07 11:17:27,509 p=17127 u=administrator |  vbox-srv                   : ok=35   changed=24   unreachable=0    failed=0   
