2016-11-08 11:08:55,426 p=19259 u=administrator |  PLAY [vbox-srv] ****************************************************************
2016-11-08 11:08:55,479 p=19259 u=administrator |  TASK [setup] *******************************************************************
2016-11-08 11:08:55,480 p=19259 u=administrator |  Tuesday 08 November 2016  11:08:55 -0800 (0:00:00.056)       0:00:00.056 ****** 
2016-11-08 11:08:57,207 p=19259 u=administrator |  ok: [vbox-srv]
2016-11-08 11:08:57,211 p=19259 u=administrator |  TASK [common : refresh the mirrors] ********************************************
2016-11-08 11:08:57,212 p=19259 u=administrator |  Tuesday 08 November 2016  11:08:57 -0800 (0:00:01.731)       0:00:01.788 ****** 
2016-11-08 11:09:04,424 p=19259 u=administrator |  changed: [vbox-srv]
2016-11-08 11:09:04,427 p=19259 u=administrator |  TASK [common : install aptitude] ***********************************************
2016-11-08 11:09:04,427 p=19259 u=administrator |  Tuesday 08 November 2016  11:09:04 -0800 (0:00:07.215)       0:00:09.004 ****** 
2016-11-08 11:09:18,341 p=19259 u=administrator |  changed: [vbox-srv]
2016-11-08 11:09:18,343 p=19259 u=administrator |  TASK [common : install apt-add-repository] *************************************
2016-11-08 11:09:18,343 p=19259 u=administrator |  Tuesday 08 November 2016  11:09:18 -0800 (0:00:13.915)       0:00:22.920 ****** 
2016-11-08 11:09:23,087 p=19259 u=administrator |  changed: [vbox-srv]
2016-11-08 11:09:23,090 p=19259 u=administrator |  TASK [common : Set up ansible/cttb-os authorized_key] **************************
2016-11-08 11:09:23,090 p=19259 u=administrator |  Tuesday 08 November 2016  11:09:23 -0800 (0:00:04.746)       0:00:27.667 ****** 
2016-11-08 11:09:24,542 p=19259 u=administrator |  ok: [vbox-srv] => (item=ssh-rsa AAAAB3NzaC1yc2EAAAADAQABAAACAQDYi3OOvRQAJnIZk+nTH15aJs0AOVSLaSN6TH+zrdyaRGk6XwrbvLoCiyGOveOt4TcwmOzgyrXg9p1Vy0gcd2pjN+fDbO07ftwPGtuSfbvShvnwYaRPzF1IcBEBMeml/e05Naw8Q0KhZbuGXnCHvEDM2QArw9qD/a77kEV9vxrhJaOUOFkdVx1gsU/dAjQikZzD+Sag7JhtSYIpZupA+YbD1K0dRYUdE9dm3yTUUFmWM3nCCpj8kpU+TWjFeG2M4ilWym7Y81tk3CgI3vzRZRkA395IZlpP1FKNjAlNsit8YuldRvgrYXjPH3TcM1XkLFL4k6EJTjwsM5oWC4o9TriFJRTN75MxGgs72tZcgwlN2W+qkGAGAAYMvSqCBPIXuVCp+3ixuECgnJ3pYq48x8J5DmTn6i93Q9eAv7Xj8B9shts8MlrwGzMBHqjEu/CFfJAHtsLmJ34vvfM0kTFp6Du/K7WnYAuBvB4agMSMBAKy3+9ij5r1+hOxEv7rPkJvlFTECYLvEmNGXOSthuKLEHarlAH21YB1+aP5GwdrypLlYifXYXbQyf/nc/sebyleA3yHs99OLxxW3SCFOqvWxRH7kV/i56Ei8JFxAASauQMy/jXT/FgnIKYae46c7ZJ9jTgfsrhZ1OSQ9oUqzyAS3ugUa5QW3uMEpfnXVxt/EnwnOw== ansible@cttb.us)
2016-11-08 11:09:24,546 p=19259 u=administrator |  TASK [common : install ntpd] ***************************************************
2016-11-08 11:09:24,547 p=19259 u=administrator |  Tuesday 08 November 2016  11:09:24 -0800 (0:00:01.456)       0:00:29.123 ****** 
2016-11-08 11:09:24,572 p=19259 u=administrator |  skipping: [vbox-srv]
2016-11-08 11:09:24,579 p=19259 u=administrator |  TASK [common : enable ntp service] *********************************************
2016-11-08 11:09:24,579 p=19259 u=administrator |  Tuesday 08 November 2016  11:09:24 -0800 (0:00:00.032)       0:00:29.155 ****** 
2016-11-08 11:09:24,609 p=19259 u=administrator |  skipping: [vbox-srv]
2016-11-08 11:09:24,612 p=19259 u=administrator |  TASK [common : ensure ntp is running] ******************************************
2016-11-08 11:09:24,612 p=19259 u=administrator |  Tuesday 08 November 2016  11:09:24 -0800 (0:00:00.032)       0:00:29.188 ****** 
2016-11-08 11:09:24,641 p=19259 u=administrator |  skipping: [vbox-srv]
2016-11-08 11:09:24,645 p=19259 u=administrator |  TASK [common : remove net udev rule] *******************************************
2016-11-08 11:09:24,646 p=19259 u=administrator |  Tuesday 08 November 2016  11:09:24 -0800 (0:00:00.033)       0:00:29.222 ****** 
2016-11-08 11:09:24,675 p=19259 u=administrator |  skipping: [vbox-srv]
2016-11-08 11:09:24,680 p=19259 u=administrator |  TASK [common : set hostname] ***************************************************
2016-11-08 11:09:24,680 p=19259 u=administrator |  Tuesday 08 November 2016  11:09:24 -0800 (0:00:00.034)       0:00:29.257 ****** 
2016-11-08 11:09:26,376 p=19259 u=administrator |  ok: [vbox-srv]
2016-11-08 11:09:26,381 p=19259 u=administrator |  TASK [common : fix /etc/hosts] *************************************************
2016-11-08 11:09:26,381 p=19259 u=administrator |  Tuesday 08 November 2016  11:09:26 -0800 (0:00:01.701)       0:00:30.958 ****** 
2016-11-08 11:09:27,755 p=19259 u=administrator |  ok: [vbox-srv]
2016-11-08 11:09:27,760 p=19259 u=administrator |  TASK [common : fix 127.0.1.1] **************************************************
2016-11-08 11:09:27,761 p=19259 u=administrator |  Tuesday 08 November 2016  11:09:27 -0800 (0:00:01.379)       0:00:32.337 ****** 
2016-11-08 11:09:28,966 p=19259 u=administrator |  changed: [vbox-srv]
2016-11-08 11:09:28,971 p=19259 u=administrator |  TASK [common : add ansible repo key] *******************************************
2016-11-08 11:09:28,971 p=19259 u=administrator |  Tuesday 08 November 2016  11:09:28 -0800 (0:00:01.210)       0:00:33.547 ****** 
2016-11-08 11:09:30,087 p=19259 u=administrator |   [ERROR]: User interrupted execution

