2016-11-06 18:07:36,334 p=32392 u=administrator |  PLAY [vbox-srv] ****************************************************************
2016-11-06 18:07:36,374 p=32392 u=administrator |  TASK [setup] *******************************************************************
2016-11-06 18:07:38,126 p=32392 u=administrator |  ok: [vbox-srv]
2016-11-06 18:07:38,130 p=32392 u=administrator |  TASK [desktop : setup default account files] ***********************************
2016-11-06 18:07:54,145 p=32392 u=administrator |  ok: [vbox-srv]
2016-11-06 18:07:54,149 p=32392 u=administrator |  TASK [desktop : copy lightdm avatar image] *************************************
2016-11-06 18:07:56,589 p=32392 u=administrator |  ok: [vbox-srv]
2016-11-06 18:07:56,592 p=32392 u=administrator |  TASK [desktop : deploy image background] ***************************************
2016-11-06 18:07:59,046 p=32392 u=administrator |  ok: [vbox-srv]
2016-11-06 18:07:59,048 p=32392 u=administrator |  TASK [desktop : add noobslab mirror key] ***************************************
2016-11-06 18:08:00,554 p=32392 u=administrator |  ok: [vbox-srv]
2016-11-06 18:08:00,558 p=32392 u=administrator |  TASK [desktop : Add noobslab icon repository] **********************************
2016-11-06 18:08:02,076 p=32392 u=administrator |  ok: [vbox-srv]
2016-11-06 18:08:02,079 p=32392 u=administrator |  TASK [desktop : Add noobslab theme repository] *********************************
2016-11-06 18:08:03,424 p=32392 u=administrator |  ok: [vbox-srv]
2016-11-06 18:08:03,428 p=32392 u=administrator |  TASK [desktop : install noobs icons] *******************************************
2016-11-06 18:08:05,381 p=32392 u=administrator |  ok: [vbox-srv] => (item=[u'super-flat-remix-icons', u'vertex-icons', u'arc-icons'])
2016-11-06 18:08:05,385 p=32392 u=administrator |  TASK [desktop : install windos10 icons] ****************************************
2016-11-06 18:08:11,341 p=32392 u=administrator |  ok: [vbox-srv]
2016-11-06 18:08:11,346 p=32392 u=administrator |  TASK [desktop : install noobslab windos10-theme] *******************************
2016-11-06 18:08:13,041 p=32392 u=administrator |  ok: [vbox-srv]
2016-11-06 18:08:13,046 p=32392 u=administrator |  TASK [desktop : configure openbox] *********************************************
2016-11-06 18:08:16,224 p=32392 u=administrator |  changed: [vbox-srv]
2016-11-06 18:08:16,226 p=32392 u=administrator |  TASK [desktop : configure lxpanel] *********************************************
2016-11-06 18:08:19,251 p=32392 u=administrator |  changed: [vbox-srv]
2016-11-06 18:08:19,255 p=32392 u=administrator |  TASK [desktop : configure lxsession] *******************************************
2016-11-06 18:08:22,257 p=32392 u=administrator |  changed: [vbox-srv]
2016-11-06 18:08:22,267 p=32392 u=administrator |  PLAY RECAP *********************************************************************
2016-11-06 18:08:22,268 p=32392 u=administrator |  vbox-srv                   : ok=13   changed=3    unreachable=0    failed=0   
