2016-11-03 11:33:19,966 p=30127 u=administrator |  PLAY [vbox-srv] ****************************************************************
2016-11-03 11:33:20,009 p=30127 u=administrator |  TASK [setup] *******************************************************************
2016-11-03 11:33:21,841 p=30127 u=administrator |  ok: [vbox-srv]
2016-11-03 11:33:21,850 p=30127 u=administrator |  TASK [common : refresh the mirrors] ********************************************
2016-11-03 11:33:24,419 p=30127 u=administrator |  ok: [vbox-srv]
2016-11-03 11:33:24,426 p=30127 u=administrator |  TASK [common : install aptitude] ***********************************************
2016-11-03 11:33:26,116 p=30127 u=administrator |  ok: [vbox-srv]
2016-11-03 11:33:26,123 p=30127 u=administrator |  TASK [common : install apt-add-repository] *************************************
2016-11-03 11:33:27,804 p=30127 u=administrator |  ok: [vbox-srv]
2016-11-03 11:33:27,812 p=30127 u=administrator |  TASK [common : Set up ansible/cttb-os authorized_key] **************************
2016-11-03 11:33:29,254 p=30127 u=administrator |  ok: [vbox-srv] => (item=ssh-rsa AAAAB3NzaC1yc2EAAAADAQABAAACAQDYi3OOvRQAJnIZk+nTH15aJs0AOVSLaSN6TH+zrdyaRGk6XwrbvLoCiyGOveOt4TcwmOzgyrXg9p1Vy0gcd2pjN+fDbO07ftwPGtuSfbvShvnwYaRPzF1IcBEBMeml/e05Naw8Q0KhZbuGXnCHvEDM2QArw9qD/a77kEV9vxrhJaOUOFkdVx1gsU/dAjQikZzD+Sag7JhtSYIpZupA+YbD1K0dRYUdE9dm3yTUUFmWM3nCCpj8kpU+TWjFeG2M4ilWym7Y81tk3CgI3vzRZRkA395IZlpP1FKNjAlNsit8YuldRvgrYXjPH3TcM1XkLFL4k6EJTjwsM5oWC4o9TriFJRTN75MxGgs72tZcgwlN2W+qkGAGAAYMvSqCBPIXuVCp+3ixuECgnJ3pYq48x8J5DmTn6i93Q9eAv7Xj8B9shts8MlrwGzMBHqjEu/CFfJAHtsLmJ34vvfM0kTFp6Du/K7WnYAuBvB4agMSMBAKy3+9ij5r1+hOxEv7rPkJvlFTECYLvEmNGXOSthuKLEHarlAH21YB1+aP5GwdrypLlYifXYXbQyf/nc/sebyleA3yHs99OLxxW3SCFOqvWxRH7kV/i56Ei8JFxAASauQMy/jXT/FgnIKYae46c7ZJ9jTgfsrhZ1OSQ9oUqzyAS3ugUa5QW3uMEpfnXVxt/EnwnOw== ansible@cttb.us)
2016-11-03 11:33:29,264 p=30127 u=administrator |  TASK [common : install ntpd] ***************************************************
2016-11-03 11:33:29,302 p=30127 u=administrator |  skipping: [vbox-srv]
2016-11-03 11:33:29,310 p=30127 u=administrator |  TASK [common : enable ntp service] *********************************************
2016-11-03 11:33:29,352 p=30127 u=administrator |  skipping: [vbox-srv]
2016-11-03 11:33:29,361 p=30127 u=administrator |  TASK [common : ensure ntp is running] ******************************************
2016-11-03 11:33:29,397 p=30127 u=administrator |  skipping: [vbox-srv]
2016-11-03 11:33:29,415 p=30127 u=administrator |  TASK [common : remove net udev rule] *******************************************
2016-11-03 11:33:29,457 p=30127 u=administrator |  skipping: [vbox-srv]
2016-11-03 11:33:29,465 p=30127 u=administrator |  TASK [common : set hostname] ***************************************************
2016-11-03 11:33:30,851 p=30127 u=administrator |  ok: [vbox-srv]
2016-11-03 11:33:30,859 p=30127 u=administrator |  TASK [common : fix /etc/hosts] *************************************************
2016-11-03 11:33:32,194 p=30127 u=administrator |  ok: [vbox-srv]
2016-11-03 11:33:32,201 p=30127 u=administrator |  TASK [common : fix 127.0.1.1] **************************************************
2016-11-03 11:33:33,475 p=30127 u=administrator |  ok: [vbox-srv]
2016-11-03 11:33:33,482 p=30127 u=administrator |  TASK [common : add ansible repo key] *******************************************
2016-11-03 11:33:35,013 p=30127 u=administrator |  ok: [vbox-srv]
2016-11-03 11:33:35,021 p=30127 u=administrator |  TASK [common : add ansible repo mirror] ****************************************
2016-11-03 11:33:36,504 p=30127 u=administrator |  ok: [vbox-srv]
2016-11-03 11:33:36,514 p=30127 u=administrator |  TASK [common : install basic software] *****************************************
2016-11-03 11:33:38,250 p=30127 u=administrator |  ok: [vbox-srv] => (item=[u'unattended-upgrades', u'curl', u'ansible', u'collectd', u'vim'])
2016-11-03 11:33:38,265 p=30127 u=administrator |  TASK [common : vim saner defaults] *********************************************
2016-11-03 11:33:41,495 p=30127 u=administrator |  changed: [vbox-srv]
2016-11-03 11:33:41,503 p=30127 u=administrator |  TASK [common : vim saner defaults for administrator] ***************************
2016-11-03 11:33:44,452 p=30127 u=administrator |  changed: [vbox-srv]
2016-11-03 11:33:44,460 p=30127 u=administrator |  PLAY RECAP *********************************************************************
2016-11-03 11:33:44,460 p=30127 u=administrator |  vbox-srv                   : ok=13   changed=2    unreachable=0    failed=0   
