2016-11-16 10:48:52,102 p=19070 u=administrator |  PLAY [vbox-pxe] ****************************************************************
2016-11-16 10:48:52,137 p=19070 u=administrator |  TASK [setup] *******************************************************************
2016-11-16 10:48:52,137 p=19070 u=administrator |  Wednesday 16 November 2016  10:48:52 -0800 (0:00:00.038)       0:00:00.038 **** 
2016-11-16 10:48:53,960 p=19070 u=administrator |  ok: [vbox-pxe]
2016-11-16 10:48:53,966 p=19070 u=administrator |  TASK [common : custom apt sources.list] ****************************************
2016-11-16 10:48:53,966 p=19070 u=administrator |  Wednesday 16 November 2016  10:48:53 -0800 (0:00:01.828)       0:00:01.867 **** 
2016-11-16 10:48:57,196 p=19070 u=administrator |  changed: [vbox-pxe]
2016-11-16 10:48:57,199 p=19070 u=administrator |  TASK [common : refresh the mirrors] ********************************************
2016-11-16 10:48:57,199 p=19070 u=administrator |  Wednesday 16 November 2016  10:48:57 -0800 (0:00:03.232)       0:00:05.099 **** 
2016-11-16 10:49:04,334 p=19070 u=administrator |  changed: [vbox-pxe]
2016-11-16 10:49:04,342 p=19070 u=administrator |  TASK [common : install aptitude] ***********************************************
2016-11-16 10:49:04,342 p=19070 u=administrator |  Wednesday 16 November 2016  10:49:04 -0800 (0:00:07.143)       0:00:12.243 **** 
2016-11-16 10:49:16,971 p=19070 u=administrator |  changed: [vbox-pxe]
2016-11-16 10:49:16,974 p=19070 u=administrator |  TASK [common : install apt-add-repository] *************************************
2016-11-16 10:49:16,974 p=19070 u=administrator |  Wednesday 16 November 2016  10:49:16 -0800 (0:00:12.631)       0:00:24.874 **** 
2016-11-16 10:49:23,218 p=19070 u=administrator |  changed: [vbox-pxe]
2016-11-16 10:49:23,223 p=19070 u=administrator |  TASK [common : Set up ansible/cttb-os authorized_key] **************************
2016-11-16 10:49:23,223 p=19070 u=administrator |  Wednesday 16 November 2016  10:49:23 -0800 (0:00:06.248)       0:00:31.123 **** 
2016-11-16 10:49:24,639 p=19070 u=administrator |  ok: [vbox-pxe] => (item=ssh-rsa AAAAB3NzaC1yc2EAAAADAQABAAACAQDYi3OOvRQAJnIZk+nTH15aJs0AOVSLaSN6TH+zrdyaRGk6XwrbvLoCiyGOveOt4TcwmOzgyrXg9p1Vy0gcd2pjN+fDbO07ftwPGtuSfbvShvnwYaRPzF1IcBEBMeml/e05Naw8Q0KhZbuGXnCHvEDM2QArw9qD/a77kEV9vxrhJaOUOFkdVx1gsU/dAjQikZzD+Sag7JhtSYIpZupA+YbD1K0dRYUdE9dm3yTUUFmWM3nCCpj8kpU+TWjFeG2M4ilWym7Y81tk3CgI3vzRZRkA395IZlpP1FKNjAlNsit8YuldRvgrYXjPH3TcM1XkLFL4k6EJTjwsM5oWC4o9TriFJRTN75MxGgs72tZcgwlN2W+qkGAGAAYMvSqCBPIXuVCp+3ixuECgnJ3pYq48x8J5DmTn6i93Q9eAv7Xj8B9shts8MlrwGzMBHqjEu/CFfJAHtsLmJ34vvfM0kTFp6Du/K7WnYAuBvB4agMSMBAKy3+9ij5r1+hOxEv7rPkJvlFTECYLvEmNGXOSthuKLEHarlAH21YB1+aP5GwdrypLlYifXYXbQyf/nc/sebyleA3yHs99OLxxW3SCFOqvWxRH7kV/i56Ei8JFxAASauQMy/jXT/FgnIKYae46c7ZJ9jTgfsrhZ1OSQ9oUqzyAS3ugUa5QW3uMEpfnXVxt/EnwnOw== ansible@cttb.us)
2016-11-16 10:49:24,644 p=19070 u=administrator |  TASK [common : install ntpd] ***************************************************
2016-11-16 10:49:24,644 p=19070 u=administrator |  Wednesday 16 November 2016  10:49:24 -0800 (0:00:01.421)       0:00:32.545 **** 
2016-11-16 10:49:24,668 p=19070 u=administrator |  skipping: [vbox-pxe]
2016-11-16 10:49:24,673 p=19070 u=administrator |  TASK [common : enable ntp service] *********************************************
2016-11-16 10:49:24,673 p=19070 u=administrator |  Wednesday 16 November 2016  10:49:24 -0800 (0:00:00.028)       0:00:32.573 **** 
2016-11-16 10:49:24,700 p=19070 u=administrator |  skipping: [vbox-pxe]
2016-11-16 10:49:24,704 p=19070 u=administrator |  TASK [common : ensure ntp is running] ******************************************
2016-11-16 10:49:24,704 p=19070 u=administrator |  Wednesday 16 November 2016  10:49:24 -0800 (0:00:00.031)       0:00:32.605 **** 
2016-11-16 10:49:24,732 p=19070 u=administrator |  skipping: [vbox-pxe]
2016-11-16 10:49:24,737 p=19070 u=administrator |  TASK [common : remove net udev rule] *******************************************
2016-11-16 10:49:24,738 p=19070 u=administrator |  Wednesday 16 November 2016  10:49:24 -0800 (0:00:00.032)       0:00:32.638 **** 
2016-11-16 10:49:24,768 p=19070 u=administrator |  skipping: [vbox-pxe]
2016-11-16 10:49:24,772 p=19070 u=administrator |  TASK [common : set hostname] ***************************************************
2016-11-16 10:49:24,773 p=19070 u=administrator |  Wednesday 16 November 2016  10:49:24 -0800 (0:00:00.035)       0:00:32.673 **** 
2016-11-16 10:49:26,474 p=19070 u=administrator |  ok: [vbox-pxe]
2016-11-16 10:49:26,478 p=19070 u=administrator |  TASK [common : fix /etc/hosts] *************************************************
2016-11-16 10:49:26,478 p=19070 u=administrator |  Wednesday 16 November 2016  10:49:26 -0800 (0:00:01.705)       0:00:34.378 **** 
2016-11-16 10:49:27,889 p=19070 u=administrator |  ok: [vbox-pxe]
2016-11-16 10:49:27,892 p=19070 u=administrator |  TASK [common : fix 127.0.1.1] **************************************************
2016-11-16 10:49:27,892 p=19070 u=administrator |  Wednesday 16 November 2016  10:49:27 -0800 (0:00:01.414)       0:00:35.793 **** 
2016-11-16 10:49:29,117 p=19070 u=administrator |  changed: [vbox-pxe]
2016-11-16 10:49:29,121 p=19070 u=administrator |  TASK [common : add ansible repo key] *******************************************
2016-11-16 10:49:29,121 p=19070 u=administrator |  Wednesday 16 November 2016  10:49:29 -0800 (0:00:01.228)       0:00:37.021 **** 
2016-11-16 10:49:31,564 p=19070 u=administrator |  changed: [vbox-pxe]
2016-11-16 10:49:31,567 p=19070 u=administrator |  TASK [common : add ansible repo mirror] ****************************************
2016-11-16 10:49:31,567 p=19070 u=administrator |  Wednesday 16 November 2016  10:49:31 -0800 (0:00:02.445)       0:00:39.467 **** 
2016-11-16 10:49:53,030 p=19070 u=administrator |  changed: [vbox-pxe]
2016-11-16 10:49:53,033 p=19070 u=administrator |  TASK [common : install basic software] *****************************************
2016-11-16 10:49:53,033 p=19070 u=administrator |  Wednesday 16 November 2016  10:49:53 -0800 (0:00:21.466)       0:01:00.933 **** 
2016-11-16 10:50:31,839 p=19070 u=administrator |  changed: [vbox-pxe] => (item=[u'ansible', u'byobu', u'collectd', u'curl', u'iperf', u'git', u'obnam', u'traceroute', u'unattended-upgrades', u'vim', u'whois'])
2016-11-16 10:50:31,842 p=19070 u=administrator |  TASK [common : vim saner defaults] *********************************************
2016-11-16 10:50:31,843 p=19070 u=administrator |  Wednesday 16 November 2016  10:50:31 -0800 (0:00:38.809)       0:01:39.743 **** 
2016-11-16 10:50:35,096 p=19070 u=administrator |  changed: [vbox-pxe]
2016-11-16 10:50:35,139 p=19070 u=administrator |  TASK [common : vim saner defaults for administrator] ***************************
2016-11-16 10:50:35,139 p=19070 u=administrator |  Wednesday 16 November 2016  10:50:35 -0800 (0:00:03.296)       0:01:43.040 **** 
2016-11-16 10:50:38,035 p=19070 u=administrator |  changed: [vbox-pxe]
2016-11-16 10:50:38,039 p=19070 u=administrator |  PLAY RECAP *********************************************************************
2016-11-16 10:50:38,039 p=19070 u=administrator |  vbox-pxe                   : ok=14   changed=10   unreachable=0    failed=0   
2016-11-16 10:50:38,039 p=19070 u=administrator |  Wednesday 16 November 2016  10:50:38 -0800 (0:00:02.899)       0:01:45.939 **** 
2016-11-16 10:50:38,039 p=19070 u=administrator |  =============================================================================== 
2016-11-16 10:50:38,040 p=19070 u=administrator |  common : install basic software ---------------------------------------- 38.81s
2016-11-16 10:50:38,040 p=19070 u=administrator |  common : add ansible repo mirror --------------------------------------- 21.47s
2016-11-16 10:50:38,040 p=19070 u=administrator |  common : install aptitude ---------------------------------------------- 12.63s
2016-11-16 10:50:38,040 p=19070 u=administrator |  common : refresh the mirrors -------------------------------------------- 7.14s
2016-11-16 10:50:38,040 p=19070 u=administrator |  common : install apt-add-repository ------------------------------------- 6.25s
2016-11-16 10:50:38,040 p=19070 u=administrator |  common : vim saner defaults --------------------------------------------- 3.30s
2016-11-16 10:50:38,041 p=19070 u=administrator |  common : custom apt sources.list ---------------------------------------- 3.23s
2016-11-16 10:50:38,041 p=19070 u=administrator |  common : vim saner defaults for administrator --------------------------- 2.90s
2016-11-16 10:50:38,041 p=19070 u=administrator |  common : add ansible repo key ------------------------------------------- 2.45s
2016-11-16 10:50:38,041 p=19070 u=administrator |  setup ------------------------------------------------------------------- 1.83s
2016-11-16 10:50:38,041 p=19070 u=administrator |  common : set hostname --------------------------------------------------- 1.71s
2016-11-16 10:50:38,041 p=19070 u=administrator |  common : Set up ansible/cttb-os authorized_key -------------------------- 1.42s
2016-11-16 10:50:38,041 p=19070 u=administrator |  common : fix /etc/hosts ------------------------------------------------- 1.41s
2016-11-16 10:50:38,042 p=19070 u=administrator |  common : fix 127.0.1.1 -------------------------------------------------- 1.23s
2016-11-16 10:50:38,042 p=19070 u=administrator |  common : remove net udev rule ------------------------------------------- 0.04s
2016-11-16 10:50:38,042 p=19070 u=administrator |  common : ensure ntp is running ------------------------------------------ 0.03s
2016-11-16 10:50:38,042 p=19070 u=administrator |  common : enable ntp service --------------------------------------------- 0.03s
2016-11-16 10:50:38,042 p=19070 u=administrator |  common : install ntpd --------------------------------------------------- 0.03s
