2016-10-28 18:33:18,090 p=21479 u=administrator |  statically included: /home/administrator/Documents/ansible/new/roles/asterisk/tasks/asterisk.yml
2016-10-28 18:33:18,105 p=21479 u=administrator |  statically included: /home/administrator/Documents/ansible/new/roles/asterisk/tasks/tftp.yml
2016-10-28 18:33:18,144 p=21479 u=administrator |  PLAY [vbox-srv] ****************************************************************
2016-10-28 18:33:18,199 p=21479 u=administrator |  TASK [setup] *******************************************************************
2016-10-28 18:33:20,152 p=21479 u=administrator |  ok: [vbox-srv]
2016-10-28 18:33:20,164 p=21479 u=administrator |  TASK [asterisk : install asterisk packages] ************************************
2016-10-28 18:33:22,753 p=21479 u=administrator |  ok: [vbox-srv] => (item=[u'asterisk', u'asterisk-core-sounds-en', u'asterisk-core-sounds-en-gsm', u'asterisk-modules', u'asterisk-moh-opsound-gsm', u'asterisk-mp3', u'asterisk-voicemail'])
2016-10-28 18:33:22,777 p=21479 u=administrator |  TASK [asterisk : copy etc configs] *********************************************
2016-10-28 18:33:23,406 p=21479 u=administrator |  changed: [vbox-srv]
2016-10-28 18:33:23,413 p=21479 u=administrator |  TASK [asterisk : fix permissions /etc/asterisk] ********************************
2016-10-28 18:33:24,767 p=21479 u=administrator |  changed: [vbox-srv]
2016-10-28 18:33:24,776 p=21479 u=administrator |  TASK [asterisk : copy drbu sound prompts] **************************************
2016-10-28 18:33:29,120 p=21479 u=administrator |  ok: [vbox-srv]
2016-10-28 18:33:29,130 p=21479 u=administrator |  TASK [asterisk : install tftp packages] ****************************************
2016-10-28 18:33:31,628 p=21479 u=administrator |  ok: [vbox-srv] => (item=[u'tftpd-hpa'])
2016-10-28 18:33:31,645 p=21479 u=administrator |  TASK [asterisk : configure tftp] ***********************************************
2016-10-28 18:33:34,116 p=21479 u=administrator |  ok: [vbox-srv]
2016-10-28 18:33:34,127 p=21479 u=administrator |  TASK [asterisk : copy tftpboot files] ******************************************
2016-10-28 18:33:34,665 p=21479 u=administrator |  changed: [vbox-srv]
2016-10-28 18:33:34,674 p=21479 u=administrator |  TASK [asterisk : fix permissions on tftpboot files] ****************************
2016-10-28 18:33:35,951 p=21479 u=administrator |  fatal: [vbox-srv]: FAILED! => {"changed": false, "details": "'-'", "failed": true, "gid": 117, "group": "tftp", "mode": "0775", "msg": "mode must be in octal or symbolic form", "owner": "tftp", "path": "/var/lib/tftpboot/", "size": 4096, "state": "directory", "uid": 110}
2016-10-28 18:33:35,958 p=21479 u=administrator |  NO MORE HOSTS LEFT *************************************************************
2016-10-28 18:33:35,958 p=21479 u=administrator |  RUNNING HANDLER [asterisk : restart asterisk] **********************************
2016-10-28 18:33:35,958 p=21479 u=administrator |  PLAY RECAP *********************************************************************
2016-10-28 18:33:35,959 p=21479 u=administrator |  vbox-srv                   : ok=8    changed=3    unreachable=0    failed=1   
