2016-11-08 10:15:55,927 p=16317 u=administrator |  PLAY [vbox-srv] ****************************************************************
2016-11-08 10:15:55,977 p=16317 u=administrator |  TASK [setup] *******************************************************************
2016-11-08 10:15:55,977 p=16317 u=administrator |  Tuesday 08 November 2016  10:15:55 -0800 (0:00:00.052)       0:00:00.052 ****** 
2016-11-08 10:15:58,001 p=16317 u=administrator |  ok: [vbox-srv]
2016-11-08 10:15:58,004 p=16317 u=administrator |  TASK [common : refresh the mirrors] ********************************************
2016-11-08 10:15:58,004 p=16317 u=administrator |  Tuesday 08 November 2016  10:15:58 -0800 (0:00:02.027)       0:00:02.079 ****** 
2016-11-08 10:16:04,604 p=16317 u=administrator |  changed: [vbox-srv]
2016-11-08 10:16:04,609 p=16317 u=administrator |  TASK [common : install aptitude] ***********************************************
2016-11-08 10:16:04,609 p=16317 u=administrator |  Tuesday 08 November 2016  10:16:04 -0800 (0:00:06.604)       0:00:08.684 ****** 
2016-11-08 10:16:06,406 p=16317 u=administrator |  ok: [vbox-srv]
2016-11-08 10:16:06,408 p=16317 u=administrator |  TASK [common : install apt-add-repository] *************************************
2016-11-08 10:16:06,409 p=16317 u=administrator |  Tuesday 08 November 2016  10:16:06 -0800 (0:00:01.799)       0:00:10.484 ****** 
2016-11-08 10:16:08,230 p=16317 u=administrator |  ok: [vbox-srv]
2016-11-08 10:16:08,235 p=16317 u=administrator |  TASK [common : Set up ansible/cttb-os authorized_key] **************************
2016-11-08 10:16:08,235 p=16317 u=administrator |  Tuesday 08 November 2016  10:16:08 -0800 (0:00:01.826)       0:00:12.311 ****** 
2016-11-08 10:16:09,781 p=16317 u=administrator |  ok: [vbox-srv] => (item=ssh-rsa AAAAB3NzaC1yc2EAAAADAQABAAACAQDYi3OOvRQAJnIZk+nTH15aJs0AOVSLaSN6TH+zrdyaRGk6XwrbvLoCiyGOveOt4TcwmOzgyrXg9p1Vy0gcd2pjN+fDbO07ftwPGtuSfbvShvnwYaRPzF1IcBEBMeml/e05Naw8Q0KhZbuGXnCHvEDM2QArw9qD/a77kEV9vxrhJaOUOFkdVx1gsU/dAjQikZzD+Sag7JhtSYIpZupA+YbD1K0dRYUdE9dm3yTUUFmWM3nCCpj8kpU+TWjFeG2M4ilWym7Y81tk3CgI3vzRZRkA395IZlpP1FKNjAlNsit8YuldRvgrYXjPH3TcM1XkLFL4k6EJTjwsM5oWC4o9TriFJRTN75MxGgs72tZcgwlN2W+qkGAGAAYMvSqCBPIXuVCp+3ixuECgnJ3pYq48x8J5DmTn6i93Q9eAv7Xj8B9shts8MlrwGzMBHqjEu/CFfJAHtsLmJ34vvfM0kTFp6Du/K7WnYAuBvB4agMSMBAKy3+9ij5r1+hOxEv7rPkJvlFTECYLvEmNGXOSthuKLEHarlAH21YB1+aP5GwdrypLlYifXYXbQyf/nc/sebyleA3yHs99OLxxW3SCFOqvWxRH7kV/i56Ei8JFxAASauQMy/jXT/FgnIKYae46c7ZJ9jTgfsrhZ1OSQ9oUqzyAS3ugUa5QW3uMEpfnXVxt/EnwnOw== ansible@cttb.us)
2016-11-08 10:16:09,786 p=16317 u=administrator |  TASK [common : install ntpd] ***************************************************
2016-11-08 10:16:09,786 p=16317 u=administrator |  Tuesday 08 November 2016  10:16:09 -0800 (0:00:01.550)       0:00:13.861 ****** 
2016-11-08 10:16:09,813 p=16317 u=administrator |  skipping: [vbox-srv]
2016-11-08 10:16:09,816 p=16317 u=administrator |  TASK [common : enable ntp service] *********************************************
2016-11-08 10:16:09,816 p=16317 u=administrator |  Tuesday 08 November 2016  10:16:09 -0800 (0:00:00.029)       0:00:13.891 ****** 
2016-11-08 10:16:09,839 p=16317 u=administrator |  skipping: [vbox-srv]
2016-11-08 10:16:09,842 p=16317 u=administrator |  TASK [common : ensure ntp is running] ******************************************
2016-11-08 10:16:09,843 p=16317 u=administrator |  Tuesday 08 November 2016  10:16:09 -0800 (0:00:00.026)       0:00:13.918 ****** 
2016-11-08 10:16:09,871 p=16317 u=administrator |  skipping: [vbox-srv]
2016-11-08 10:16:09,876 p=16317 u=administrator |  TASK [common : remove net udev rule] *******************************************
2016-11-08 10:16:09,877 p=16317 u=administrator |  Tuesday 08 November 2016  10:16:09 -0800 (0:00:00.033)       0:00:13.952 ****** 
2016-11-08 10:16:09,904 p=16317 u=administrator |  skipping: [vbox-srv]
2016-11-08 10:16:09,907 p=16317 u=administrator |  TASK [common : set hostname] ***************************************************
2016-11-08 10:16:09,907 p=16317 u=administrator |  Tuesday 08 November 2016  10:16:09 -0800 (0:00:00.030)       0:00:13.982 ****** 
2016-11-08 10:16:11,695 p=16317 u=administrator |  ok: [vbox-srv]
2016-11-08 10:16:11,698 p=16317 u=administrator |  TASK [common : fix /etc/hosts] *************************************************
2016-11-08 10:16:11,699 p=16317 u=administrator |  Tuesday 08 November 2016  10:16:11 -0800 (0:00:01.791)       0:00:15.774 ****** 
2016-11-08 10:16:13,083 p=16317 u=administrator |  ok: [vbox-srv]
2016-11-08 10:16:13,087 p=16317 u=administrator |  TASK [common : fix 127.0.1.1] **************************************************
2016-11-08 10:16:13,087 p=16317 u=administrator |  Tuesday 08 November 2016  10:16:13 -0800 (0:00:01.388)       0:00:17.162 ****** 
2016-11-08 10:16:14,298 p=16317 u=administrator |  ok: [vbox-srv]
2016-11-08 10:16:14,301 p=16317 u=administrator |  TASK [common : add ansible repo key] *******************************************
2016-11-08 10:16:14,301 p=16317 u=administrator |  Tuesday 08 November 2016  10:16:14 -0800 (0:00:01.214)       0:00:18.377 ****** 
2016-11-08 10:16:15,904 p=16317 u=administrator |  ok: [vbox-srv]
2016-11-08 10:16:15,907 p=16317 u=administrator |  TASK [common : add ansible repo mirror] ****************************************
2016-11-08 10:16:15,907 p=16317 u=administrator |  Tuesday 08 November 2016  10:16:15 -0800 (0:00:01.605)       0:00:19.982 ****** 
2016-11-08 10:16:17,436 p=16317 u=administrator |  ok: [vbox-srv]
2016-11-08 10:16:17,439 p=16317 u=administrator |  TASK [common : install basic software] *****************************************
2016-11-08 10:16:17,439 p=16317 u=administrator |  Tuesday 08 November 2016  10:16:17 -0800 (0:00:01.532)       0:00:21.515 ****** 
2016-11-08 10:16:19,245 p=16317 u=administrator |  ok: [vbox-srv] => (item=[u'ansible', u'byobu', u'collectd', u'curl', u'iperf', u'git', u'obnam', u'traceroute', u'unattended-upgrades', u'vim', u'whois'])
2016-11-08 10:16:19,248 p=16317 u=administrator |  TASK [common : vim saner defaults] *********************************************
2016-11-08 10:16:19,248 p=16317 u=administrator |  Tuesday 08 November 2016  10:16:19 -0800 (0:00:01.808)       0:00:23.324 ****** 
2016-11-08 10:16:22,109 p=16317 u=administrator |  ok: [vbox-srv]
2016-11-08 10:16:22,113 p=16317 u=administrator |  TASK [common : vim saner defaults for administrator] ***************************
2016-11-08 10:16:22,114 p=16317 u=administrator |  Tuesday 08 November 2016  10:16:22 -0800 (0:00:02.865)       0:00:26.189 ****** 
2016-11-08 10:16:24,716 p=16317 u=administrator |  ok: [vbox-srv]
2016-11-08 10:16:24,718 p=16317 u=administrator |  TASK [desktop : fix network interfaces] ****************************************
2016-11-08 10:16:24,718 p=16317 u=administrator |  Tuesday 08 November 2016  10:16:24 -0800 (0:00:02.604)       0:00:28.794 ****** 
2016-11-08 10:16:27,274 p=16317 u=administrator |  ok: [vbox-srv]
2016-11-08 10:16:27,279 p=16317 u=administrator |  TASK [desktop : install lubuntu] ***********************************************
2016-11-08 10:16:27,280 p=16317 u=administrator |  Tuesday 08 November 2016  10:16:27 -0800 (0:00:02.561)       0:00:31.355 ****** 
2016-11-08 10:16:29,114 p=16317 u=administrator |  ok: [vbox-srv] => (item=[u'lubuntu-core', u'desktop-file-utils', u'dmz-cursor-theme', u'evince', u'file-roller', u'galculator', u'indicator-application', u'indicator-application-gtk2', u'leafpad', u'light-locker', u'light-locker-settings', u'lightdm-gtk-greeter-settings', u'lubuntu-default-session', u'lxappearance', u'lxappearance-obconf', u'lxinput', u'lxlauncher', u'lxpanel-indicator-applet-plugin', u'lxrandr', u'lxsession-default-apps', u'lxsession-logout', u'lxshortcut', u'lxtask', u'lxterminal', u'obconf', u'pm-utils', u'scrot', u'simple-scan', u'xdg-user-dirs', u'xfce4-power-manager', u'xz-utils', u'policykit-1', u'policykit-1-gnome', u'libpolkit-agent-1-0', u'libpolkit-gobject-1-0', u'libpolkit-backend-1-0', u'libpolkit-qt-1-1', u'libpolkit-qt5-1-1', u'network-manager', u'network-manager-gnome', u'system-tools-backends', u'gnome-system-tools'])
2016-11-08 10:16:29,117 p=16317 u=administrator |  TASK [desktop : setup default account files] ***********************************
2016-11-08 10:16:29,117 p=16317 u=administrator |  Tuesday 08 November 2016  10:16:29 -0800 (0:00:01.837)       0:00:33.193 ****** 
2016-11-08 10:16:45,659 p=16317 u=administrator |  ok: [vbox-srv]
2016-11-08 10:16:45,664 p=16317 u=administrator |  TASK [desktop : configure lightdm] *********************************************
2016-11-08 10:16:45,664 p=16317 u=administrator |  Tuesday 08 November 2016  10:16:45 -0800 (0:00:16.546)       0:00:49.740 ****** 
2016-11-08 10:16:50,335 p=16317 u=administrator |  ok: [vbox-srv]
2016-11-08 10:16:50,340 p=16317 u=administrator |  TASK [desktop : copy lightdm avatar image] *************************************
2016-11-08 10:16:50,340 p=16317 u=administrator |  Tuesday 08 November 2016  10:16:50 -0800 (0:00:04.675)       0:00:54.416 ****** 
2016-11-08 10:16:53,006 p=16317 u=administrator |  ok: [vbox-srv]
2016-11-08 10:16:53,010 p=16317 u=administrator |  TASK [desktop : deploy image background] ***************************************
2016-11-08 10:16:53,010 p=16317 u=administrator |  Tuesday 08 November 2016  10:16:53 -0800 (0:00:02.669)       0:00:57.086 ****** 
2016-11-08 10:16:55,636 p=16317 u=administrator |  ok: [vbox-srv]
2016-11-08 10:16:55,640 p=16317 u=administrator |  TASK [desktop : add noobslab mirror key] ***************************************
2016-11-08 10:16:55,640 p=16317 u=administrator |  Tuesday 08 November 2016  10:16:55 -0800 (0:00:02.629)       0:00:59.715 ****** 
2016-11-08 10:16:57,142 p=16317 u=administrator |  ok: [vbox-srv]
2016-11-08 10:16:57,147 p=16317 u=administrator |  TASK [desktop : Add noobslab icon repository] **********************************
2016-11-08 10:16:57,148 p=16317 u=administrator |  Tuesday 08 November 2016  10:16:57 -0800 (0:00:01.507)       0:01:01.223 ****** 
2016-11-08 10:16:58,589 p=16317 u=administrator |  ok: [vbox-srv]
2016-11-08 10:16:58,593 p=16317 u=administrator |  TASK [desktop : Add noobslab theme repository] *********************************
2016-11-08 10:16:58,594 p=16317 u=administrator |  Tuesday 08 November 2016  10:16:58 -0800 (0:00:01.445)       0:01:02.669 ****** 
2016-11-08 10:16:59,982 p=16317 u=administrator |  ok: [vbox-srv]
2016-11-08 10:16:59,987 p=16317 u=administrator |  TASK [desktop : install noobs icons] *******************************************
2016-11-08 10:16:59,987 p=16317 u=administrator |  Tuesday 08 November 2016  10:16:59 -0800 (0:00:01.393)       0:01:04.063 ****** 
2016-11-08 10:17:01,753 p=16317 u=administrator |  ok: [vbox-srv] => (item=[u'super-flat-remix-icons', u'vertex-icons', u'arc-icons'])
2016-11-08 10:17:01,758 p=16317 u=administrator |  TASK [desktop : install windos10 icons] ****************************************
2016-11-08 10:17:01,758 p=16317 u=administrator |  Tuesday 08 November 2016  10:17:01 -0800 (0:00:01.770)       0:01:05.833 ****** 
2016-11-08 10:17:10,580 p=16317 u=administrator |  ok: [vbox-srv]
2016-11-08 10:17:10,585 p=16317 u=administrator |  TASK [desktop : install noobslab windos10-theme] *******************************
2016-11-08 10:17:10,586 p=16317 u=administrator |  Tuesday 08 November 2016  10:17:10 -0800 (0:00:08.827)       0:01:14.661 ****** 
2016-11-08 10:17:12,383 p=16317 u=administrator |  ok: [vbox-srv]
2016-11-08 10:17:12,386 p=16317 u=administrator |  TASK [desktop : configure openbox] *********************************************
2016-11-08 10:17:12,386 p=16317 u=administrator |  Tuesday 08 November 2016  10:17:12 -0800 (0:00:01.800)       0:01:16.462 ****** 
2016-11-08 10:17:15,649 p=16317 u=administrator |  changed: [vbox-srv]
2016-11-08 10:17:15,654 p=16317 u=administrator |  TASK [desktop : configure lxpanel] *********************************************
2016-11-08 10:17:15,655 p=16317 u=administrator |  Tuesday 08 November 2016  10:17:15 -0800 (0:00:03.268)       0:01:19.730 ****** 
2016-11-08 10:17:18,789 p=16317 u=administrator |  changed: [vbox-srv]
2016-11-08 10:17:18,792 p=16317 u=administrator |  TASK [desktop : configure lxsession] *******************************************
2016-11-08 10:17:18,792 p=16317 u=administrator |  Tuesday 08 November 2016  10:17:18 -0800 (0:00:03.137)       0:01:22.867 ****** 
2016-11-08 10:17:21,453 p=16317 u=administrator |  ok: [vbox-srv]
2016-11-08 10:17:21,458 p=16317 u=administrator |  TASK [desktop : configure pcmanfm] *********************************************
2016-11-08 10:17:21,458 p=16317 u=administrator |  Tuesday 08 November 2016  10:17:21 -0800 (0:00:02.666)       0:01:25.534 ****** 
2016-11-08 10:17:24,115 p=16317 u=administrator |  ok: [vbox-srv]
2016-11-08 10:17:24,118 p=16317 u=administrator |  TASK [desktop : install language packages for en,zh,vi,zhuyin] *****************
2016-11-08 10:17:24,118 p=16317 u=administrator |  Tuesday 08 November 2016  10:17:24 -0800 (0:00:02.659)       0:01:28.193 ****** 
2016-11-08 10:17:25,985 p=16317 u=administrator |  ok: [vbox-srv] => (item=[u'gimp-help-en', u'hunspell-en-au', u'hunspell-en-ca', u'hunspell-en-gb', u'hunspell-en-za', u'hyphen-en-gb', u'hyphen-en-us', u'mythes-en-au', u'mythes-en-us', u'hunspell-vi', u'language-pack-gnome-vi', u'language-pack-vi', u'language-pack-gnome-zh-hant', u'language-pack-zh-hant'])
2016-11-08 10:17:25,987 p=16317 u=administrator |  TASK [desktop : check if open office is installed] *****************************
2016-11-08 10:17:25,988 p=16317 u=administrator |  Tuesday 08 November 2016  10:17:25 -0800 (0:00:01.869)       0:01:30.063 ****** 
2016-11-08 10:17:27,465 p=16317 u=administrator |  fatal: [vbox-srv]: FAILED! => {"changed": true, "cmd": ["dpkg", "-l", "libreoffice-common"], "delta": "0:00:00.021565", "end": "2016-11-08 10:17:27.445672", "failed": true, "rc": 1, "start": "2016-11-08 10:17:27.424107", "stderr": "dpkg-query: no packages found matching libreoffice-common", "stdout": "", "stdout_lines": [], "warnings": []}
2016-11-08 10:17:27,466 p=16317 u=administrator |  ...ignoring
2016-11-08 10:17:27,469 p=16317 u=administrator |  TASK [desktop : install libreoffice language support] **************************
2016-11-08 10:17:27,470 p=16317 u=administrator |  Tuesday 08 November 2016  10:17:27 -0800 (0:00:01.481)       0:01:31.545 ****** 
2016-11-08 10:17:27,523 p=16317 u=administrator |  skipping: [vbox-srv] => (item=[]) 
2016-11-08 10:17:27,526 p=16317 u=administrator |  TASK [desktop : install base fcitx packages] ***********************************
2016-11-08 10:17:27,526 p=16317 u=administrator |  Tuesday 08 November 2016  10:17:27 -0800 (0:00:00.056)       0:01:31.601 ****** 
2016-11-08 10:17:29,422 p=16317 u=administrator |  ok: [vbox-srv] => (item=[u'fcitx-frontend-gtk3', u'fcitx-frontend-qt4', u'fcitx-libs', u'fcitx-libs-qt', u'fcitx-module-kimpanel', u'libfcitx-qt0', u'libopencc1', u'libqt4-dbus', u'libqt4-declarative', u'libqt4-network', u'libqt4-script', u'libqt4-sql', u'libqt4-sql-mysql', u'libqt4-xml', u'libqt4-xmlpatterns', u'libqtcore4', u'libqtdbus4', u'libqtgui4', u'qdbus', u'qt-at-spi', u'qtchooser', u'qtcore4-l10n'])
2016-11-08 10:17:29,425 p=16317 u=administrator |  TASK [desktop : set fcitx as default input method] *****************************
2016-11-08 10:17:29,426 p=16317 u=administrator |  Tuesday 08 November 2016  10:17:29 -0800 (0:00:01.899)       0:01:33.501 ****** 
2016-11-08 10:17:30,832 p=16317 u=administrator |  fatal: [vbox-srv]: FAILED! => {"changed": false, "cmd": "im-config -n fcitx", "failed": true, "msg": "[Errno 2] No such file or directory", "rc": 2}
2016-11-08 10:17:30,833 p=16317 u=administrator |  ...ignoring
2016-11-08 10:17:30,836 p=16317 u=administrator |  TASK [desktop : install fcitx taiwanese/chewing support] ***********************
2016-11-08 10:17:30,837 p=16317 u=administrator |  Tuesday 08 November 2016  10:17:30 -0800 (0:00:01.410)       0:01:34.912 ****** 
2016-11-08 10:17:32,600 p=16317 u=administrator |  ok: [vbox-srv]
2016-11-08 10:17:32,606 p=16317 u=administrator |  TASK [desktop : update system] *************************************************
2016-11-08 10:17:32,606 p=16317 u=administrator |  Tuesday 08 November 2016  10:17:32 -0800 (0:00:01.769)       0:01:36.682 ****** 
2016-11-08 10:17:42,509 p=16317 u=administrator |  ok: [vbox-srv]
2016-11-08 10:17:42,512 p=16317 u=administrator |  PLAY RECAP *********************************************************************
2016-11-08 10:17:42,513 p=16317 u=administrator |  vbox-srv                   : ok=35   changed=3    unreachable=0    failed=0   
2016-11-08 10:17:42,513 p=16317 u=administrator |  Tuesday 08 November 2016  10:17:42 -0800 (0:00:09.907)       0:01:46.589 ****** 
2016-11-08 10:17:42,514 p=16317 u=administrator |  =============================================================================== 
2016-11-08 10:17:42,514 p=16317 u=administrator |  desktop : setup default account files ---------------------------------- 16.55s
2016-11-08 10:17:42,515 p=16317 u=administrator |  desktop : update system ------------------------------------------------- 9.91s
2016-11-08 10:17:42,515 p=16317 u=administrator |  desktop : install windos10 icons ---------------------------------------- 8.83s
2016-11-08 10:17:42,515 p=16317 u=administrator |  common : refresh the mirrors -------------------------------------------- 6.61s
2016-11-08 10:17:42,516 p=16317 u=administrator |  desktop : configure lightdm --------------------------------------------- 4.68s
2016-11-08 10:17:42,516 p=16317 u=administrator |  desktop : configure openbox --------------------------------------------- 3.27s
2016-11-08 10:17:42,516 p=16317 u=administrator |  desktop : configure lxpanel --------------------------------------------- 3.14s
2016-11-08 10:17:42,517 p=16317 u=administrator |  common : vim saner defaults --------------------------------------------- 2.87s
2016-11-08 10:17:42,517 p=16317 u=administrator |  desktop : copy lightdm avatar image ------------------------------------- 2.67s
2016-11-08 10:17:42,517 p=16317 u=administrator |  desktop : configure lxsession ------------------------------------------- 2.67s
2016-11-08 10:17:42,517 p=16317 u=administrator |  desktop : configure pcmanfm --------------------------------------------- 2.66s
2016-11-08 10:17:42,517 p=16317 u=administrator |  desktop : deploy image background --------------------------------------- 2.63s
2016-11-08 10:17:42,518 p=16317 u=administrator |  common : vim saner defaults for administrator --------------------------- 2.60s
2016-11-08 10:17:42,518 p=16317 u=administrator |  desktop : fix network interfaces ---------------------------------------- 2.56s
2016-11-08 10:17:42,518 p=16317 u=administrator |  setup ------------------------------------------------------------------- 2.03s
2016-11-08 10:17:42,518 p=16317 u=administrator |  desktop : install base fcitx packages ----------------------------------- 1.90s
2016-11-08 10:17:42,518 p=16317 u=administrator |  desktop : install language packages for en,zh,vi,zhuyin ----------------- 1.87s
2016-11-08 10:17:42,518 p=16317 u=administrator |  desktop : install lubuntu ----------------------------------------------- 1.84s
2016-11-08 10:17:42,519 p=16317 u=administrator |  common : install apt-add-repository ------------------------------------- 1.83s
2016-11-08 10:17:42,519 p=16317 u=administrator |  common : install basic software ----------------------------------------- 1.81s
