2016-10-28 18:32:21,719 p=20765 u=administrator |  statically included: /home/administrator/Documents/ansible/new/roles/asterisk/tasks/asterisk.yml
2016-10-28 18:32:21,734 p=20765 u=administrator |  statically included: /home/administrator/Documents/ansible/new/roles/asterisk/tasks/tftp.yml
2016-10-28 18:32:21,767 p=20765 u=administrator |  PLAY [vbox-srv] ****************************************************************
2016-10-28 18:32:21,823 p=20765 u=administrator |  TASK [setup] *******************************************************************
2016-10-28 18:32:23,715 p=20765 u=administrator |  ok: [vbox-srv]
2016-10-28 18:32:23,724 p=20765 u=administrator |  TASK [asterisk : install asterisk packages] ************************************
2016-10-28 18:32:26,362 p=20765 u=administrator |  ok: [vbox-srv] => (item=[u'asterisk', u'asterisk-core-sounds-en', u'asterisk-core-sounds-en-gsm', u'asterisk-modules', u'asterisk-moh-opsound-gsm', u'asterisk-mp3', u'asterisk-voicemail'])
2016-10-28 18:32:26,381 p=20765 u=administrator |  TASK [asterisk : copy etc configs] *********************************************
2016-10-28 18:32:27,004 p=20765 u=administrator |  changed: [vbox-srv]
2016-10-28 18:32:27,012 p=20765 u=administrator |  TASK [asterisk : fix permissions /etc/asterisk] ********************************
2016-10-28 18:32:28,323 p=20765 u=administrator |  changed: [vbox-srv]
2016-10-28 18:32:28,331 p=20765 u=administrator |  TASK [asterisk : copy drbu sound prompts] **************************************
2016-10-28 18:32:34,127 p=20765 u=administrator |  changed: [vbox-srv]
2016-10-28 18:32:34,140 p=20765 u=administrator |  TASK [asterisk : install tftp packages] ****************************************
2016-10-28 18:32:36,650 p=20765 u=administrator |  ok: [vbox-srv] => (item=[u'tftpd-hpa'])
2016-10-28 18:32:36,662 p=20765 u=administrator |  TASK [asterisk : configure tftp] ***********************************************
2016-10-28 18:32:39,123 p=20765 u=administrator |  ok: [vbox-srv]
2016-10-28 18:32:39,132 p=20765 u=administrator |  TASK [asterisk : copy tftpboot files] ******************************************
2016-10-28 18:32:39,682 p=20765 u=administrator |  changed: [vbox-srv]
2016-10-28 18:32:39,691 p=20765 u=administrator |  TASK [asterisk : fix permissions on tftpboot files] ****************************
2016-10-28 18:32:40,971 p=20765 u=administrator |  fatal: [vbox-srv]: FAILED! => {"changed": false, "details": "'-'", "failed": true, "gid": 117, "group": "tftp", "mode": "0775", "msg": "mode must be in octal or symbolic form", "owner": "tftp", "path": "/var/lib/tftpboot/", "size": 4096, "state": "directory", "uid": 110}
2016-10-28 18:32:40,977 p=20765 u=administrator |  NO MORE HOSTS LEFT *************************************************************
2016-10-28 18:32:40,977 p=20765 u=administrator |  RUNNING HANDLER [asterisk : restart asterisk] **********************************
2016-10-28 18:32:40,978 p=20765 u=administrator |  PLAY RECAP *********************************************************************
2016-10-28 18:32:40,978 p=20765 u=administrator |  vbox-srv                   : ok=8    changed=4    unreachable=0    failed=1   
