2016-11-08 10:50:53,199 p=7601 u=administrator |  PLAY [vbox-srv] ****************************************************************
2016-11-08 10:50:53,266 p=7601 u=administrator |  TASK [setup] *******************************************************************
2016-11-08 10:50:53,266 p=7601 u=administrator |  Tuesday 08 November 2016  10:50:53 -0800 (0:00:00.069)       0:00:00.069 ****** 
2016-11-08 10:50:55,056 p=7601 u=administrator |  ok: [vbox-srv]
2016-11-08 10:50:55,059 p=7601 u=administrator |  TASK [desktop : install language packages for en,zh,vi,zhuyin] *****************
2016-11-08 10:50:55,059 p=7601 u=administrator |  Tuesday 08 November 2016  10:50:55 -0800 (0:00:01.793)       0:00:01.863 ****** 
2016-11-08 10:50:57,051 p=7601 u=administrator |  ok: [vbox-srv] => (item=[u'gimp-help-en', u'hunspell-en-au', u'hunspell-en-ca', u'hunspell-en-gb', u'hunspell-en-za', u'hyphen-en-gb', u'hyphen-en-us', u'mythes-en-au', u'mythes-en-us', u'hunspell-vi', u'language-pack-gnome-vi', u'language-pack-vi', u'language-pack-gnome-zh-hant', u'language-pack-zh-hant'])
2016-11-08 10:50:57,055 p=7601 u=administrator |  TASK [desktop : check if open office is installed] *****************************
2016-11-08 10:50:57,055 p=7601 u=administrator |  Tuesday 08 November 2016  10:50:57 -0800 (0:00:01.996)       0:00:03.859 ****** 
2016-11-08 10:50:58,723 p=7601 u=administrator |  fatal: [vbox-srv]: FAILED! => {"changed": true, "cmd": ["dpkg", "-l", "libreoffice-common"], "delta": "0:00:00.024729", "end": "2016-11-08 10:50:58.664338", "failed": true, "rc": 1, "start": "2016-11-08 10:50:58.639609", "stderr": "dpkg-query: no packages found matching libreoffice-common", "stdout": "", "stdout_lines": [], "warnings": []}
2016-11-08 10:50:58,725 p=7601 u=administrator |  ...ignoring
2016-11-08 10:50:58,730 p=7601 u=administrator |  TASK [desktop : install libreoffice language support] **************************
2016-11-08 10:50:58,731 p=7601 u=administrator |  Tuesday 08 November 2016  10:50:58 -0800 (0:00:01.675)       0:00:05.534 ****** 
2016-11-08 10:50:58,779 p=7601 u=administrator |  skipping: [vbox-srv] => (item=[]) 
2016-11-08 10:50:58,782 p=7601 u=administrator |  TASK [desktop : install base fcitx packages] ***********************************
2016-11-08 10:50:58,782 p=7601 u=administrator |  Tuesday 08 November 2016  10:50:58 -0800 (0:00:00.051)       0:00:05.585 ****** 
2016-11-08 10:51:00,614 p=7601 u=administrator |  ok: [vbox-srv] => (item=[u'fcitx-frontend-gtk3', u'fcitx-frontend-qt4', u'fcitx-libs', u'fcitx-libs-qt', u'fcitx-module-kimpanel', u'libfcitx-qt0', u'libopencc1', u'libqt4-dbus', u'libqt4-declarative', u'libqt4-network', u'libqt4-script', u'libqt4-sql', u'libqt4-sql-mysql', u'libqt4-xml', u'libqt4-xmlpatterns', u'libqtcore4', u'libqtdbus4', u'libqtgui4', u'qdbus', u'qt-at-spi', u'qtchooser', u'qtcore4-l10n'])
2016-11-08 10:51:00,618 p=7601 u=administrator |  TASK [desktop : set fcitx as default input method] *****************************
2016-11-08 10:51:00,618 p=7601 u=administrator |  Tuesday 08 November 2016  10:51:00 -0800 (0:00:01.836)       0:00:07.422 ****** 
2016-11-08 10:51:01,990 p=7601 u=administrator |  changed: [vbox-srv]
2016-11-08 10:51:01,995 p=7601 u=administrator |  TASK [desktop : install fcitx taiwanese/chewing support] ***********************
2016-11-08 10:51:01,995 p=7601 u=administrator |  Tuesday 08 November 2016  10:51:01 -0800 (0:00:01.376)       0:00:08.799 ****** 
2016-11-08 10:51:03,759 p=7601 u=administrator |  ok: [vbox-srv]
2016-11-08 10:51:03,762 p=7601 u=administrator |  PLAY RECAP *********************************************************************
2016-11-08 10:51:03,762 p=7601 u=administrator |  vbox-srv                   : ok=6    changed=1    unreachable=0    failed=0   
2016-11-08 10:51:03,763 p=7601 u=administrator |  Tuesday 08 November 2016  10:51:03 -0800 (0:00:01.767)       0:00:10.566 ****** 
2016-11-08 10:51:03,763 p=7601 u=administrator |  =============================================================================== 
2016-11-08 10:51:03,763 p=7601 u=administrator |  desktop : install language packages for en,zh,vi,zhuyin ----------------- 2.00s
2016-11-08 10:51:03,764 p=7601 u=administrator |  desktop : install base fcitx packages ----------------------------------- 1.84s
2016-11-08 10:51:03,764 p=7601 u=administrator |  setup ------------------------------------------------------------------- 1.79s
2016-11-08 10:51:03,764 p=7601 u=administrator |  desktop : install fcitx taiwanese/chewing support ----------------------- 1.77s
2016-11-08 10:51:03,765 p=7601 u=administrator |  desktop : check if open office is installed ----------------------------- 1.68s
2016-11-08 10:51:03,765 p=7601 u=administrator |  desktop : set fcitx as default input method ----------------------------- 1.38s
2016-11-08 10:51:03,765 p=7601 u=administrator |  desktop : install libreoffice language support -------------------------- 0.05s
