2016-11-07 11:06:25,008 p=15986 u=administrator |  PLAY [vbox-srv] ****************************************************************
2016-11-07 11:06:25,058 p=15986 u=administrator |  TASK [setup] *******************************************************************
2016-11-07 11:06:26,753 p=15986 u=administrator |  ok: [vbox-srv]
2016-11-07 11:06:26,757 p=15986 u=administrator |  TASK [common : refresh the mirrors] ********************************************
2016-11-07 11:06:33,946 p=15986 u=administrator |  changed: [vbox-srv]
2016-11-07 11:06:33,948 p=15986 u=administrator |  TASK [common : install aptitude] ***********************************************
2016-11-07 11:06:47,831 p=15986 u=administrator |  changed: [vbox-srv]
2016-11-07 11:06:47,835 p=15986 u=administrator |  TASK [common : install apt-add-repository] *************************************
2016-11-07 11:06:52,601 p=15986 u=administrator |  changed: [vbox-srv]
2016-11-07 11:06:52,606 p=15986 u=administrator |  TASK [common : Set up ansible/cttb-os authorized_key] **************************
2016-11-07 11:06:54,053 p=15986 u=administrator |  ok: [vbox-srv] => (item=ssh-rsa AAAAB3NzaC1yc2EAAAADAQABAAACAQDYi3OOvRQAJnIZk+nTH15aJs0AOVSLaSN6TH+zrdyaRGk6XwrbvLoCiyGOveOt4TcwmOzgyrXg9p1Vy0gcd2pjN+fDbO07ftwPGtuSfbvShvnwYaRPzF1IcBEBMeml/e05Naw8Q0KhZbuGXnCHvEDM2QArw9qD/a77kEV9vxrhJaOUOFkdVx1gsU/dAjQikZzD+Sag7JhtSYIpZupA+YbD1K0dRYUdE9dm3yTUUFmWM3nCCpj8kpU+TWjFeG2M4ilWym7Y81tk3CgI3vzRZRkA395IZlpP1FKNjAlNsit8YuldRvgrYXjPH3TcM1XkLFL4k6EJTjwsM5oWC4o9TriFJRTN75MxGgs72tZcgwlN2W+qkGAGAAYMvSqCBPIXuVCp+3ixuECgnJ3pYq48x8J5DmTn6i93Q9eAv7Xj8B9shts8MlrwGzMBHqjEu/CFfJAHtsLmJ34vvfM0kTFp6Du/K7WnYAuBvB4agMSMBAKy3+9ij5r1+hOxEv7rPkJvlFTECYLvEmNGXOSthuKLEHarlAH21YB1+aP5GwdrypLlYifXYXbQyf/nc/sebyleA3yHs99OLxxW3SCFOqvWxRH7kV/i56Ei8JFxAASauQMy/jXT/FgnIKYae46c7ZJ9jTgfsrhZ1OSQ9oUqzyAS3ugUa5QW3uMEpfnXVxt/EnwnOw== ansible@cttb.us)
2016-11-07 11:06:54,056 p=15986 u=administrator |  TASK [common : install ntpd] ***************************************************
2016-11-07 11:06:54,080 p=15986 u=administrator |  skipping: [vbox-srv]
2016-11-07 11:06:54,086 p=15986 u=administrator |  TASK [common : enable ntp service] *********************************************
2016-11-07 11:06:54,114 p=15986 u=administrator |  skipping: [vbox-srv]
2016-11-07 11:06:54,119 p=15986 u=administrator |  TASK [common : ensure ntp is running] ******************************************
2016-11-07 11:06:54,159 p=15986 u=administrator |  skipping: [vbox-srv]
2016-11-07 11:06:54,162 p=15986 u=administrator |  TASK [common : remove net udev rule] *******************************************
2016-11-07 11:06:54,185 p=15986 u=administrator |  skipping: [vbox-srv]
2016-11-07 11:06:54,187 p=15986 u=administrator |  TASK [common : set hostname] ***************************************************
2016-11-07 11:06:55,878 p=15986 u=administrator |  ok: [vbox-srv]
2016-11-07 11:06:55,883 p=15986 u=administrator |  TASK [common : fix /etc/hosts] *************************************************
2016-11-07 11:06:57,554 p=15986 u=administrator |  ok: [vbox-srv]
2016-11-07 11:06:57,558 p=15986 u=administrator |  TASK [common : fix 127.0.1.1] **************************************************
2016-11-07 11:06:59,494 p=15986 u=administrator |  changed: [vbox-srv]
2016-11-07 11:06:59,497 p=15986 u=administrator |  TASK [common : add ansible repo key] *******************************************
2016-11-07 11:07:02,788 p=15986 u=administrator |  changed: [vbox-srv]
2016-11-07 11:07:02,791 p=15986 u=administrator |  TASK [common : add ansible repo mirror] ****************************************
2016-11-07 11:07:10,295 p=15986 u=administrator |  changed: [vbox-srv]
2016-11-07 11:07:10,300 p=15986 u=administrator |  TASK [common : install basic software] *****************************************
2016-11-07 11:07:16,708 p=15986 u=administrator |  failed: [vbox-srv] (item=[u'ansible', u'byobu', u'collectd', u'curl', u'iperf', u'git', u'obnam', u'traceroute', u'unattended-upgrades', u'vim', u'whois']) => {"cache_update_time": 1478545630, "cache_updated": false, "failed": true, "item": ["ansible", "byobu", "collectd", "curl", "iperf", "git", "obnam", "traceroute", "unattended-upgrades", "vim", "whois"], "msg": "'/usr/bin/apt-get -y -o \"Dpkg::Options::=--force-confdef\" -o \"Dpkg::Options::=--force-confold\"     install 'ansible' 'byobu' 'collectd' 'curl' 'iperf' 'git' 'obnam' 'traceroute' 'vim' 'whois' -o APT::Install-Recommends=no' failed: E: Could not get lock /var/lib/dpkg/lock - open (11: Resource temporarily unavailable)\nE: Unable to lock the administration directory (/var/lib/dpkg/), is another process using it?\n", "stderr": "E: Could not get lock /var/lib/dpkg/lock - open (11: Resource temporarily unavailable)\nE: Unable to lock the administration directory (/var/lib/dpkg/), is another process using it?\n", "stdout": "", "stdout_lines": []}
2016-11-07 11:07:16,712 p=15986 u=administrator |  PLAY RECAP *********************************************************************
2016-11-07 11:07:16,712 p=15986 u=administrator |  vbox-srv                   : ok=10   changed=6    unreachable=0    failed=1   
