2016-11-04 10:02:11,724 p=8372 u=administrator |  PLAY [vbox-srv] ****************************************************************
2016-11-04 10:02:11,775 p=8372 u=administrator |  TASK [setup] *******************************************************************
2016-11-04 10:02:13,986 p=8372 u=administrator |  ok: [vbox-srv]
2016-11-04 10:02:13,996 p=8372 u=administrator |  TASK [common : refresh the mirrors] ********************************************
2016-11-04 10:02:16,579 p=8372 u=administrator |  ok: [vbox-srv]
2016-11-04 10:02:16,587 p=8372 u=administrator |  TASK [common : install aptitude] ***********************************************
2016-11-04 10:02:18,309 p=8372 u=administrator |  ok: [vbox-srv]
2016-11-04 10:02:18,318 p=8372 u=administrator |  TASK [common : install apt-add-repository] *************************************
2016-11-04 10:02:20,004 p=8372 u=administrator |  ok: [vbox-srv]
2016-11-04 10:02:20,012 p=8372 u=administrator |  TASK [common : Set up ansible/cttb-os authorized_key] **************************
2016-11-04 10:02:21,477 p=8372 u=administrator |  ok: [vbox-srv] => (item=ssh-rsa AAAAB3NzaC1yc2EAAAADAQABAAACAQDYi3OOvRQAJnIZk+nTH15aJs0AOVSLaSN6TH+zrdyaRGk6XwrbvLoCiyGOveOt4TcwmOzgyrXg9p1Vy0gcd2pjN+fDbO07ftwPGtuSfbvShvnwYaRPzF1IcBEBMeml/e05Naw8Q0KhZbuGXnCHvEDM2QArw9qD/a77kEV9vxrhJaOUOFkdVx1gsU/dAjQikZzD+Sag7JhtSYIpZupA+YbD1K0dRYUdE9dm3yTUUFmWM3nCCpj8kpU+TWjFeG2M4ilWym7Y81tk3CgI3vzRZRkA395IZlpP1FKNjAlNsit8YuldRvgrYXjPH3TcM1XkLFL4k6EJTjwsM5oWC4o9TriFJRTN75MxGgs72tZcgwlN2W+qkGAGAAYMvSqCBPIXuVCp+3ixuECgnJ3pYq48x8J5DmTn6i93Q9eAv7Xj8B9shts8MlrwGzMBHqjEu/CFfJAHtsLmJ34vvfM0kTFp6Du/K7WnYAuBvB4agMSMBAKy3+9ij5r1+hOxEv7rPkJvlFTECYLvEmNGXOSthuKLEHarlAH21YB1+aP5GwdrypLlYifXYXbQyf/nc/sebyleA3yHs99OLxxW3SCFOqvWxRH7kV/i56Ei8JFxAASauQMy/jXT/FgnIKYae46c7ZJ9jTgfsrhZ1OSQ9oUqzyAS3ugUa5QW3uMEpfnXVxt/EnwnOw== ansible@cttb.us)
2016-11-04 10:02:21,488 p=8372 u=administrator |  TASK [common : install ntpd] ***************************************************
2016-11-04 10:02:21,531 p=8372 u=administrator |  skipping: [vbox-srv]
2016-11-04 10:02:21,541 p=8372 u=administrator |  TASK [common : enable ntp service] *********************************************
2016-11-04 10:02:21,584 p=8372 u=administrator |  skipping: [vbox-srv]
2016-11-04 10:02:21,592 p=8372 u=administrator |  TASK [common : ensure ntp is running] ******************************************
2016-11-04 10:02:21,634 p=8372 u=administrator |  skipping: [vbox-srv]
2016-11-04 10:02:21,642 p=8372 u=administrator |  TASK [common : remove net udev rule] *******************************************
2016-11-04 10:02:21,685 p=8372 u=administrator |  skipping: [vbox-srv]
2016-11-04 10:02:21,696 p=8372 u=administrator |  TASK [common : set hostname] ***************************************************
2016-11-04 10:02:23,119 p=8372 u=administrator |  ok: [vbox-srv]
2016-11-04 10:02:23,127 p=8372 u=administrator |  TASK [common : fix /etc/hosts] *************************************************
2016-11-04 10:02:24,483 p=8372 u=administrator |  ok: [vbox-srv]
2016-11-04 10:02:24,491 p=8372 u=administrator |  TASK [common : fix 127.0.1.1] **************************************************
2016-11-04 10:02:25,751 p=8372 u=administrator |  ok: [vbox-srv]
2016-11-04 10:02:25,759 p=8372 u=administrator |  TASK [common : add ansible repo key] *******************************************
2016-11-04 10:02:27,283 p=8372 u=administrator |  ok: [vbox-srv]
2016-11-04 10:02:27,292 p=8372 u=administrator |  TASK [common : add ansible repo mirror] ****************************************
2016-11-04 10:02:28,781 p=8372 u=administrator |  ok: [vbox-srv]
2016-11-04 10:02:28,789 p=8372 u=administrator |  TASK [common : install basic software] *****************************************
2016-11-04 10:02:30,495 p=8372 u=administrator |  ok: [vbox-srv] => (item=[u'unattended-upgrades', u'curl', u'ansible', u'collectd', u'vim'])
2016-11-04 10:02:30,504 p=8372 u=administrator |  TASK [common : vim saner defaults] *********************************************
2016-11-04 10:02:33,139 p=8372 u=administrator |  ok: [vbox-srv]
2016-11-04 10:02:33,147 p=8372 u=administrator |  TASK [common : vim saner defaults for administrator] ***************************
2016-11-04 10:02:35,577 p=8372 u=administrator |  ok: [vbox-srv]
2016-11-04 10:02:35,584 p=8372 u=administrator |  PLAY RECAP *********************************************************************
2016-11-04 10:02:35,585 p=8372 u=administrator |  vbox-srv                   : ok=13   changed=0    unreachable=0    failed=0   
