2016-11-06 18:47:34,808 p=26011 u=administrator |  PLAY [vbox-srv] ****************************************************************
2016-11-06 18:47:34,846 p=26011 u=administrator |  TASK [setup] *******************************************************************
2016-11-06 18:47:36,873 p=26011 u=administrator |  ok: [vbox-srv]
2016-11-06 18:47:36,877 p=26011 u=administrator |  TASK [desktop : setup default account files] ***********************************
2016-11-06 18:47:52,702 p=26011 u=administrator |  ok: [vbox-srv]
2016-11-06 18:47:52,706 p=26011 u=administrator |  TASK [desktop : copy lightdm avatar image] *************************************
2016-11-06 18:47:55,108 p=26011 u=administrator |  ok: [vbox-srv]
2016-11-06 18:47:55,111 p=26011 u=administrator |  TASK [desktop : deploy image background] ***************************************
2016-11-06 18:47:57,586 p=26011 u=administrator |  ok: [vbox-srv]
2016-11-06 18:47:57,591 p=26011 u=administrator |  TASK [desktop : add noobslab mirror key] ***************************************
2016-11-06 18:47:59,138 p=26011 u=administrator |  ok: [vbox-srv]
2016-11-06 18:47:59,142 p=26011 u=administrator |  TASK [desktop : Add noobslab icon repository] **********************************
2016-11-06 18:48:00,642 p=26011 u=administrator |  ok: [vbox-srv]
2016-11-06 18:48:00,646 p=26011 u=administrator |  TASK [desktop : Add noobslab theme repository] *********************************
2016-11-06 18:48:01,984 p=26011 u=administrator |  ok: [vbox-srv]
2016-11-06 18:48:01,986 p=26011 u=administrator |  TASK [desktop : install noobs icons] *******************************************
2016-11-06 18:48:03,892 p=26011 u=administrator |  ok: [vbox-srv] => (item=[u'super-flat-remix-icons', u'vertex-icons', u'arc-icons'])
2016-11-06 18:48:03,895 p=26011 u=administrator |  TASK [desktop : install windos10 icons] ****************************************
2016-11-06 18:48:09,915 p=26011 u=administrator |  ok: [vbox-srv]
2016-11-06 18:48:09,919 p=26011 u=administrator |  TASK [desktop : install noobslab windos10-theme] *******************************
2016-11-06 18:48:11,572 p=26011 u=administrator |  ok: [vbox-srv]
2016-11-06 18:48:11,575 p=26011 u=administrator |  TASK [desktop : configure openbox] *********************************************
2016-11-06 18:48:14,052 p=26011 u=administrator |  ok: [vbox-srv]
2016-11-06 18:48:14,055 p=26011 u=administrator |  TASK [desktop : configure lxpanel] *********************************************
2016-11-06 18:48:16,525 p=26011 u=administrator |  ok: [vbox-srv]
2016-11-06 18:48:16,530 p=26011 u=administrator |  TASK [desktop : configure lxsession] *******************************************
2016-11-06 18:48:19,681 p=26011 u=administrator |  changed: [vbox-srv]
2016-11-06 18:48:19,685 p=26011 u=administrator |  TASK [desktop : configure pcmanfm] *********************************************
2016-11-06 18:48:22,644 p=26011 u=administrator |  changed: [vbox-srv]
2016-11-06 18:48:22,646 p=26011 u=administrator |  PLAY RECAP *********************************************************************
2016-11-06 18:48:22,646 p=26011 u=administrator |  vbox-srv                   : ok=14   changed=2    unreachable=0    failed=0   
