2016-10-28 18:38:29,510 p=25106 u=administrator |  statically included: /home/administrator/Documents/ansible/new/roles/asterisk/tasks/asterisk.yml
2016-10-28 18:38:29,525 p=25106 u=administrator |  statically included: /home/administrator/Documents/ansible/new/roles/asterisk/tasks/tftp.yml
2016-10-28 18:38:29,560 p=25106 u=administrator |  PLAY [vbox-srv] ****************************************************************
2016-10-28 18:38:29,613 p=25106 u=administrator |  TASK [setup] *******************************************************************
2016-10-28 18:38:31,472 p=25106 u=administrator |  ok: [vbox-srv]
2016-10-28 18:38:31,483 p=25106 u=administrator |  TASK [asterisk : copy etc configs] *********************************************
2016-10-28 18:38:32,090 p=25106 u=administrator |  changed: [vbox-srv]
2016-10-28 18:38:32,097 p=25106 u=administrator |  TASK [asterisk : fix permissions /etc/asterisk] ********************************
2016-10-28 18:38:33,436 p=25106 u=administrator |  changed: [vbox-srv]
2016-10-28 18:38:33,444 p=25106 u=administrator |  TASK [asterisk : copy drbu sound prompts] **************************************
2016-10-28 18:38:37,824 p=25106 u=administrator |  changed: [vbox-srv]
2016-10-28 18:38:37,833 p=25106 u=administrator |  TASK [asterisk : configure tftp] ***********************************************
2016-10-28 18:38:40,245 p=25106 u=administrator |  ok: [vbox-srv]
2016-10-28 18:38:40,253 p=25106 u=administrator |  TASK [asterisk : copy tftpboot files] ******************************************
2016-10-28 18:38:40,779 p=25106 u=administrator |  changed: [vbox-srv]
2016-10-28 18:38:40,787 p=25106 u=administrator |  TASK [asterisk : fix permissions on tftpboot files] ****************************
2016-10-28 18:38:42,064 p=25106 u=administrator |  changed: [vbox-srv]
2016-10-28 18:38:42,070 p=25106 u=administrator |  RUNNING HANDLER [asterisk : restart asterisk] **********************************
2016-10-28 18:38:43,499 p=25106 u=administrator |  changed: [vbox-srv]
2016-10-28 18:38:43,505 p=25106 u=administrator |  PLAY RECAP *********************************************************************
2016-10-28 18:38:43,505 p=25106 u=administrator |  vbox-srv                   : ok=8    changed=6    unreachable=0    failed=0   
