2016-10-30 15:30:50,447 p=1977 u=administrator |  statically included: /home/administrator/Documents/ansible/new/roles/asterisk/tasks/asterisk.yml
2016-10-30 15:30:50,463 p=1977 u=administrator |  statically included: /home/administrator/Documents/ansible/new/roles/asterisk/tasks/tftp.yml
2016-10-30 15:30:50,499 p=1977 u=administrator |  PLAY [vbox-srv] ****************************************************************
2016-10-30 15:30:50,554 p=1977 u=administrator |  TASK [setup] *******************************************************************
2016-10-30 15:30:52,430 p=1977 u=administrator |  ok: [vbox-srv]
2016-10-30 15:30:52,439 p=1977 u=administrator |  TASK [asterisk : install asterisk packages] ************************************
2016-10-30 15:30:55,082 p=1977 u=administrator |  ok: [vbox-srv] => (item=[u'asterisk', u'asterisk-core-sounds-en', u'asterisk-core-sounds-en-gsm', u'asterisk-modules', u'asterisk-moh-opsound-gsm', u'asterisk-mp3', u'asterisk-voicemail'])
2016-10-30 15:30:55,098 p=1977 u=administrator |  TASK [asterisk : copy etc configs] *********************************************
2016-10-30 15:30:55,720 p=1977 u=administrator |  changed: [vbox-srv]
2016-10-30 15:30:55,727 p=1977 u=administrator |  TASK [asterisk : fix permissions /etc/asterisk] ********************************
2016-10-30 15:30:57,118 p=1977 u=administrator |  changed: [vbox-srv]
2016-10-30 15:30:57,125 p=1977 u=administrator |  TASK [asterisk : copy drbu sound prompts] **************************************
2016-10-30 15:31:01,569 p=1977 u=administrator |  ok: [vbox-srv]
2016-10-30 15:31:01,578 p=1977 u=administrator |  TASK [asterisk : install tftp packages] ****************************************
2016-10-30 15:31:04,113 p=1977 u=administrator |  ok: [vbox-srv] => (item=[u'tftpd-hpa'])
2016-10-30 15:31:04,131 p=1977 u=administrator |  TASK [asterisk : configure tftp] ***********************************************
2016-10-30 15:31:06,672 p=1977 u=administrator |  ok: [vbox-srv]
2016-10-30 15:31:06,681 p=1977 u=administrator |  TASK [asterisk : copy tftpboot files] ******************************************
2016-10-30 15:31:07,244 p=1977 u=administrator |  changed: [vbox-srv]
2016-10-30 15:31:07,253 p=1977 u=administrator |  TASK [asterisk : fix permissions on tftpboot files] ****************************
2016-10-30 15:31:08,523 p=1977 u=administrator |  changed: [vbox-srv]
2016-10-30 15:31:08,529 p=1977 u=administrator |  RUNNING HANDLER [asterisk : restart asterisk] **********************************
2016-10-30 15:31:10,026 p=1977 u=administrator |  changed: [vbox-srv]
2016-10-30 15:31:10,033 p=1977 u=administrator |  PLAY RECAP *********************************************************************
2016-10-30 15:31:10,036 p=1977 u=administrator |  vbox-srv                   : ok=10   changed=5    unreachable=0    failed=0   
