2016-11-05 19:11:24,645 p=28893 u=administrator |  PLAY [vbox-srv] ****************************************************************
2016-11-05 19:11:24,693 p=28893 u=administrator |  TASK [setup] *******************************************************************
2016-11-05 19:11:26,801 p=28893 u=administrator |  ok: [vbox-srv]
2016-11-05 19:11:26,815 p=28893 u=administrator |  TASK [common : refresh the mirrors] ********************************************
2016-11-05 19:11:29,358 p=28893 u=administrator |  ok: [vbox-srv]
2016-11-05 19:11:29,366 p=28893 u=administrator |  TASK [common : install aptitude] ***********************************************
2016-11-05 19:11:31,021 p=28893 u=administrator |  ok: [vbox-srv]
2016-11-05 19:11:31,028 p=28893 u=administrator |  TASK [common : install apt-add-repository] *************************************
2016-11-05 19:11:32,725 p=28893 u=administrator |  ok: [vbox-srv]
2016-11-05 19:11:32,733 p=28893 u=administrator |  TASK [common : Set up ansible/cttb-os authorized_key] **************************
2016-11-05 19:11:34,130 p=28893 u=administrator |  ok: [vbox-srv] => (item=ssh-rsa AAAAB3NzaC1yc2EAAAADAQABAAACAQDYi3OOvRQAJnIZk+nTH15aJs0AOVSLaSN6TH+zrdyaRGk6XwrbvLoCiyGOveOt4TcwmOzgyrXg9p1Vy0gcd2pjN+fDbO07ftwPGtuSfbvShvnwYaRPzF1IcBEBMeml/e05Naw8Q0KhZbuGXnCHvEDM2QArw9qD/a77kEV9vxrhJaOUOFkdVx1gsU/dAjQikZzD+Sag7JhtSYIpZupA+YbD1K0dRYUdE9dm3yTUUFmWM3nCCpj8kpU+TWjFeG2M4ilWym7Y81tk3CgI3vzRZRkA395IZlpP1FKNjAlNsit8YuldRvgrYXjPH3TcM1XkLFL4k6EJTjwsM5oWC4o9TriFJRTN75MxGgs72tZcgwlN2W+qkGAGAAYMvSqCBPIXuVCp+3ixuECgnJ3pYq48x8J5DmTn6i93Q9eAv7Xj8B9shts8MlrwGzMBHqjEu/CFfJAHtsLmJ34vvfM0kTFp6Du/K7WnYAuBvB4agMSMBAKy3+9ij5r1+hOxEv7rPkJvlFTECYLvEmNGXOSthuKLEHarlAH21YB1+aP5GwdrypLlYifXYXbQyf/nc/sebyleA3yHs99OLxxW3SCFOqvWxRH7kV/i56Ei8JFxAASauQMy/jXT/FgnIKYae46c7ZJ9jTgfsrhZ1OSQ9oUqzyAS3ugUa5QW3uMEpfnXVxt/EnwnOw== ansible@cttb.us)
2016-11-05 19:11:34,139 p=28893 u=administrator |  TASK [common : install ntpd] ***************************************************
2016-11-05 19:11:34,183 p=28893 u=administrator |  skipping: [vbox-srv]
2016-11-05 19:11:34,191 p=28893 u=administrator |  TASK [common : enable ntp service] *********************************************
2016-11-05 19:11:34,234 p=28893 u=administrator |  skipping: [vbox-srv]
2016-11-05 19:11:34,243 p=28893 u=administrator |  TASK [common : ensure ntp is running] ******************************************
2016-11-05 19:11:34,285 p=28893 u=administrator |  skipping: [vbox-srv]
2016-11-05 19:11:34,294 p=28893 u=administrator |  TASK [common : remove net udev rule] *******************************************
2016-11-05 19:11:34,331 p=28893 u=administrator |  skipping: [vbox-srv]
2016-11-05 19:11:34,339 p=28893 u=administrator |  TASK [common : set hostname] ***************************************************
2016-11-05 19:11:35,712 p=28893 u=administrator |  ok: [vbox-srv]
2016-11-05 19:11:35,720 p=28893 u=administrator |  TASK [common : fix /etc/hosts] *************************************************
2016-11-05 19:11:37,067 p=28893 u=administrator |  ok: [vbox-srv]
2016-11-05 19:11:37,076 p=28893 u=administrator |  TASK [common : fix 127.0.1.1] **************************************************
2016-11-05 19:11:38,303 p=28893 u=administrator |  ok: [vbox-srv]
2016-11-05 19:11:38,312 p=28893 u=administrator |  TASK [common : add ansible repo key] *******************************************
2016-11-05 19:11:39,808 p=28893 u=administrator |  ok: [vbox-srv]
2016-11-05 19:11:39,817 p=28893 u=administrator |  TASK [common : add ansible repo mirror] ****************************************
2016-11-05 19:11:41,302 p=28893 u=administrator |  ok: [vbox-srv]
2016-11-05 19:11:41,310 p=28893 u=administrator |  TASK [common : install basic software] *****************************************
2016-11-05 19:11:53,361 p=28893 u=administrator |  changed: [vbox-srv] => (item=[u'ansible', u'byobu', u'collectd', u'curl', u'git', u'obnam', u'traceroute', u'unattended-upgrades', u'vim', u'whois'])
2016-11-05 19:11:53,381 p=28893 u=administrator |  TASK [common : vim saner defaults] *********************************************
2016-11-05 19:11:56,071 p=28893 u=administrator |  ok: [vbox-srv]
2016-11-05 19:11:56,079 p=28893 u=administrator |  TASK [common : vim saner defaults for administrator] ***************************
2016-11-05 19:11:58,528 p=28893 u=administrator |  ok: [vbox-srv]
2016-11-05 19:11:58,536 p=28893 u=administrator |  PLAY RECAP *********************************************************************
2016-11-05 19:11:58,536 p=28893 u=administrator |  vbox-srv                   : ok=13   changed=1    unreachable=0    failed=0   
