2016-11-06 17:10:37,688 p=26116 u=administrator |  statically included: /home/administrator/Documents/ansible/new/roles/desktop/tasks/lubuntu.yml
2016-11-06 17:10:37,706 p=26116 u=administrator |  statically included: /home/administrator/Documents/ansible/new/roles/desktop/tasks/lookandfeel.yml
2016-11-06 17:10:37,750 p=26116 u=administrator |  PLAY [vbox-srv] ****************************************************************
2016-11-06 17:10:37,838 p=26116 u=administrator |  TASK [setup] *******************************************************************
2016-11-06 17:10:39,733 p=26116 u=administrator |  ok: [vbox-srv]
2016-11-06 17:10:39,743 p=26116 u=administrator |  TASK [common : refresh the mirrors] ********************************************
2016-11-06 17:10:44,717 p=26116 u=administrator |  ok: [vbox-srv]
2016-11-06 17:10:44,726 p=26116 u=administrator |  TASK [common : install aptitude] ***********************************************
2016-11-06 17:10:46,773 p=26116 u=administrator |  ok: [vbox-srv]
2016-11-06 17:10:46,781 p=26116 u=administrator |  TASK [common : install apt-add-repository] *************************************
2016-11-06 17:10:48,485 p=26116 u=administrator |  ok: [vbox-srv]
2016-11-06 17:10:48,494 p=26116 u=administrator |  TASK [common : Set up ansible/cttb-os authorized_key] **************************
2016-11-06 17:10:49,906 p=26116 u=administrator |  ok: [vbox-srv] => (item=ssh-rsa AAAAB3NzaC1yc2EAAAADAQABAAACAQDYi3OOvRQAJnIZk+nTH15aJs0AOVSLaSN6TH+zrdyaRGk6XwrbvLoCiyGOveOt4TcwmOzgyrXg9p1Vy0gcd2pjN+fDbO07ftwPGtuSfbvShvnwYaRPzF1IcBEBMeml/e05Naw8Q0KhZbuGXnCHvEDM2QArw9qD/a77kEV9vxrhJaOUOFkdVx1gsU/dAjQikZzD+Sag7JhtSYIpZupA+YbD1K0dRYUdE9dm3yTUUFmWM3nCCpj8kpU+TWjFeG2M4ilWym7Y81tk3CgI3vzRZRkA395IZlpP1FKNjAlNsit8YuldRvgrYXjPH3TcM1XkLFL4k6EJTjwsM5oWC4o9TriFJRTN75MxGgs72tZcgwlN2W+qkGAGAAYMvSqCBPIXuVCp+3ixuECgnJ3pYq48x8J5DmTn6i93Q9eAv7Xj8B9shts8MlrwGzMBHqjEu/CFfJAHtsLmJ34vvfM0kTFp6Du/K7WnYAuBvB4agMSMBAKy3+9ij5r1+hOxEv7rPkJvlFTECYLvEmNGXOSthuKLEHarlAH21YB1+aP5GwdrypLlYifXYXbQyf/nc/sebyleA3yHs99OLxxW3SCFOqvWxRH7kV/i56Ei8JFxAASauQMy/jXT/FgnIKYae46c7ZJ9jTgfsrhZ1OSQ9oUqzyAS3ugUa5QW3uMEpfnXVxt/EnwnOw== ansible@cttb.us)
2016-11-06 17:10:49,915 p=26116 u=administrator |  TASK [common : install ntpd] ***************************************************
2016-11-06 17:10:49,951 p=26116 u=administrator |  skipping: [vbox-srv]
2016-11-06 17:10:49,961 p=26116 u=administrator |  TASK [common : enable ntp service] *********************************************
2016-11-06 17:10:49,998 p=26116 u=administrator |  skipping: [vbox-srv]
2016-11-06 17:10:50,007 p=26116 u=administrator |  TASK [common : ensure ntp is running] ******************************************
2016-11-06 17:10:50,048 p=26116 u=administrator |  skipping: [vbox-srv]
2016-11-06 17:10:50,058 p=26116 u=administrator |  TASK [common : remove net udev rule] *******************************************
2016-11-06 17:10:50,095 p=26116 u=administrator |  skipping: [vbox-srv]
2016-11-06 17:10:50,104 p=26116 u=administrator |  TASK [common : set hostname] ***************************************************
2016-11-06 17:10:51,504 p=26116 u=administrator |  ok: [vbox-srv]
2016-11-06 17:10:51,513 p=26116 u=administrator |  TASK [common : fix /etc/hosts] *************************************************
2016-11-06 17:10:52,840 p=26116 u=administrator |  ok: [vbox-srv]
2016-11-06 17:10:52,849 p=26116 u=administrator |  TASK [common : fix 127.0.1.1] **************************************************
2016-11-06 17:10:54,085 p=26116 u=administrator |  ok: [vbox-srv]
2016-11-06 17:10:54,094 p=26116 u=administrator |  TASK [common : add ansible repo key] *******************************************
2016-11-06 17:10:55,567 p=26116 u=administrator |  ok: [vbox-srv]
2016-11-06 17:10:55,575 p=26116 u=administrator |  TASK [common : add ansible repo mirror] ****************************************
2016-11-06 17:10:57,042 p=26116 u=administrator |  ok: [vbox-srv]
2016-11-06 17:10:57,051 p=26116 u=administrator |  TASK [common : install basic software] *****************************************
2016-11-06 17:11:00,356 p=26116 u=administrator |  changed: [vbox-srv] => (item=[u'ansible', u'byobu', u'collectd', u'curl', u'iperf', u'git', u'obnam', u'traceroute', u'unattended-upgrades', u'vim', u'whois'])
2016-11-06 17:11:00,367 p=26116 u=administrator |  TASK [common : vim saner defaults] *********************************************
2016-11-06 17:11:02,990 p=26116 u=administrator |  ok: [vbox-srv]
2016-11-06 17:11:02,998 p=26116 u=administrator |  TASK [common : vim saner defaults for administrator] ***************************
2016-11-06 17:11:05,457 p=26116 u=administrator |  ok: [vbox-srv]
2016-11-06 17:11:05,466 p=26116 u=administrator |  TASK [desktop : fix network interfaces] ****************************************
2016-11-06 17:11:08,543 p=26116 u=administrator |  changed: [vbox-srv]
2016-11-06 17:11:08,553 p=26116 u=administrator |  TASK [desktop : install lubuntu] ***********************************************
2016-11-06 17:14:02,444 p=26116 u=administrator |  changed: [vbox-srv] => (item=[u'lubuntu-core', u'desktop-file-utils', u'dmz-cursor-theme', u'evince', u'file-roller', u'galculator', u'indicator-application', u'indicator-application-gtk2', u'leafpad', u'light-locker', u'light-locker-settings', u'lightdm-gtk-greeter-settings', u'lubuntu-default-session', u'lxappearance', u'lxappearance-obconf', u'lxinput', u'lxlauncher', u'lxpanel-indicator-applet-plugin', u'lxrandr', u'lxsession-default-apps', u'lxsession-logout', u'lxshortcut', u'lxtask', u'lxterminal', u'obconf', u'pm-utils', u'scrot', u'simple-scan', u'xdg-user-dirs', u'xfce4-power-manager', u'xz-utils'])
2016-11-06 17:14:02,475 p=26116 u=administrator |  TASK [desktop : configure lightdm] *********************************************
2016-11-06 17:14:07,936 p=26116 u=administrator |  changed: [vbox-srv]
2016-11-06 17:14:07,945 p=26116 u=administrator |  TASK [desktop : configure pcmanfm main] ****************************************
2016-11-06 17:14:10,987 p=26116 u=administrator |  changed: [vbox-srv]
2016-11-06 17:14:10,996 p=26116 u=administrator |  TASK [desktop : setup default account files] ***********************************
2016-11-06 17:14:11,061 p=26116 u=administrator |  fatal: [vbox-srv]: FAILED! => {"failed": true, "msg": "the file_name '/home/administrator/Documents/ansible/new/plays/config/etc-skel' does not exist, or is not readable"}
2016-11-06 17:14:11,067 p=26116 u=administrator |  NO MORE HOSTS LEFT *************************************************************
2016-11-06 17:14:11,068 p=26116 u=administrator |  PLAY RECAP *********************************************************************
2016-11-06 17:14:11,068 p=26116 u=administrator |  vbox-srv                   : ok=17   changed=5    unreachable=0    failed=1   
